=== leg [rep2] start 2026-08-25T16:55:42Z ===
    Finished `release` profile [optimized] target(s) in 8.56s
     Running `target/release/examples/hybrid_invivo --window 2`
=== Session H: the in-vivo gate — the model's own activations drive the substrate ===
file    : models/Ternary-Bonsai-4B-Q2_0.gguf
reg.    : ISA sH (2026-08-19, attack-pass amended) — tiers, drive design frozen · step-5 arm: ON window r2

decode  : 262144 trits (D-2 slice path)
corpus  : evidence/corpus_readme_pinned.txt (12148 bytes)
tokens  : 4411 (vocab 151669)
drive   : window r2 — tokens [2000, 4000) of 4411 (2000 steps; init-400 = the window's own first 400, PREREG §4)
scaling : corpus RMS 0.0450 → k = 10007.65 μA/unit (target 450 μA)
k-check : r2 k 10007.65 == probe expectation 10007.65 : PASS
clamp   : 570467/818000 = 69.739% clamped at ±1000 μA  ⚠ ABOVE 10% — recorded caveat
          hottest dim 4 railed 1802× (90% of its steps)
hist    : |I| <100 247533 · 100–150 0 · 150–300 0 · 300–600 0 · >600/railed 570467 (per dim-step)

--- TIER 1: substrate gates (fixed weights, STDP off, in-vivo drive, CENTI grid) ---
  rates  E Hz (i/c/z): 20.46 / 20.50 / 20.40   I Hz: 124.97 / 125.20 / 125.00
  totals (i/c/z): 42478 / 42564 / 42434
  H(i,c)=42950  H(i,z)=30322  H(c,z)=33018   L1(i,c)=1366  L1(i,z)=934  L1(c,z)=858
  G2′ wire-liveness tripwire : PASS (weights borne in trains)
  G0  arrangement-vs-census : H(i,c) > H(i,z) → 42950 > 30322 : PASS — firing reads model arrangement

--- in-vivo adaptation (STDP on, γ=125, counters per the registration) ---
  learn firing : 45.82 Hz/neuron; quarters 42.43 46.13 48.06 46.65
  events 26800476 · flips 1233808 · pairing same-step 975544 · post-leads 7621624 · pre-leads 7621624
  bucket-transition census:
  −1→−1 ×       0  −1→ 0 ×  211379  −1→+1 ×       0
   0→−1 ×  189451   0→ 0 ×       0   0→+1 ×  415980
  +1→−1 ×       0  +1→ 0 ×  416998  +1→+1 ×       0
  raw drift intra -237321 · inter -5554185   absorbed intra -370987 · inter -7313032   APPLIED intra +133666 · inter +1758847
  Hamming vs imported: 73300/261632 = 0.2802
  intra meanΔ +0.0628 (41412) · inter meanΔ +0.0831 (220220) — data-driven classes; |Δ| floor 0.05
  mechanism label: [PAIRING-SELECTIVE, CLAMP-RECTIFIED — net-negative raw drift, 0-floor absorbs, applied residue potentiates]

--- Verdict (per the frozen registration) ---
  T1 G2′ tripwire   : PASS
  T1 G0 arrangement : PASS
  adaptation alive  : PASS (flips > 0)
  not collapsed     : PASS
  selective (descriptive — drift-liveness, classes dissolved): movement present
wall 22326.7s   peak RSS 6595 MB (budget 1536)

--- TIER-2 export (the shared harness surgery unit; S2 re-read on EVERY file) ---
  final: 73300 cells · code 42623 · scale 0 (must be 0) · S2 clean
  wrote models/Ternary-Bonsai-4B-Q2_0-invivo-r2.gguf — sha 10d0ca3a90036836677deada269c225c993b646520f4bfe6a059d6654976aa6e — fork judge next
    Finished `release` profile [optimized] target(s) in 13.67s
     Running `target/release/examples/step5_nulls --replicate 2`
=== step-5 nulls: replicate r2 — dose-matched shuffled-drift ×10 ===
orig    : models/Ternary-Bonsai-4B-Q2_0.gguf
ON      : models/Ternary-Bonsai-4B-Q2_0-invivo-r2.gguf
seeds   : [221, 222, 223, 224, 225, 226, 227, 228, 229, 230] (from evidence/step5-readout/null_seeds.txt; 231–240 escalation-reserved)
ON diff : 73300 cells; composition {(0, 1): 21928, (1, 2): 25177, (2, 1): 26195}
null-r2-s221: 73300 cells (exact dose) · S2 clean → models/null-r2-s221.gguf
null-r2-s222: 73300 cells (exact dose) · S2 clean → models/null-r2-s222.gguf
null-r2-s223: 73300 cells (exact dose) · S2 clean → models/null-r2-s223.gguf
null-r2-s224: 73300 cells (exact dose) · S2 clean → models/null-r2-s224.gguf
null-r2-s225: 73300 cells (exact dose) · S2 clean → models/null-r2-s225.gguf
null-r2-s226: 73300 cells (exact dose) · S2 clean → models/null-r2-s226.gguf
null-r2-s227: 73300 cells (exact dose) · S2 clean → models/null-r2-s227.gguf
null-r2-s228: 73300 cells (exact dose) · S2 clean → models/null-r2-s228.gguf
null-r2-s229: 73300 cells (exact dose) · S2 clean → models/null-r2-s229.gguf
null-r2-s230: 73300 cells (exact dose) · S2 clean → models/null-r2-s230.gguf
done — judge chains next (tools/run_prompts.sh, single-run per null).
judge models/null-r2-s221.gguf → evidence/step5-readout/burn/null-r2-s221/p0
judge models/null-r2-s221.gguf → evidence/step5-readout/burn/null-r2-s221/p1
judge models/null-r2-s221.gguf → evidence/step5-readout/burn/null-r2-s221/p2
judge models/null-r2-s221.gguf → evidence/step5-readout/burn/null-r2-s221/p3
judge models/null-r2-s221.gguf → evidence/step5-readout/burn/null-r2-s221/p4
judge chain done: evidence/step5-readout/burn/null-r2-s221 (single-run)
judge models/null-r2-s222.gguf → evidence/step5-readout/burn/null-r2-s222/p0
judge models/null-r2-s222.gguf → evidence/step5-readout/burn/null-r2-s222/p1
judge models/null-r2-s222.gguf → evidence/step5-readout/burn/null-r2-s222/p2
judge models/null-r2-s222.gguf → evidence/step5-readout/burn/null-r2-s222/p3
judge models/null-r2-s222.gguf → evidence/step5-readout/burn/null-r2-s222/p4
judge chain done: evidence/step5-readout/burn/null-r2-s222 (single-run)
judge models/null-r2-s223.gguf → evidence/step5-readout/burn/null-r2-s223/p0
judge models/null-r2-s223.gguf → evidence/step5-readout/burn/null-r2-s223/p1
judge models/null-r2-s223.gguf → evidence/step5-readout/burn/null-r2-s223/p2
judge models/null-r2-s223.gguf → evidence/step5-readout/burn/null-r2-s223/p3
judge models/null-r2-s223.gguf → evidence/step5-readout/burn/null-r2-s223/p4
judge chain done: evidence/step5-readout/burn/null-r2-s223 (single-run)
judge models/null-r2-s224.gguf → evidence/step5-readout/burn/null-r2-s224/p0
judge models/null-r2-s224.gguf → evidence/step5-readout/burn/null-r2-s224/p1
judge models/null-r2-s224.gguf → evidence/step5-readout/burn/null-r2-s224/p2
judge models/null-r2-s224.gguf → evidence/step5-readout/burn/null-r2-s224/p3
judge models/null-r2-s224.gguf → evidence/step5-readout/burn/null-r2-s224/p4
judge chain done: evidence/step5-readout/burn/null-r2-s224 (single-run)
judge models/null-r2-s225.gguf → evidence/step5-readout/burn/null-r2-s225/p0
judge models/null-r2-s225.gguf → evidence/step5-readout/burn/null-r2-s225/p1
judge models/null-r2-s225.gguf → evidence/step5-readout/burn/null-r2-s225/p2
judge models/null-r2-s225.gguf → evidence/step5-readout/burn/null-r2-s225/p3
judge models/null-r2-s225.gguf → evidence/step5-readout/burn/null-r2-s225/p4
judge chain done: evidence/step5-readout/burn/null-r2-s225 (single-run)
judge models/null-r2-s226.gguf → evidence/step5-readout/burn/null-r2-s226/p0
judge models/null-r2-s226.gguf → evidence/step5-readout/burn/null-r2-s226/p1
judge models/null-r2-s226.gguf → evidence/step5-readout/burn/null-r2-s226/p2
judge models/null-r2-s226.gguf → evidence/step5-readout/burn/null-r2-s226/p3
judge models/null-r2-s226.gguf → evidence/step5-readout/burn/null-r2-s226/p4
judge chain done: evidence/step5-readout/burn/null-r2-s226 (single-run)
judge models/null-r2-s227.gguf → evidence/step5-readout/burn/null-r2-s227/p0
judge models/null-r2-s227.gguf → evidence/step5-readout/burn/null-r2-s227/p1
judge models/null-r2-s227.gguf → evidence/step5-readout/burn/null-r2-s227/p2
judge models/null-r2-s227.gguf → evidence/step5-readout/burn/null-r2-s227/p3
judge models/null-r2-s227.gguf → evidence/step5-readout/burn/null-r2-s227/p4
judge chain done: evidence/step5-readout/burn/null-r2-s227 (single-run)
judge models/null-r2-s228.gguf → evidence/step5-readout/burn/null-r2-s228/p0
judge models/null-r2-s228.gguf → evidence/step5-readout/burn/null-r2-s228/p1
judge models/null-r2-s228.gguf → evidence/step5-readout/burn/null-r2-s228/p2
judge models/null-r2-s228.gguf → evidence/step5-readout/burn/null-r2-s228/p3
judge models/null-r2-s228.gguf → evidence/step5-readout/burn/null-r2-s228/p4
judge chain done: evidence/step5-readout/burn/null-r2-s228 (single-run)
judge models/null-r2-s229.gguf → evidence/step5-readout/burn/null-r2-s229/p0
judge models/null-r2-s229.gguf → evidence/step5-readout/burn/null-r2-s229/p1
judge models/null-r2-s229.gguf → evidence/step5-readout/burn/null-r2-s229/p2
judge models/null-r2-s229.gguf → evidence/step5-readout/burn/null-r2-s229/p3
judge models/null-r2-s229.gguf → evidence/step5-readout/burn/null-r2-s229/p4
judge chain done: evidence/step5-readout/burn/null-r2-s229 (single-run)
judge models/null-r2-s230.gguf → evidence/step5-readout/burn/null-r2-s230/p0
judge models/null-r2-s230.gguf → evidence/step5-readout/burn/null-r2-s230/p1
judge models/null-r2-s230.gguf → evidence/step5-readout/burn/null-r2-s230/p2
judge models/null-r2-s230.gguf → evidence/step5-readout/burn/null-r2-s230/p3
judge models/null-r2-s230.gguf → evidence/step5-readout/burn/null-r2-s230/p4
judge chain done: evidence/step5-readout/burn/null-r2-s230 (single-run)
judge models/Ternary-Bonsai-4B-Q2_0-invivo-r2.gguf → evidence/step5-readout/burn/on-r2/p0
judge models/Ternary-Bonsai-4B-Q2_0-invivo-r2.gguf → evidence/step5-readout/burn/on-r2/p1
judge models/Ternary-Bonsai-4B-Q2_0-invivo-r2.gguf → evidence/step5-readout/burn/on-r2/p2
judge models/Ternary-Bonsai-4B-Q2_0-invivo-r2.gguf → evidence/step5-readout/burn/on-r2/p3
judge models/Ternary-Bonsai-4B-Q2_0-invivo-r2.gguf → evidence/step5-readout/burn/on-r2/p4
judge chain done: evidence/step5-readout/burn/on-r2 (double-run)
=== leg [rep2] done 2026-08-25T23:41:24Z ===
