# bench_simd, alternated before/after the rounding fix — 2026-08-31, dev box (4 cores, AVX2), NOT idle: load 3.2–3.6, another session compiling
# before = examples/bench_simd built at main@f82fc1e (pre-branch), after = built at work/simd-hardening@1c5615a; binaries sha256 98bd2d796cb5cf7f / 0cd66b436eeaa01c
# run 1
built before from f82fc1e: 98bd2d796cb5cf7f
built after from 1c5615a: 0cd66b436eeaa01c
load: 3.62 2.77 2.51
=== round 1 before
  runtime SIMD support: Avx2
  │   N    │ scalar ns/step│ simd   ns/step│  speedup  │
  │     64 │         256.2 │         160.8 │    1.59x  │
  │    256 │         767.1 │         426.4 │    1.80x  │
  │   1024 │        2849.3 │        1595.0 │    1.79x  │
=== round 1 after
  runtime SIMD support: Avx2
  │   N    │ scalar ns/step│ simd   ns/step│  speedup  │
  │     64 │         211.0 │         125.3 │    1.68x  │
  │    256 │         659.5 │         468.4 │    1.41x  │
  │   1024 │        2627.5 │        1892.2 │    1.39x  │
=== round 2 before
  runtime SIMD support: Avx2
  │   N    │ scalar ns/step│ simd   ns/step│  speedup  │
  │     64 │         229.6 │         139.1 │    1.65x  │
  │    256 │         671.6 │         402.7 │    1.67x  │
  │   1024 │        2653.8 │        1753.2 │    1.51x  │
=== round 2 after
  runtime SIMD support: Avx2
  │   N    │ scalar ns/step│ simd   ns/step│  speedup  │
  │     64 │         209.5 │         175.7 │    1.19x  │
  │    256 │         775.6 │         622.8 │    1.25x  │
  │   1024 │        3089.4 │        1804.1 │    1.71x  │
=== round 3 before
  runtime SIMD support: Avx2
  │   N    │ scalar ns/step│ simd   ns/step│  speedup  │
  │     64 │         323.4 │         325.5 │    0.99x  │
  │    256 │         844.5 │         536.6 │    1.57x  │
  │   1024 │        3115.7 │        1647.7 │    1.89x  │
=== round 3 after
  runtime SIMD support: Avx2
  │   N    │ scalar ns/step│ simd   ns/step│  speedup  │
  │     64 │         198.4 │         182.6 │    1.09x  │
  │    256 │         671.3 │         492.0 │    1.36x  │
  │   1024 │        2632.1 │        1711.4 │    1.54x  │
DONE

# run 2 (same binaries)
load: 3.19 2.71 2.50
=== round 1 before
  │     64 │         348.8 │         148.5 │    2.35x  │
  │    256 │         830.7 │         534.3 │    1.55x  │
  │   1024 │        2870.1 │        1590.0 │    1.81x  │
=== round 1 after
  │     64 │         194.8 │         127.9 │    1.52x  │
  │    256 │         645.7 │         495.4 │    1.30x  │
  │   1024 │        2673.3 │        1732.2 │    1.54x  │
=== round 2 before
  │     64 │         260.9 │         142.2 │    1.83x  │
  │    256 │         766.8 │         391.6 │    1.96x  │
  │   1024 │        2615.6 │        1506.1 │    1.74x  │
=== round 2 after
  │     64 │         192.3 │         133.5 │    1.44x  │
  │    256 │         644.5 │         451.3 │    1.43x  │
  │   1024 │        2888.1 │        1699.3 │    1.70x  │
=== round 3 before
  │     64 │         227.4 │         107.0 │    2.13x  │
  │    256 │         660.6 │         399.6 │    1.65x  │
  │   1024 │        2674.4 │        1475.7 │    1.81x  │
=== round 3 after
  │     64 │         193.1 │         123.5 │    1.56x  │
  │    256 │         640.8 │         449.2 │    1.43x  │
  │   1024 │        2653.6 │        1711.4 │    1.55x  │
