I (100) esp_image: segment 3: paddr=00013284 vaddr=00000000 sizespike at 6671855 us (step 6645)
spike at 6740209 us (step 6713)
ESP-ROM:esp32c3-api1-20210207
Build:Feb  7 2021
rst:0x15 (USB_UART_CHIP_RESET),boot:0xd (SPI_FAST_FLASH_BOOT)
Saved PC:0x42012750
SPIWP:0xee
mode:DIO, clock div:2
load:0x3fcd5820,len:0x15c4
load:0x403cbf10,len:0xc84
load:0x403ce710,len:0x2fd0
entry 0x403cbf1a
I (24) boot: ESP-IDF v5.5.1-838-gd66ebb86d2e 2nd stage bootloader
I (25) boot: compile time Nov 26 2025 12:25:17
I (25) boot: chip revision: v0.4
I (26) boot: efuse block revision: v1.3
I (30) boot.esp32c3: SPI Speed      : 40MHz
I (34) boot.esp32c3: SPI Mode       : DIO
I (37) boot.esp32c3: SPI Flash Size : 4MB
I (41) boot: Enabling RNG early entropy source...
I (46) boot: Partition Table:
I (48) boot: ## Label            Usage          Type ST Offset   Length
I (54) boot:  0 nvs              WiFi data        01 02 00009000 00006000
I (61) boot:  1 phy_init         RF data          01 01 0000f000 00001000
I (67) boot:  2 factory          factory app      00 00 00010000 003f0000
I (74) boot: End of partition table
I (77) esp_image: segment 0: paddr=00010020 vaddr=3c000020 size=02268h (  8808) map
I (87) esp_image: segment 1: paddr=00012290 vaddr=3fc80cf8 size=002ech (   748) load
I (92) esp_image: segment 2: paddr=00012584 vaddr=40380000 size=00cf8h (  3320) load
I (100) esp_image: segment 3: paddr=00013284 vaddr=00000000 size=0cd94h ( 52628) 
I (118) esp_image: segment 4: paddr=00020020 vaddr=42010020 size=06d10h ( 27920) map
I (125) boot: Loaded app from partition at offset 0x10000
I (125) boot: Disabling RNG early entropy source...
neuralos-esp32c3: LIF neuron, centi-mV grid, dt=1000 us, input=160 uA
burst: 10000 steps in 28425 us -> 2842 ns/step, 147 spikes
spike at 56330 us (step 56)
spike at 124848 us (step 124)
spike at 192212 us (step 191)
spike at 259584 us (step 258)
spike at 327932 us (step 326)
spike at 397286 us (step 395)
spike at 464634 us (step 462)
spike at 531993 us (step 529)
spike at 599400 us (step 596)
spike at 668748 us (step 665)
spike at 736103 us (step 732)
spike at 803436 us (step 799)
spike at 871791 us (step 867)
spike at 941150 us (step 936)
spike at 1009565 us (step 1004)
spike at 1076930 us (step 1071)
spike at 1144268 us (step 1138)
spike at 1212625 us (step 1206)
spike at 1281986 us (step 1275)
spike at 1349330 us (step 1342)
spike at 1416677 us (step 1409)
spike at 1485027 us (step 1477)
spike at 1554382 us (step 1546)
spike at 1621728 us (step 1613)
spike at 1690091 us (step 1681)
spike at 1758432 us (step 1749)
spike at 1827796 us (step 1818)
spike at 1895130 us (step 1885)
spike at 1962563 us (step 1952)
spike at 2030961 us (step 2020)
spike at 2100320 us (step 2089)
spike at 2168665 us (step 2157)
spike at 2236017 us (step 2224)
spike at 2303455 us (step 2291)
spike at 2371797 us (step 2359)
spike at 2441148 us (step 2428)
spike at 2508590 us (step 2495)
spike at 2575942 us (step 2562)
spike at 2643302 us (step 2629)
spike at 2712659 us (step 2698)
spike at 2781010 us (step 2766)
spike at 2848563 us (step 2833)
spike at 2915907 us (step 2900)
spike at 2984257 us (step 2968)
spike at 3053643 us (step 3037)
spike at 3121982 us (step 3105)
spike at 3189333 us (step 3172)
spike at 3257688 us (step 3240)
spike at 3327043 us (step 3309)
spike at 3395395 us (step 3377)
spike at 3463743 us (step 3445)
spike at 3531145 us (step 3512)
spike at 3599495 us (step 3580)
spike at 3667851 us (step 3648)
spike at 3735197 us (step 3715)
spike at 3802610 us (step 3782)
spike at 3870955 us (step 3850)
spike at 3940305 us (step 3919)
spike at 4007649 us (step 3986)
spike at 4075019 us (step 4053)
spike at 4143485 us (step 4121)
spike at 4212841 us (step 4190)
spike at 4281175 us (step 4258)
spike at 4349608 us (step 4326)
spike at 4416950 us (step 4393)
spike at 4485327 us (step 4461)
spike at 4554688 us (step 4530)
spike at 4622037 us (step 4597)
spike at 4689386 us (step 4664)
spike at 4757893 us (step 4732)
spike at 4826236 us (step 4800)
spike at 4894664 us (step 4868)
spike at 4962030 us (step 4935)
spike at 5030374 us (step 5003)
spike at 5098715 us (step 5071)
spike at 5168071 us (step 5140)
spike at 5235415 us (step 5207)
spike at 5302770 us (step 5274)
spike at 5371124 us (step 5342)
spike at 5439471 us (step 5410)
spike at 5506826 us (step 5477)
spike at 5574177 us (step 5544)
spike at 5642535 us (step 5612)
spike at 5711881 us (step 5681)
spike at 5780228 us (step 5749)
spike at 5847648 us (step 5816)
spike at 5916007 us (step 5884)
spike at 5985363 us (step 5953)
spike at 6052709 us (step 6020)
spike at 6120061 us (step 6087)
spike at 6188419 us (step 6155)
spike at 6256761 us (step 6223)
spike at 6325121 us (step 6291)
spike at 6392460 us (step 6358)
spike at 6459817 us (step 6425)
spike at 6528178 us (step 6493)
spike at 6596526 us (step 6561)
spike at 6663873 us (step 6628)
spike at 6731216 us (step 6695)
spike at 6799680 us (step 6763)
spike at 6869040 us (step 6832)
spike at 6936394 us (step 6899)
spike at 7003766 us (step 6966)
spike at 7072137 us (step 7034)
spike at 7140693 us (step 7102)
spike at 7210034 us (step 7171)
spike at 7278382 us (step 7239)
spike at 7345730 us (step 7306)
spike at 7414081 us (step 7374)
spike at 7483438 us (step 7443)
spike at 7550788 us (step 7510)
spike at 7618139 us (step 7577)
spike at 7685486 us (step 7644)
spike at 7753844 us (step 7712)
spike at 7822193 us (step 7780)
spike at 7889544 us (step 7847)
spike at 7956896 us (step 7914)
spike at 8025244 us (step 7982)
spike at 8093673 us (step 8050)
spike at 8162027 us (step 8118)
spike at 8229386 us (step 8185)
spike at 8297727 us (step 8253)
spike at 8366078 us (step 8321)
spike at 8434582 us (step 8389)
spike at 8501931 us (step 8456)
spike at 8570290 us (step 8524)
spike at 8638702 us (step 8592)
spike at 8708061 us (step 8661)
spike at 8775418 us (step 8728)
spike at 8842771 us (step 8795)
spike at 8911163 us (step 8863)
spike at 8980517 us (step 8932)
spike at 9047863 us (step 8999)
spike at 9115216 us (step 9066)
spike at 9182565 us (step 9133)
spike at 9251918 us (step 9202)
spike at 9320279 us (step 9270)
spike at 9387693 us (step 9337)
spike at 9456041 us (step 9405)
spike at 9524403 us (step 9473)
spike at 9592757 us (step 9541)
spike at 9660091 us (step 9608)
spike at 9727451 us (step 9675)
spike at 9795836 us (step 9743)
spike at 9865186 us (step 9812)
spike at 9933532 us (step 9880)
spike at 10001031 us (step 9947)
spike at 10069378 us (step 10015)
spike at 10137762 us (step 10083)
spike at 10207116 us (step 10152)
spike at 10275461 us (step 10220)
spike at 10343820 us (step 10288)
spike at 10413163 us (step 10357)
spike at 10481518 us (step 10425)
spike at 10548859 us (step 10492)
spike at 10616213 us (step 10559)
spike at 10684572 us (step 10627)
spike at 10752915 us (step 10695)
spike at 10821278 us (step 10763)
spike at 10888704 us (step 10830)
spike at 10957047 us (step 10898)
spike at 11026411 us (step 10967)
spike at 11093770 us (step 11034)
spike at 11161123 us (step 11101)
spike at 11229492 us (step 11169)
spike at 11298860 us (step 11238)
spike at 11367212 us (step 11306)
spike at 11434552 us (step 11373)
spike at 11502911 us (step 11441)
spike at 11572269 us (step 11510)
spike at 11640608 us (step 11578)
spike at 11707961 us (step 11645)
spike at 11776311 us (step 11713)
spike at 11845760 us (step 11782)
spike at 11914115 us (step 11850)
spike at 11981459 us (step 11917)
spike at 12048816 us (step 11984)
spike at 12117168 us (step 12052)
spike at 12185518 us (step 12120)
spike at 12252885 us (step 12187)
spike at 12320238 us (step 12254)
spike at 12388601 us (step 12322)
spike at 12457952 us (step 12391)
spike at 12525297 us (step 12458)
spike at 12593737 us (step 12526)
spike at 12662075 us (step 12594)
spike at 12731432 us (step 12663)
spike at 12799806 us (step 12731)
spike at 12868159 us (step 12799)
spike at 12936505 us (step 12867)
spike at 13005866 us (step 12936)
spike at 13074219 us (step 13004)
spike at 13141563 us (step 13071)
spike at 13209918 us (step 13139)
spike at 13278265 us (step 13207)
spike at 13346621 us (step 13275)
spike at 13413973 us (step 13342)
spike at 13481322 us (step 13409)
spike at 13550672 us (step 13478)
spike at 13620178 us (step 13547)
spike at 13687524 us (step 13614)
spike at 13754865 us (step 13681)
spike at 13823236 us (step 13749)
spike at 13892606 us (step 13818)
spike at 13960946 us (step 13886)
spike at 14028305 us (step 13953)
spike at 14096656 us (step 14021)
spike at 14166003 us (step 14090)
spike at 14233349 us (step 14157)
spike at 14300778 us (step 14224)
spike at 14368244 us (step 14291)
spike at 14436589 us (step 14359)
spike at 14505942 us (step 14428)
spike at 14574294 us (step 14496)
spike at 14641637 us (step 14563)
spike at 14709988 us (step 14631)
spike at 14779354 us (step 14700)
spike at 14847791 us (step 14768)
spike at 14915142 us (step 14835)
spike at 14982493 us (step 14902)
spike at 15051845 us (step 14971)
spike at 15119198 us (step 15038)
spike at 15186547 us (step 15105)
spike at 15254936 us (step 15173)
spike at 15323278 us (step 15241)
spike at 15391626 us (step 15309)
spike at 15458971 us (step 15376)
spike at 15527331 us (step 15444)
spike at 15595790 us (step 15512)
spike at 15665137 us (step 15581)
spike at 15732473 us (step 15648)
spike at 15799862 us (step 15715)
spike at 15868206 us (step 15783)
spike at 15937567 us (step 15852)
spike at 16004902 us (step 15919)
spike at 16072297 us (step 15986)
spike at 16139640 us (step 16053)
spike at 16208999 us (step 16122)
spike at 16276337 us (step 16189)
spike at 16343690 us (step 16256)
spike at 16412047 us (step 16324)
spike at 16480405 us (step 16392)
spike at 16549826 us (step 16461)
spike at 16617171 us (step 16528)
spike at 16684520 us (step 16595)
spike at 16752871 us (step 16663)
spike at 16822235 us (step 16732)
spike at 16889572 us (step 16799)
spike at 16957924 us (step 16867)
spike at 17026274 us (step 16935)
spike at 17095637 us (step 17004)
spike at 17164137 us (step 17072)
spike at 17232626 us (step 17140)
spike at 17299978 us (step 17207)
spike at 17368335 us (step 17275)
spike at 17437694 us (step 17344)
spike at 17506193 us (step 17412)
spike at 17573538 us (step 17479)
spike at 17640889 us (step 17546)
spike at 17709244 us (step 17614)
spike at 17778614 us (step 17683)
spike at 17847012 us (step 17751)
spike at 17914365 us (step 17818)
spike at 17982722 us (step 17886)
spike at 18051206 us (step 17954)
spike at 18119553 us (step 18022)
spike at 18186896 us (step 18089)
spike at 18254244 us (step 18156)
spike at 18322644 us (step 18224)
spike at 18392161 us (step 18293)
spike at 18459501 us (step 18360)
spike at 18527901 us (step 18428)
spike at 18595257 us (step 18495)
spike at 18663613 us (step 18563)
spike at 18731965 us (step 18631)
spike at 18800306 us (step 18699)
spike at 18867708 us (step 18766)
spike at 18936067 us (step 18834)
spike at 19005417 us (step 18903)
spike at 19073765 us (step 18971)
spike at 19141110 us (step 19038)
spike at 19209472 us (step 19106)
spike at 19278914 us (step 19175)
spike at 19347281 us (step 19243)
spike at 19414619 us (step 19310)
spike at 19481968 us (step 19377)
spike at 19551329 us (step 19446)
spike at 19618675 us (step 19513)
spike at 19686025 us (step 19580)
spike at 19754373 us (step 19648)
spike at 19822733 us (step 19716)
spike at 19892250 us (step 19785)
spike at 19959615 us (step 19852)
spike at 20026956 us (step 19919)
spike at 20095308 us (step 19987)
