I (100) esp_image: segment 3: paddr=0001314c vaddr=00000000 sizespike at 189696 us (step 189)
ESP-ROM:esp32c3-api1-20210207
Build:Feb  7 2021
rst:0x15 (USB_UART_CHIP_RESET),boot:0xd (SPI_FAST_FLASH_BOOT)
Saved PC:0x42012fcc
SPIWP:0xee
mode:DIO, clock div:2
load:0x3fcd5820,len:0x15c4
load:0x403cbf10,len:0xc84
load:0x403ce710,len:0x2fd0
entry 0x403cbf1a
I (24) boot: ESP-IDF v5.5.1-838-gd66ebb86d2e 2nd stage bootloader
I (25) boot: compile time Nov 26 2025 12:25:17
I (25) boot: chip revision: v0.4
I (26) boot: efuse block revision: v1.3
I (30) boot.esp32c3: SPI Speed      : 40MHz
I (34) boot.esp32c3: SPI Mode       : DIO
I (37) boot.esp32c3: SPI Flash Size : 4MB
I (41) boot: Enabling RNG early entropy source...
I (46) boot: Partition Table:
I (48) boot: ## Label            Usage          Type ST Offset   Length
I (54) boot:  0 nvs              WiFi data        01 02 00009000 00006000
I (61) boot:  1 phy_init         RF data          01 01 0000f000 00001000
I (67) boot:  2 factory          factory app      00 00 00010000 003f0000
I (74) boot: End of partition table
I (77) esp_image: segment 0: paddr=00010020 vaddr=3c000020 size=0229ch (  8860) map
I (87) esp_image: segment 1: paddr=000122c4 vaddr=3fc80bec size=0028ch (   652) load
I (92) esp_image: segment 2: paddr=00012558 vaddr=40380000 size=00bech (  3052) load
I (100) esp_image: segment 3: paddr=0001314c vaddr=00000000 size=0cecch ( 52940) 
I (118) esp_image: segment 4: paddr=00020020 vaddr=42010020 size=07338h ( 29496) map
I (125) boot: Loaded app from partition at offset 0x10000
I (126) boot: Disabling RNG early entropy source...
neuralos-esp32c3: LIF neuron, centi-mV grid, dt=1000 us, input=160 uA
burst free: 10000 steps in 5694 us -> 569 ns/step, 147 spikes, first spike step 55, checksum 0b78b456
burst pinned: 10000 steps in 15856 us -> 1585 ns/step, 147 spikes, first spike step 55, checksum 0b78b456
spike at 59276 us (step 59)
spike at 128594 us (step 128)
spike at 193838 us (step 193)
spike at 263079 us (step 262)
spike at 328326 us (step 327)
spike at 396573 us (step 395)
spike at 461823 us (step 460)
spike at 527073 us (step 525)
spike at 592323 us (step 590)
spike at 657579 us (step 655)
spike at 722845 us (step 720)
spike at 791089 us (step 788)
spike at 859340 us (step 856)
spike at 929597 us (step 926)
spike at 998847 us (step 995)
spike at 1067089 us (step 1063)
spike at 1133341 us (step 1129)
spike at 1197586 us (step 1193)
spike at 1262836 us (step 1258)
spike at 1334108 us (step 1329)
spike at 1405361 us (step 1400)
spike at 1470594 us (step 1465)
spike at 1539855 us (step 1534)
spike at 1605097 us (step 1599)
spike at 1670347 us (step 1664)
spike at 1735599 us (step 1729)
spike at 1800849 us (step 1794)
spike at 1869112 us (step 1862)
spike at 1934370 us (step 1927)
spike at 2000605 us (step 1993)
spike at 2071890 us (step 2064)
spike at 2141142 us (step 2133)
spike at 2207378 us (step 2199)
spike at 2276645 us (step 2268)
spike at 2341889 us (step 2333)
spike at 2412255 us (step 2403)
spike at 2479489 us (step 2470)
spike at 2547808 us (step 2538)
spike at 2617077 us (step 2607)
spike at 2686323 us (step 2676)
spike at 2755582 us (step 2745)
spike at 2821849 us (step 2811)
spike at 2887089 us (step 2876)
spike at 2956397 us (step 2945)
spike at 3021651 us (step 3010)
spike at 3089910 us (step 3078)
spike at 3157216 us (step 3145)
spike at 3222453 us (step 3210)
spike at 3287705 us (step 3275)
spike at 3352957 us (step 3340)
spike at 3422348 us (step 3409)
spike at 3488587 us (step 3475)
spike at 3557868 us (step 3544)
spike at 3626137 us (step 3612)
spike at 3696398 us (step 3682)
spike at 3761832 us (step 3747)
spike at 3827084 us (step 3812)
spike at 3900355 us (step 3885)
spike at 3970609 us (step 3955)
spike at 4043887 us (step 4028)
spike at 4114160 us (step 4098)
spike at 4180399 us (step 4164)
spike at 4249646 us (step 4233)
spike at 4315917 us (step 4299)
spike at 4384182 us (step 4367)
spike at 4452434 us (step 4435)
spike at 4521686 us (step 4504)
spike at 4588080 us (step 4570)
spike at 4655465 us (step 4637)
spike at 4723715 us (step 4705)
spike at 4793969 us (step 4775)
spike at 4863368 us (step 4844)
spike at 4928612 us (step 4909)
spike at 4993886 us (step 4974)
spike at 5065156 us (step 5045)
spike at 5134424 us (step 5114)
spike at 5203674 us (step 5183)
spike at 5272924 us (step 5252)
spike at 5341181 us (step 5320)
spike at 5407440 us (step 5386)
spike at 5474695 us (step 5453)
spike at 5542965 us (step 5521)
spike at 5609226 us (step 5587)
spike at 5675469 us (step 5653)
spike at 5743737 us (step 5721)
spike at 5813983 us (step 5791)
spike at 5879274 us (step 5856)
spike at 5948540 us (step 5925)
spike at 6013852 us (step 5990)
spike at 6079102 us (step 6055)
spike at 6144354 us (step 6120)
spike at 6209624 us (step 6185)
spike at 6274904 us (step 6250)
spike at 6341320 us (step 6316)
spike at 6409561 us (step 6384)
spike at 6477885 us (step 6452)
spike at 6547152 us (step 6521)
spike at 6612392 us (step 6586)
spike at 6681654 us (step 6655)
spike at 6746918 us (step 6720)
spike at 6818186 us (step 6791)
spike at 6886423 us (step 6859)
spike at 6952675 us (step 6925)
spike at 7024941 us (step 6997)
spike at 7093211 us (step 7065)
spike at 7163460 us (step 7135)
spike at 7236776 us (step 7208)
spike at 7309196 us (step 7280)
spike at 7374432 us (step 7345)
spike at 7441690 us (step 7412)
spike at 7510942 us (step 7481)
spike at 7581332 us (step 7551)
spike at 7648595 us (step 7618)
spike at 7716924 us (step 7686)
spike at 7786225 us (step 7755)
spike at 7858476 us (step 7827)
spike at 7923709 us (step 7892)
spike at 7988980 us (step 7957)
spike at 8058222 us (step 8026)
spike at 8126526 us (step 8094)
spike at 8196779 us (step 8164)
spike at 8264017 us (step 8231)
spike at 8333312 us (step 8300)
spike at 8403562 us (step 8370)
spike at 8470802 us (step 8437)
spike at 8536118 us (step 8502)
spike at 8606365 us (step 8572)
spike at 8671604 us (step 8637)
spike at 8740927 us (step 8706)
spike at 8807180 us (step 8772)
spike at 8874437 us (step 8839)
spike at 8942723 us (step 8907)
spike at 9012974 us (step 8977)
spike at 9082218 us (step 9046)
spike at 9147596 us (step 9111)
spike at 9216929 us (step 9180)
spike at 9286171 us (step 9249)
spike at 9354422 us (step 9317)
spike at 9419669 us (step 9382)
spike at 9488978 us (step 9451)
spike at 9557358 us (step 9519)
spike at 9626601 us (step 9588)
spike at 9692924 us (step 9654)
spike at 9764184 us (step 9725)
spike at 9833483 us (step 9794)
spike at 9899732 us (step 9860)
spike at 9971986 us (step 9932)
spike at 10037261 us (step 9997)
spike at 10107582 us (step 10067)
spike at 10175834 us (step 10135)
spike at 10244095 us (step 10203)
spike at 10313341 us (step 10272)
spike at 10379718 us (step 10338)
spike at 10454009 us (step 10412)
spike at 10519256 us (step 10477)
spike at 10586521 us (step 10544)
spike at 10659788 us (step 10617)
spike at 10726047 us (step 10683)
spike at 10794304 us (step 10751)
spike at 10865554 us (step 10822)
spike at 10936803 us (step 10893)
spike at 11010107 us (step 10966)
spike at 11076354 us (step 11032)
spike at 11142657 us (step 11098)
spike at 11209970 us (step 11165)
spike at 11279234 us (step 11234)
spike at 11347488 us (step 11302)
spike at 11415738 us (step 11370)
spike at 11485016 us (step 11439)
spike at 11556265 us (step 11510)
spike at 11621508 us (step 11575)
spike at 11686958 us (step 11640)
spike at 11757221 us (step 11710)
spike at 11822472 us (step 11775)
spike at 11890718 us (step 11843)
spike at 11957014 us (step 11909)
spike at 12023385 us (step 11975)
spike at 12088642 us (step 12040)
spike at 12157990 us (step 12109)
spike at 12224246 us (step 12175)
spike at 12290497 us (step 12241)
spike at 12359762 us (step 12310)
spike at 12429036 us (step 12379)
spike at 12494330 us (step 12444)
spike at 12567613 us (step 12517)
spike at 12637869 us (step 12587)
spike at 12711125 us (step 12660)
spike at 12783533 us (step 12732)
spike at 12849784 us (step 12798)
spike at 12917043 us (step 12865)
spike at 12982277 us (step 12930)
spike at 13048611 us (step 12996)
spike at 13114864 us (step 13062)
spike at 13184125 us (step 13131)
spike at 13250381 us (step 13197)
spike at 13318650 us (step 13265)
spike at 13391914 us (step 13338)
spike at 13458167 us (step 13404)
spike at 13523485 us (step 13469)
spike at 13591726 us (step 13537)
spike at 13661059 us (step 13606)
spike at 13732316 us (step 13677)
spike at 13800579 us (step 13745)
spike at 13866822 us (step 13811)
spike at 13933089 us (step 13877)
spike at 14006344 us (step 13950)
spike at 14075617 us (step 14019)
spike at 14147867 us (step 14091)
spike at 14216105 us (step 14159)
spike at 14286364 us (step 14229)
spike at 14359692 us (step 14302)
spike at 14427010 us (step 14369)
spike at 14493271 us (step 14435)
spike at 14566525 us (step 14508)
spike at 14632764 us (step 14574)
spike at 14698068 us (step 14639)
spike at 14763470 us (step 14704)
spike at 14828716 us (step 14769)
spike at 14900046 us (step 14840)
spike at 14968432 us (step 14908)
spike at 15041717 us (step 14981)
spike at 15113050 us (step 15052)
spike at 15183442 us (step 15122)
spike at 15251710 us (step 15190)
spike at 15317027 us (step 15255)
spike at 15382429 us (step 15320)
spike at 15450681 us (step 15388)
spike at 15518017 us (step 15455)
spike at 15583257 us (step 15520)
spike at 15653652 us (step 15590)
spike at 15724923 us (step 15661)
spike at 15797182 us (step 15733)
spike at 15863436 us (step 15799)
spike at 15928691 us (step 15864)
spike at 15993941 us (step 15929)
spike at 16060185 us (step 15995)
spike at 16131449 us (step 16066)
spike at 16199750 us (step 16134)
spike at 16267094 us (step 16201)
spike at 16337510 us (step 16271)
spike at 16402779 us (step 16336)
spike at 16471107 us (step 16404)
spike at 16537352 us (step 16470)
spike at 16605743 us (step 16538)
spike at 16674073 us (step 16606)
spike at 16739331 us (step 16671)
spike at 16808652 us (step 16740)
spike at 16872904 us (step 16804)
spike at 16941315 us (step 16872)
spike at 17009686 us (step 16940)
spike at 17075945 us (step 17006)
spike at 17145189 us (step 17075)
spike at 17210433 us (step 17140)
spike at 17280696 us (step 17210)
spike at 17352958 us (step 17282)
spike at 17422243 us (step 17351)
spike at 17493506 us (step 17422)
spike at 17562755 us (step 17491)
spike at 17630074 us (step 17558)
spike at 17698331 us (step 17626)
spike at 17765707 us (step 17693)
spike at 17837965 us (step 17765)
spike at 17904200 us (step 17831)
spike at 17972609 us (step 17899)
spike at 18037851 us (step 17964)
spike at 18104131 us (step 18030)
spike at 18169511 us (step 18095)
spike at 18238761 us (step 18164)
spike at 18304079 us (step 18229)
spike at 18369335 us (step 18294)
spike at 18434581 us (step 18359)
spike at 18499839 us (step 18424)
spike at 18565139 us (step 18489)
spike at 18631389 us (step 18555)
spike at 18698644 us (step 18622)
spike at 18771911 us (step 18695)
spike at 18841175 us (step 18764)
spike at 18910427 us (step 18833)
spike at 18980677 us (step 18903)
spike at 19046924 us (step 18969)
spike at 19120193 us (step 19042)
spike at 19185580 us (step 19107)
spike at 19250817 us (step 19172)
spike at 19316157 us (step 19237)
spike at 19385407 us (step 19306)
spike at 19450697 us (step 19371)
spike at 19521963 us (step 19442)
spike at 19591217 us (step 19511)
spike at 19657478 us (step 19577)
spike at 19725741 us (step 19645)
spike at 19793987 us (step 19713)
spike at 19863246 us (step 19782)
spike at 19930488 us (step 19849)
spike at 19995871 us (step 19914)
spike at 20063166 us (step 19981)
