I (100) esp_image: segment 3: paddr=0001324c vaddr=00000000 sizespike at 20590522 us (step 20547)
ESP-ROM:esp32c3-api1-20210207
Build:Feb  7 2021
rst:0x15 (USB_UART_CHIP_RESET),boot:0xd (SPI_FAST_FLASH_BOOT)
Saved PC:0x42012da0
SPIWP:0xee
mode:DIO, clock div:2
load:0x3fcd5820,len:0x15c4
load:0x403cbf10,len:0xc84
load:0x403ce710,len:0x2fd0
entry 0x403cbf1a
I (24) boot: ESP-IDF v5.5.1-838-gd66ebb86d2e 2nd stage bootloader
I (25) boot: compile time Nov 26 2025 12:25:17
I (25) boot: chip revision: v0.4
I (26) boot: efuse block revision: v1.3
I (30) boot.esp32c3: SPI Speed      : 40MHz
I (34) boot.esp32c3: SPI Mode       : DIO
I (37) boot.esp32c3: SPI Flash Size : 4MB
I (41) boot: Enabling RNG early entropy source...
I (46) boot: Partition Table:
I (48) boot: ## Label            Usage          Type ST Offset   Length
I (54) boot:  0 nvs              WiFi data        01 02 00009000 00006000
I (61) boot:  1 phy_init         RF data          01 01 0000f000 00001000
I (67) boot:  2 factory          factory app      00 00 00010000 003f0000
I (74) boot: End of partition table
I (77) esp_image: segment 0: paddr=00010020 vaddr=3c000020 size=0222ch (  8748) map
I (87) esp_image: segment 1: paddr=00012254 vaddr=3fc80cf8 size=002f0h (   752) load
I (92) esp_image: segment 2: paddr=0001254c vaddr=40380000 size=00cf8h (  3320) load
I (100) esp_image: segment 3: paddr=0001324c vaddr=00000000 size=0cdcch ( 52684) 
I (118) esp_image: segment 4: paddr=00020020 vaddr=42010020 size=0739ch ( 29596) map
I (125) boot: Loaded app from partition at offset 0x10000
I (126) boot: Disabling RNG early entropy source...
neuralos-esp32c3: LIF neuron, centi-mV grid, dt=1000 us, input=160 uA
burst free: 10000 steps in 5636 us -> 563 ns/step, 147 spikes, first spike step 55, checksum 0b78b456
burst pinned: 10000 steps in 15797 us -> 1579 ns/step, 147 spikes, first spike step 55, checksum 0b78b456
spike at 56241 us (step 56)
spike at 123524 us (step 123)
spike at 191741 us (step 191)
spike at 259967 us (step 259)
spike at 327191 us (step 326)
spike at 395420 us (step 394)
spike at 463644 us (step 462)
spike at 530919 us (step 529)
spike at 600147 us (step 598)
spike at 668380 us (step 666)
spike at 735616 us (step 733)
spike at 804898 us (step 802)
spike at 873164 us (step 870)
spike at 941385 us (step 938)
spike at 1009601 us (step 1006)
spike at 1076897 us (step 1073)
spike at 1145109 us (step 1141)
spike at 1214341 us (step 1210)
spike at 1281562 us (step 1277)
spike at 1349790 us (step 1345)
spike at 1417021 us (step 1412)
spike at 1484236 us (step 1479)
spike at 1553495 us (step 1548)
spike at 1621712 us (step 1616)
spike at 1689939 us (step 1684)
spike at 1759166 us (step 1753)
spike at 1827394 us (step 1821)
spike at 1895616 us (step 1889)
spike at 1963916 us (step 1957)
spike at 2031117 us (step 2024)
spike at 2099329 us (step 2092)
spike at 2166555 us (step 2159)
spike at 2233771 us (step 2226)
spike at 2302989 us (step 2295)
spike at 2371202 us (step 2363)
spike at 2439434 us (step 2431)
spike at 2507656 us (step 2499)
spike at 2574981 us (step 2566)
spike at 2643240 us (step 2634)
spike at 2711465 us (step 2702)
spike at 2778690 us (step 2769)
spike at 2846963 us (step 2837)
spike at 2915216 us (step 2905)
spike at 2982487 us (step 2972)
spike at 3050715 us (step 3040)
spike at 3118964 us (step 3108)
spike at 3186197 us (step 3175)
spike at 3253572 us (step 3242)
spike at 3321800 us (step 3310)
spike at 3389016 us (step 3377)
spike at 3457221 us (step 3445)
spike at 3525447 us (step 3513)
spike at 3592669 us (step 3580)
spike at 3661946 us (step 3649)
spike at 3729156 us (step 3716)
spike at 3797380 us (step 3784)
spike at 3866714 us (step 3853)
spike at 3933976 us (step 3920)
spike at 4001218 us (step 3987)
spike at 4070433 us (step 4056)
spike at 4138655 us (step 4124)
spike at 4206956 us (step 4192)
spike at 4276188 us (step 4261)
spike at 4344453 us (step 4329)
spike at 4412663 us (step 4397)
spike at 4480956 us (step 4465)
spike at 4548306 us (step 4532)
spike at 4616522 us (step 4600)
spike at 4685751 us (step 4669)
spike at 4752994 us (step 4736)
spike at 4820388 us (step 4803)
spike at 4889637 us (step 4872)
spike at 4957853 us (step 4940)
spike at 5025085 us (step 5007)
spike at 5093299 us (step 5075)
spike at 5161524 us (step 5143)
spike at 5229763 us (step 5211)
spike at 5298008 us (step 5279)
spike at 5365381 us (step 5346)
spike at 5432735 us (step 5413)
spike at 5502008 us (step 5482)
spike at 5569236 us (step 5549)
spike at 5637454 us (step 5617)
spike at 5705693 us (step 5685)
spike at 5772978 us (step 5752)
spike at 5841183 us (step 5820)
spike at 5909415 us (step 5888)
spike at 5976638 us (step 5955)
spike at 6044863 us (step 6023)
spike at 6112096 us (step 6090)
spike at 6179323 us (step 6157)
spike at 6248547 us (step 6226)
spike at 6315773 us (step 6293)
spike at 6383016 us (step 6360)
spike at 6452233 us (step 6429)
spike at 6520454 us (step 6497)
spike at 6587754 us (step 6564)
spike at 6657032 us (step 6633)
spike at 6724257 us (step 6700)
spike at 6792488 us (step 6768)
spike at 6860705 us (step 6836)
spike at 6929001 us (step 6904)
spike at 6997212 us (step 6972)
spike at 7065437 us (step 7040)
spike at 7132664 us (step 7107)
spike at 7201889 us (step 7176)
spike at 7270116 us (step 7244)
spike at 7338505 us (step 7312)
spike at 7406787 us (step 7380)
spike at 7475046 us (step 7448)
spike at 7543267 us (step 7516)
spike at 7611490 us (step 7584)
spike at 7679724 us (step 7652)
spike at 7747010 us (step 7719)
spike at 7816237 us (step 7788)
spike at 7884449 us (step 7856)
spike at 7952672 us (step 7924)
spike at 8021988 us (step 7993)
spike at 8090206 us (step 8061)
spike at 8158594 us (step 8129)
spike at 8226808 us (step 8197)
spike at 8294057 us (step 8264)
spike at 8362275 us (step 8332)
spike at 8430479 us (step 8400)
spike at 8497813 us (step 8467)
spike at 8566065 us (step 8535)
spike at 8634286 us (step 8603)
spike at 8701516 us (step 8670)
spike at 8769738 us (step 8738)
spike at 8838030 us (step 8806)
spike at 8905239 us (step 8873)
spike at 8974466 us (step 8942)
spike at 9042784 us (step 9010)
spike at 9110065 us (step 9077)
spike at 9178433 us (step 9145)
spike at 9246645 us (step 9213)
spike at 9313869 us (step 9280)
spike at 9382105 us (step 9348)
spike at 9450329 us (step 9416)
spike at 9517553 us (step 9483)
spike at 9585863 us (step 9551)
spike at 9654082 us (step 9619)
spike at 9721306 us (step 9686)
spike at 9790535 us (step 9755)
spike at 9858755 us (step 9823)
spike at 9926067 us (step 9890)
spike at 9995283 us (step 9959)
spike at 10062528 us (step 10026)
spike at 10130739 us (step 10094)
spike at 10199039 us (step 10162)
spike at 10267261 us (step 10230)
spike at 10335490 us (step 10298)
spike at 10403721 us (step 10366)
spike at 10471028 us (step 10433)
spike at 10539243 us (step 10501)
spike at 10608605 us (step 10570)
spike at 10675820 us (step 10637)
spike at 10744096 us (step 10705)
spike at 10812323 us (step 10773)
spike at 10880706 us (step 10841)
spike at 10948926 us (step 10909)
spike at 11017156 us (step 10977)
spike at 11084376 us (step 11044)
spike at 11152610 us (step 11112)
spike at 11220831 us (step 11180)
spike at 11288111 us (step 11247)
spike at 11356327 us (step 11315)
spike at 11423561 us (step 11382)
spike at 11490778 us (step 11449)
spike at 11559064 us (step 11517)
spike at 11626288 us (step 11584)
spike at 11694518 us (step 11652)
spike at 11762737 us (step 11720)
spike at 11830960 us (step 11788)
spike at 11899208 us (step 11856)
spike at 11967418 us (step 11924)
spike at 12034647 us (step 11991)
spike at 12102867 us (step 12059)
spike at 12171124 us (step 12127)
spike at 12239346 us (step 12195)
spike at 12308588 us (step 12264)
spike at 12375866 us (step 12331)
spike at 12444128 us (step 12399)
spike at 12512361 us (step 12467)
spike at 12580583 us (step 12535)
spike at 12647854 us (step 12602)
spike at 12716137 us (step 12670)
spike at 12783353 us (step 12737)
spike at 12851588 us (step 12805)
spike at 12920919 us (step 12874)
spike at 12988133 us (step 12941)
spike at 13056503 us (step 13009)
spike at 13125711 us (step 13078)
spike at 13192939 us (step 13145)
spike at 13261169 us (step 13213)
spike at 13330399 us (step 13282)
spike at 13397689 us (step 13349)
spike at 13465923 us (step 13417)
spike at 13534153 us (step 13485)
spike at 13601377 us (step 13552)
spike at 13669593 us (step 13620)
spike at 13737828 us (step 13688)
spike at 13806115 us (step 13756)
spike at 13874349 us (step 13824)
spike at 13942582 us (step 13892)
spike at 14009800 us (step 13959)
spike at 14078103 us (step 14027)
spike at 14145326 us (step 14094)
spike at 14213554 us (step 14162)
spike at 14281950 us (step 14230)
spike at 14350164 us (step 14298)
spike at 14418380 us (step 14366)
spike at 14486777 us (step 14434)
spike at 14554988 us (step 14502)
spike at 14622257 us (step 14569)
spike at 14690493 us (step 14637)
spike at 14758808 us (step 14705)
spike at 14826013 us (step 14772)
spike at 14894252 us (step 14840)
spike at 14961493 us (step 14907)
spike at 15028716 us (step 14974)
spike at 15097956 us (step 15043)
spike at 15165174 us (step 15110)
spike at 15232401 us (step 15177)
spike at 15300758 us (step 15245)
spike at 15368976 us (step 15313)
spike at 15436204 us (step 15380)
spike at 15505433 us (step 15449)
spike at 15572649 us (step 15516)
spike at 15639882 us (step 15583)
spike at 15709198 us (step 15652)
spike at 15777406 us (step 15720)
spike at 15845644 us (step 15788)
spike at 15913860 us (step 15856)
spike at 15981151 us (step 15923)
spike at 16049357 us (step 15991)
spike at 16117591 us (step 16059)
spike at 16185969 us (step 16127)
spike at 16254195 us (step 16195)
spike at 16322416 us (step 16263)
spike at 16390647 us (step 16331)
spike at 16458925 us (step 16399)
spike at 16527194 us (step 16467)
spike at 16595423 us (step 16535)
spike at 16663654 us (step 16603)
spike at 16731878 us (step 16671)
spike at 16799165 us (step 16738)
spike at 16868377 us (step 16807)
spike at 16936606 us (step 16875)
spike at 17004831 us (step 16943)
spike at 17074063 us (step 17012)
spike at 17141293 us (step 17079)
spike at 17209506 us (step 17147)
spike at 17277738 us (step 17215)
spike at 17345008 us (step 17282)
spike at 17413264 us (step 17350)
spike at 17481626 us (step 17418)
spike at 17549843 us (step 17486)
spike at 17618068 us (step 17554)
spike at 17686288 us (step 17622)
spike at 17753510 us (step 17689)
spike at 17822749 us (step 17758)
spike at 17889996 us (step 17825)
spike at 17958215 us (step 17893)
spike at 18026449 us (step 17961)
spike at 18093666 us (step 18028)
spike at 18161894 us (step 18096)
spike at 18230195 us (step 18164)
spike at 18297430 us (step 18231)
spike at 18365787 us (step 18299)
spike at 18435061 us (step 18368)
spike at 18502282 us (step 18435)
spike at 18570643 us (step 18503)
spike at 18639865 us (step 18572)
spike at 18707078 us (step 18639)
spike at 18775305 us (step 18707)
spike at 18843536 us (step 18775)
spike at 18910912 us (step 18842)
spike at 18979199 us (step 18910)
spike at 19048410 us (step 18979)
spike at 19115777 us (step 19046)
spike at 19182992 us (step 19113)
spike at 19252243 us (step 19182)
spike at 19319465 us (step 19249)
spike at 19386825 us (step 19316)
spike at 19455101 us (step 19384)
spike at 19523326 us (step 19452)
spike at 19590680 us (step 19519)
spike at 19658050 us (step 19586)
spike at 19726274 us (step 19654)
spike at 19794503 us (step 19722)
spike at 19862764 us (step 19790)
spike at 19930977 us (step 19858)
spike at 19998266 us (step 19925)
spike at 20066479 us (step 19993)
