I (100) esp_image: segment 3: paddr=00013298 vaddr=00000000 sizespike at 26810636 us (step 26703)
spike at 26880000 us (step 26772)
ESP-ROM:esp32c3-api1-20210207
Build:Feb  7 2021
rst:0x15 (USB_UART_CHIP_RESET),boot:0xd (SPI_FAST_FLASH_BOOT)
Saved PC:0x42012dba
SPIWP:0xee
mode:DIO, clock div:2
load:0x3fcd5820,len:0x15c4
load:0x403cbf10,len:0xc84
load:0x403ce710,len:0x2fd0
entry 0x403cbf1a
I (24) boot: ESP-IDF v5.5.1-838-gd66ebb86d2e 2nd stage bootloader
I (25) boot: compile time Nov 26 2025 12:25:17
I (25) boot: chip revision: v0.4
I (26) boot: efuse block revision: v1.3
I (30) boot.esp32c3: SPI Speed      : 40MHz
I (34) boot.esp32c3: SPI Mode       : DIO
I (37) boot.esp32c3: SPI Flash Size : 4MB
I (41) boot: Enabling RNG early entropy source...
I (46) boot: Partition Table:
I (48) boot: ## Label            Usage          Type ST Offset   Length
I (54) boot:  0 nvs              WiFi data        01 02 00009000 00006000
I (61) boot:  1 phy_init         RF data          01 01 0000f000 00001000
I (67) boot:  2 factory          factory app      00 00 00010000 003f0000
I (74) boot: End of partition table
I (77) esp_image: segment 0: paddr=00010020 vaddr=3c000020 size=02278h (  8824) map
I (87) esp_image: segment 1: paddr=000122a0 vaddr=3fc80cf8 size=002f0h (   752) load
I (92) esp_image: segment 2: paddr=00012598 vaddr=40380000 size=00cf8h (  3320) load
I (100) esp_image: segment 3: paddr=00013298 vaddr=00000000 size=0cd80h ( 52608) 
I (118) esp_image: segment 4: paddr=00020020 vaddr=42010020 size=07340h ( 29504) map
I (125) boot: Loaded app from partition at offset 0x10000
I (126) boot: Disabling RNG early entropy source...
neuralos-esp32c3: LIF neuron, centi-mV grid, dt=1000 us, input=160 uA
burst free: 10000 steps in 28633 us -> 2863 ns/step, 147 spikes, first spike step 55, checksum 0b78b456
burst pinned: 10000 steps in 38789 us -> 3878 ns/step, 147 spikes, first spike step 55, checksum 0b78b456
spike at 56332 us (step 56)
spike at 124710 us (step 124)
spike at 192093 us (step 191)
spike at 259470 us (step 258)
spike at 327823 us (step 326)
spike at 396184 us (step 394)
spike at 463528 us (step 461)
spike at 531899 us (step 529)
spike at 600337 us (step 597)
spike at 669693 us (step 666)
spike at 737109 us (step 733)
spike at 804466 us (step 800)
spike at 871809 us (step 867)
spike at 940159 us (step 935)
spike at 1008519 us (step 1003)
spike at 1075858 us (step 1070)
spike at 1143244 us (step 1137)
spike at 1211589 us (step 1205)
spike at 1279947 us (step 1273)
spike at 1347291 us (step 1340)
spike at 1415649 us (step 1408)
spike at 1484076 us (step 1476)
spike at 1553440 us (step 1545)
spike at 1620792 us (step 1612)
spike at 1688145 us (step 1679)
spike at 1756507 us (step 1747)
spike at 1825865 us (step 1816)
spike at 1894205 us (step 1884)
spike at 1961552 us (step 1951)
spike at 2028923 us (step 2018)
spike at 2097287 us (step 2086)
spike at 2166648 us (step 2155)
spike at 2233989 us (step 2222)
spike at 2302338 us (step 2290)
spike at 2371695 us (step 2359)
spike at 2440108 us (step 2427)
spike at 2507597 us (step 2494)
spike at 2574944 us (step 2561)
spike at 2643295 us (step 2629)
spike at 2712654 us (step 2698)
spike at 2780999 us (step 2766)
spike at 2848344 us (step 2833)
spike at 2915701 us (step 2900)
spike at 2985121 us (step 2969)
spike at 3053480 us (step 3037)
spike at 3120866 us (step 3104)
spike at 3188222 us (step 3171)
spike at 3256580 us (step 3239)
spike at 3325932 us (step 3308)
spike at 3393329 us (step 3375)
spike at 3460684 us (step 3442)
spike at 3528107 us (step 3509)
spike at 3596466 us (step 3577)
spike at 3665818 us (step 3646)
spike at 3733158 us (step 3713)
spike at 3800515 us (step 3780)
spike at 3868914 us (step 3848)
spike at 3937384 us (step 3916)
spike at 4005742 us (step 3984)
spike at 4073171 us (step 4051)
spike at 4140523 us (step 4118)
spike at 4208866 us (step 4186)
spike at 4278233 us (step 4255)
spike at 4345579 us (step 4322)
spike at 4412917 us (step 4389)
spike at 4481392 us (step 4457)
spike at 4549747 us (step 4525)
spike at 4618186 us (step 4593)
spike at 4685525 us (step 4660)
spike at 4752875 us (step 4727)
spike at 4821278 us (step 4795)
spike at 4891641 us (step 4865)
spike at 4959164 us (step 4932)
spike at 5027512 us (step 5000)
spike at 5095996 us (step 5068)
spike at 5164435 us (step 5136)
spike at 5233798 us (step 5205)
spike at 5302196 us (step 5273)
spike at 5369537 us (step 5340)
spike at 5436893 us (step 5407)
spike at 5505261 us (step 5475)
spike at 5574623 us (step 5544)
spike at 5641984 us (step 5611)
spike at 5710326 us (step 5679)
spike at 5778669 us (step 5747)
spike at 5847032 us (step 5815)
spike at 5914379 us (step 5882)
spike at 5981729 us (step 5949)
spike at 6049167 us (step 6016)
spike at 6117531 us (step 6084)
spike at 6185878 us (step 6152)
spike at 6253232 us (step 6219)
spike at 6320577 us (step 6286)
spike at 6388937 us (step 6354)
spike at 6457280 us (step 6422)
spike at 6524635 us (step 6489)
spike at 6592983 us (step 6557)
spike at 6661442 us (step 6625)
spike at 6729794 us (step 6693)
spike at 6797212 us (step 6760)
spike at 6864571 us (step 6827)
spike at 6932033 us (step 6894)
spike at 7000389 us (step 6962)
spike at 7069758 us (step 7031)
spike at 7138173 us (step 7099)
spike at 7205517 us (step 7166)
spike at 7273025 us (step 7233)
spike at 7341375 us (step 7301)
spike at 7409730 us (step 7369)
spike at 7478083 us (step 7437)
spike at 7545463 us (step 7504)
spike at 7612929 us (step 7571)
spike at 7680432 us (step 7638)
spike at 7748788 us (step 7706)
spike at 7817200 us (step 7774)
spike at 7885565 us (step 7842)
spike at 7953047 us (step 7909)
spike at 8021382 us (step 7977)
spike at 8089742 us (step 8045)
spike at 8158090 us (step 8113)
spike at 8225489 us (step 8180)
spike at 8293847 us (step 8248)
spike at 8362242 us (step 8316)
spike at 8430594 us (step 8384)
spike at 8498037 us (step 8451)
spike at 8565398 us (step 8518)
spike at 8633753 us (step 8586)
spike at 8702095 us (step 8654)
spike at 8771516 us (step 8723)
spike at 8838875 us (step 8790)
spike at 8906254 us (step 8857)
spike at 8974599 us (step 8925)
spike at 9043960 us (step 8994)
spike at 9112302 us (step 9062)
spike at 9180664 us (step 9130)
spike at 9249051 us (step 9198)
spike at 9318442 us (step 9267)
spike at 9386787 us (step 9335)
spike at 9454206 us (step 9402)
spike at 9522568 us (step 9470)
spike at 9590920 us (step 9538)
spike at 9659274 us (step 9606)
spike at 9726614 us (step 9673)
spike at 9794969 us (step 9741)
spike at 9863318 us (step 9809)
spike at 9930668 us (step 9876)
spike at 9998027 us (step 9943)
spike at 10065372 us (step 10010)
spike at 10133727 us (step 10078)
spike at 10203083 us (step 10147)
spike at 10271433 us (step 10215)
spike at 10339782 us (step 10283)
spike at 10408125 us (step 10351)
spike at 10477489 us (step 10420)
spike at 10544983 us (step 10487)
spike at 10612407 us (step 10554)
spike at 10679769 us (step 10621)
spike at 10748114 us (step 10689)
spike at 10817465 us (step 10758)
spike at 10884836 us (step 10825)
spike at 10952261 us (step 10892)
spike at 11020621 us (step 10960)
spike at 11089967 us (step 11029)
spike at 11158316 us (step 11097)
spike at 11225669 us (step 11164)
spike at 11293239 us (step 11231)
spike at 11361601 us (step 11299)
spike at 11429957 us (step 11367)
spike at 11498299 us (step 11435)
spike at 11565649 us (step 11502)
spike at 11633135 us (step 11569)
spike at 11701483 us (step 11637)
spike at 11769836 us (step 11705)
spike at 11837271 us (step 11772)
spike at 11905641 us (step 11840)
spike at 11973978 us (step 11908)
spike at 12043334 us (step 11977)
spike at 12111687 us (step 12045)
spike at 12180039 us (step 12113)
spike at 12247516 us (step 12180)
spike at 12316872 us (step 12249)
spike at 12386302 us (step 12318)
spike at 12454645 us (step 12386)
spike at 12521993 us (step 12453)
spike at 12590364 us (step 12521)
spike at 12658726 us (step 12589)
spike at 12727068 us (step 12657)
spike at 12794422 us (step 12724)
spike at 12862770 us (step 12792)
spike at 12932155 us (step 12861)
spike at 13000496 us (step 12929)
spike at 13067848 us (step 12996)
spike at 13135313 us (step 13063)
spike at 13203654 us (step 13131)
spike at 13272012 us (step 13199)
spike at 13340351 us (step 13267)
spike at 13407698 us (step 13334)
spike at 13476164 us (step 13402)
spike at 13545519 us (step 13471)
spike at 13613860 us (step 13539)
spike at 13681304 us (step 13606)
spike at 13748656 us (step 13673)
spike at 13817048 us (step 13741)
spike at 13885439 us (step 13809)
spike at 13952790 us (step 13876)
spike at 14020136 us (step 13943)
spike at 14088610 us (step 14011)
spike at 14156975 us (step 14079)
spike at 14225349 us (step 14147)
spike at 14292688 us (step 14214)
spike at 14361056 us (step 14282)
spike at 14430400 us (step 14351)
spike at 14499756 us (step 14420)
spike at 14567176 us (step 14487)
spike at 14634527 us (step 14554)
spike at 14702884 us (step 14622)
spike at 14771304 us (step 14690)
spike at 14839661 us (step 14758)
spike at 14907016 us (step 14825)
spike at 14974349 us (step 14892)
spike at 15043715 us (step 14961)
spike at 15112068 us (step 15029)
spike at 15179413 us (step 15096)
spike at 15247768 us (step 15164)
spike at 15316116 us (step 15232)
spike at 15385602 us (step 15301)
spike at 15453952 us (step 15369)
spike at 15521371 us (step 15436)
spike at 15589728 us (step 15504)
spike at 15659078 us (step 15573)
spike at 15726418 us (step 15640)
spike at 15793777 us (step 15707)
spike at 15862129 us (step 15775)
spike at 15931476 us (step 15844)
spike at 15999832 us (step 15912)
spike at 16068178 us (step 15980)
spike at 16135560 us (step 16047)
spike at 16203901 us (step 16115)
spike at 16272334 us (step 16183)
spike at 16340681 us (step 16251)
spike at 16408033 us (step 16318)
spike at 16476391 us (step 16386)
spike at 16544737 us (step 16454)
spike at 16612087 us (step 16521)
spike at 16679435 us (step 16588)
spike at 16747788 us (step 16656)
spike at 16816343 us (step 16724)
spike at 16885701 us (step 16793)
spike at 16954197 us (step 16861)
spike at 17021537 us (step 16928)
spike at 17089912 us (step 16996)
spike at 17158344 us (step 17064)
spike at 17227703 us (step 17133)
spike at 17295053 us (step 17200)
spike at 17362401 us (step 17267)
spike at 17430761 us (step 17335)
spike at 17500217 us (step 17404)
spike at 17568584 us (step 17472)
spike at 17635925 us (step 17539)
spike at 17703366 us (step 17606)
spike at 17772716 us (step 17675)
spike at 17841064 us (step 17743)
spike at 17909416 us (step 17811)
spike at 17976757 us (step 17878)
spike at 18045202 us (step 17946)
spike at 18114572 us (step 18015)
spike at 18181915 us (step 18082)
spike at 18250351 us (step 18150)
spike at 18318690 us (step 18218)
spike at 18388052 us (step 18287)
spike at 18456427 us (step 18355)
spike at 18524777 us (step 18423)
spike at 18593202 us (step 18491)
spike at 18661553 us (step 18559)
spike at 18729901 us (step 18627)
spike at 18797251 us (step 18694)
spike at 18865606 us (step 18762)
spike at 18933962 us (step 18830)
spike at 19002380 us (step 18898)
spike at 19070724 us (step 18966)
spike at 19138086 us (step 19033)
spike at 19206430 us (step 19101)
spike at 19275796 us (step 19170)
spike at 19344165 us (step 19238)
spike at 19411643 us (step 19305)
spike at 19479992 us (step 19373)
spike at 19548404 us (step 19441)
spike at 19617784 us (step 19510)
spike at 19686141 us (step 19578)
spike at 19754488 us (step 19646)
spike at 19822851 us (step 19714)
spike at 19892198 us (step 19783)
spike at 19959571 us (step 19850)
spike at 20026913 us (step 19917)
