I (100) esp_image: segment 3: paddr=00013f10 vaddr=00000000 sizespike at 9145531 us (step 9131)
ESP-ROM:esp32c3-api1-20210207
Build:Feb  7 2021
rst:0x15 (USB_UART_CHIP_RESET),boot:0xd (SPI_FAST_FLASH_BOOT)
Saved PC:0x420302f8
SPIWP:0xee
mode:DIO, clock div:2
load:0x3fcd5820,len:0x15c4
load:0x403cbf10,len:0xc84
load:0x403ce710,len:0x2fd0
entry 0x403cbf1a
I (24) boot: ESP-IDF v5.5.1-838-gd66ebb86d2e 2nd stage bootloader
I (25) boot: compile time Nov 26 2025 12:25:17
I (25) boot: chip revision: v0.4
I (26) boot: efuse block revision: v1.3
I (30) boot.esp32c3: SPI Speed      : 40MHz
I (34) boot.esp32c3: SPI Mode       : DIO
I (37) boot.esp32c3: SPI Flash Size : 4MB
I (41) boot: Enabling RNG early entropy source...
I (46) boot: Partition Table:
I (48) boot: ## Label            Usage          Type ST Offset   Length
I (54) boot:  0 nvs              WiFi data        01 02 00009000 00006000
I (61) boot:  1 phy_init         RF data          01 01 0000f000 00001000
I (67) boot:  2 factory          factory app      00 00 00010000 003f0000
I (74) boot: End of partition table
I (77) esp_image: segment 0: paddr=00010020 vaddr=3c000020 size=02fe4h ( 12260) map
I (87) esp_image: segment 1: paddr=0001300c vaddr=3fc80bec size=00308h (   776) load
I (92) esp_image: segment 2: paddr=0001331c vaddr=40380000 size=00bech (  3052) load
I (100) esp_image: segment 3: paddr=00013f10 vaddr=00000000 size=0c108h ( 49416) 
I (118) esp_image: segment 4: paddr=00020020 vaddr=42010020 size=24670h (149104) map
I (151) boot: Loaded app from partition at offset 0x10000
I (151) boot: Disabling RNG early entropy source...
neuralos-esp32c3: LIF neuron, centi-mV grid, dt=1000 us, input=160 uA
burst free: 10000 steps in 3617 us -> 361 ns/step, 147 spikes, first spike step 55, checksum 0b78b456
burst pinned: 10000 steps in 15715 us -> 1571 ns/step, 147 spikes, first spike step 55, checksum 0b78b456
burst network: 10000 steps in 140588 us -> 14058 ns/step, 3377 spikes, first spike step 5, checksum 7e700ee1
# neuralos-trace v1 case=neuron-reference kind=reference n=1 dt_us=1000 res=cmV plasticity=off divisor=10 steps=150 rows=all
0 0 |  | -6920
1 1000 |  | -6844
2 2000 |  | -6772
3 3000 |  | -6704
4 4000 |  | -6639
5 5000 |  | -6578
6 6000 |  | -6520
7 7000 |  | -6464
8 8000 |  | -6411
9 9000 |  | -6361
10 10000 |  | -6313
11 11000 |  | -6268
12 12000 |  | -6225
13 13000 |  | -6184
14 14000 |  | -6145
15 15000 |  | -6108
16 16000 |  | -6073
17 17000 |  | -6040
18 18000 |  | -6008
19 19000 |  | -5978
20 20000 |  | -5950
21 21000 |  | -5923
22 22000 |  | -5897
23 23000 |  | -5873
24 24000 |  | -5850
25 25000 |  | -5828
26 26000 |  | -5807
27 27000 |  | -5787
28 28000 |  | -5768
29 29000 |  | -5750
30 30000 |  | -5733
31 31000 |  | -5717
32 32000 |  | -5702
33 33000 |  | -5687
34 34000 |  | -5673
35 35000 |  | -5660
36 36000 |  | -5647
37 37000 |  | -5635
38 38000 |  | -5624
39 39000 |  | -5613
40 40000 |  | 5000
41 41000 |  | 5000
42 42000 |  | 5000
43 43000 |  | 5000
44 44000 |  | 5000
45 45000 |  | 5000
46 46000 |  | 5000
47 47000 |  | 5000
48 48000 |  | 5000
49 49000 |  | 5000
50 50000 |  | 5000
51 51000 |  | 5000
52 52000 |  | 5000
53 53000 |  | 5000
54 54000 |  | 5000
55 55000 |  | 5000
56 56000 |  | 5000
57 57000 |  | 5000
58 58000 |  | 5000
59 59000 |  | 5000
60 60000 |  | 5000
61 61000 |  | 5000
62 62000 |  | 5000
63 63000 |  | 5000
64 64000 |  | 5000
65 65000 |  | 5000
66 66000 |  | 5000
67 67000 |  | 5000
68 68000 |  | 5000
69 69000 |  | 5000
70 70000 |  | -10000
71 71000 |  | -10000
72 72000 |  | -10000
73 73000 |  | -10000
74 74000 |  | -10000
75 75000 |  | -10000
76 76000 |  | -10000
77 77000 |  | -10000
78 78000 |  | -10000
79 79000 |  | -10000
80 80000 |  | -10000
81 81000 |  | -10000
82 82000 |  | -10000
83 83000 |  | -10000
84 84000 |  | -10000
85 85000 |  | -10000
86 86000 |  | -10000
87 87000 |  | -10000
88 88000 |  | -10000
89 89000 |  | -10000
90 90000 |  | -10000
91 91000 |  | -10000
92 92000 |  | -10000
93 93000 |  | -10000
94 94000 |  | -10000
95 95000 |  | -10000
96 96000 |  | -10000
97 97000 |  | -10000
98 98000 |  | -10000
99 99000 |  | -10000
100 100000 |  | -9850
101 101000 |  | -9708
102 102000 |  | -9573
103 103000 |  | -9445
104 104000 |  | -9323
105 105000 |  | -9207
106 106000 |  | -9097
107 107000 |  | -8993
108 108000 |  | -8894
109 109000 |  | -8800
110 110000 |  | -8710
111 111000 |  | -8625
112 112000 |  | -8544
113 113000 |  | -8467
114 114000 |  | -8394
115 115000 |  | -8325
116 116000 |  | -8259
117 117000 |  | -8197
118 118000 |  | -8138
119 119000 |  | -8082
120 120000 |  | -8028
121 121000 |  | -7977
122 122000 |  | -7929
123 123000 |  | -7883
124 124000 |  | -7839
125 125000 |  | -7798
126 126000 |  | -7759
127 127000 |  | -7722
128 128000 |  | -7686
129 129000 |  | -7652
130 130000 |  | -7620
131 131000 |  | -7589
132 132000 |  | -7560
133 133000 |  | -7532
134 134000 |  | -7506
135 135000 |  | -7481
136 136000 |  | -7457
137 137000 |  | -7435
138 138000 |  | -7414
139 139000 |  | -7394
140 140000 |  | -7375
141 141000 |  | -7357
142 142000 |  | -7340
143 143000 |  | -7323
144 144000 |  | -7307
145 145000 |  | -7292
146 146000 |  | -7278
147 147000 |  | -7265
148 148000 |  | -7252
149 149000 |  | -7240
# neuralos-trace v1 case=one-neuron-board kind=regression n=1 dt_us=1000 res=cmV plasticity=off divisor=10 steps=10000 rows=spikes
55 55000 | 0 | -8000
123 123000 | 0 | -8000
191 191000 | 0 | -8000
259 259000 | 0 | -8000
327 327000 | 0 | -8000
394 394000 | 0 | -8000
462 462000 | 0 | -8000
530 530000 | 0 | -8000
598 598000 | 0 | -8000
666 666000 | 0 | -8000
734 734000 | 0 | -8000
802 802000 | 0 | -8000
870 870000 | 0 | -8000
939 939000 | 0 | -8000
1007 1007000 | 0 | -8000
1075 1075000 | 0 | -8000
1143 1143000 | 0 | -8000
1211 1211000 | 0 | -8000
1280 1280000 | 0 | -8000
1347 1347000 | 0 | -8000
1415 1415000 | 0 | -8000
1483 1483000 | 0 | -8000
1551 1551000 | 0 | -8000
1620 1620000 | 0 | -8000
1687 1687000 | 0 | -8000
1755 1755000 | 0 | -8000
1822 1822000 | 0 | -8000
1889 1889000 | 0 | -8000
1957 1957000 | 0 | -8000
2024 2024000 | 0 | -8000
2093 2093000 | 0 | -8000
2160 2160000 | 0 | -8000
2228 2228000 | 0 | -8000
2296 2296000 | 0 | -8000
2363 2363000 | 0 | -8000
2432 2432000 | 0 | -8000
2500 2500000 | 0 | -8000
2568 2568000 | 0 | -8000
2636 2636000 | 0 | -8000
2703 2703000 | 0 | -8000
2772 2772000 | 0 | -8000
2839 2839000 | 0 | -8000
2907 2907000 | 0 | -8000
2975 2975000 | 0 | -8000
3042 3042000 | 0 | -8000
3111 3111000 | 0 | -8000
3178 3178000 | 0 | -8000
3246 3246000 | 0 | -8000
3314 3314000 | 0 | -8000
3381 3381000 | 0 | -8000
3449 3449000 | 0 | -8000
3517 3517000 | 0 | -8000
3586 3586000 | 0 | -8000
3653 3653000 | 0 | -8000
3721 3721000 | 0 | -8000
3789 3789000 | 0 | -8000
3857 3857000 | 0 | -8000
3926 3926000 | 0 | -8000
3993 3993000 | 0 | -8000
4061 4061000 | 0 | -8000
4129 4129000 | 0 | -8000
4196 4196000 | 0 | -8000
4265 4265000 | 0 | -8000
4332 4332000 | 0 | -8000
4400 4400000 | 0 | -8000
4468 4468000 | 0 | -8000
4536 4536000 | 0 | -8000
4605 4605000 | 0 | -8000
4672 4672000 | 0 | -8000
4740 4740000 | 0 | -8000
4808 4808000 | 0 | -8000
4876 4876000 | 0 | -8000
4944 4944000 | 0 | -8000
5012 5012000 | 0 | -8000
5080 5080000 | 0 | -8000
5148 5148000 | 0 | -8000
5215 5215000 | 0 | -8000
5283 5283000 | 0 | -8000
5351 5351000 | 0 | -8000
5419 5419000 | 0 | -8000
5487 5487000 | 0 | -8000
5555 5555000 | 0 | -8000
5623 5623000 | 0 | -8000
5691 5691000 | 0 | -8000
5760 5760000 | 0 | -8000
5828 5828000 | 0 | -8000
5896 5896000 | 0 | -8000
5964 5964000 | 0 | -8000
6031 6031000 | 0 | -8000
6100 6100000 | 0 | -8000
6167 6167000 | 0 | -8000
6235 6235000 | 0 | -8000
6303 6303000 | 0 | -8000
6371 6371000 | 0 | -8000
6440 6440000 | 0 | -8000
6507 6507000 | 0 | -8000
6575 6575000 | 0 | -8000
6643 6643000 | 0 | -8000
6711 6711000 | 0 | -8000
6779 6779000 | 0 | -8000
6847 6847000 | 0 | -8000
6915 6915000 | 0 | -8000
6983 6983000 | 0 | -8000
7050 7050000 | 0 | -8000
7118 7118000 | 0 | -8000
7186 7186000 | 0 | -8000
7254 7254000 | 0 | -8000
7322 7322000 | 0 | -8000
7390 7390000 | 0 | -8000
7458 7458000 | 0 | -8000
7526 7526000 | 0 | -8000
7595 7595000 | 0 | -8000
7663 7663000 | 0 | -8000
7731 7731000 | 0 | -8000
7799 7799000 | 0 | -8000
7867 7867000 | 0 | -8000
7936 7936000 | 0 | -8000
8003 8003000 | 0 | -8000
8071 8071000 | 0 | -8000
8139 8139000 | 0 | -8000
8207 8207000 | 0 | -8000
8276 8276000 | 0 | -8000
8343 8343000 | 0 | -8000
8411 8411000 | 0 | -8000
8478 8478000 | 0 | -8000
8545 8545000 | 0 | -8000
8613 8613000 | 0 | -8000
8680 8680000 | 0 | -8000
8749 8749000 | 0 | -8000
8816 8816000 | 0 | -8000
8884 8884000 | 0 | -8000
8952 8952000 | 0 | -8000
9019 9019000 | 0 | -8000
9088 9088000 | 0 | -8000
9156 9156000 | 0 | -8000
9224 9224000 | 0 | -8000
9292 9292000 | 0 | -8000
9359 9359000 | 0 | -8000
9428 9428000 | 0 | -8000
9495 9495000 | 0 | -8000
9563 9563000 | 0 | -8000
9631 9631000 | 0 | -8000
9698 9698000 | 0 | -8000
9767 9767000 | 0 | -8000
9834 9834000 | 0 | -8000
9902 9902000 | 0 | -8000
9970 9970000 | 0 | -8000
# neuralos-trace v1 case=chain-3 kind=regression n=3 dt_us=1000 res=cmV plasticity=off divisor=1 steps=100 rows=all
0 0 |  | -6700 -7000 -7000
1 1000 |  | -6415 -7000 -7000
2 2000 |  | -6145 -7000 -7000
3 3000 |  | -5888 -7000 -7000
4 4000 |  | -5644 -7000 -7000
5 5000 | 0 | -8000 -7000 -7000
6 6000 | 1 | -8000 -8000 -7000
7 7000 | 2 | -8000 -8000 -8000
8 8000 |  | -7650 -8000 -8000
9 9000 |  | -7318 -7950 -8000
10 10000 |  | -7003 -7903 -7950
11 11000 |  | -6703 -7858 -7903
12 12000 |  | -6418 -7816 -7858
13 13000 |  | -6148 -7776 -7816
14 14000 |  | -5891 -7738 -7776
15 15000 |  | -5647 -7702 -7738
16 16000 | 0 | -8000 -7667 -7702
17 17000 | 1 | -8000 -8000 -7667
18 18000 | 2 | -8000 -8000 -8000
19 19000 |  | -7650 -8000 -8000
20 20000 |  | -7318 -7950 -8000
21 21000 |  | -7003 -7903 -7950
22 22000 |  | -6703 -7858 -7903
23 23000 |  | -6418 -7816 -7858
24 24000 |  | -6148 -7776 -7816
25 25000 |  | -5891 -7738 -7776
26 26000 |  | -5647 -7702 -7738
27 27000 | 0 | -8000 -7667 -7702
28 28000 | 1 | -8000 -8000 -7667
29 29000 | 2 | -8000 -8000 -8000
30 30000 |  | -7650 -8000 -8000
31 31000 |  | -7318 -7950 -8000
32 32000 |  | -7003 -7903 -7950
33 33000 |  | -6703 -7858 -7903
34 34000 |  | -6418 -7816 -7858
35 35000 |  | -6148 -7776 -7816
36 36000 |  | -5891 -7738 -7776
37 37000 |  | -5647 -7702 -7738
38 38000 | 0 | -8000 -7667 -7702
39 39000 | 1 | -8000 -8000 -7667
40 40000 | 2 | -8000 -8000 -8000
41 41000 |  | -7650 -8000 -8000
42 42000 |  | -7318 -7950 -8000
43 43000 |  | -7003 -7903 -7950
44 44000 |  | -6703 -7858 -7903
45 45000 |  | -6418 -7816 -7858
46 46000 |  | -6148 -7776 -7816
47 47000 |  | -5891 -7738 -7776
48 48000 |  | -5647 -7702 -7738
49 49000 | 0 | -8000 -7667 -7702
50 50000 | 1 | -8000 -8000 -7667
51 51000 | 2 | -8000 -8000 -8000
52 52000 |  | -7650 -8000 -8000
53 53000 |  | -7318 -7950 -8000
54 54000 |  | -7003 -7903 -7950
55 55000 |  | -6703 -7858 -7903
56 56000 |  | -6418 -7816 -7858
57 57000 |  | -6148 -7776 -7816
58 58000 |  | -5891 -7738 -7776
59 59000 |  | -5647 -7702 -7738
60 60000 | 0 | -8000 -7667 -7702
61 61000 | 1 | -8000 -8000 -7667
62 62000 | 2 | -8000 -8000 -8000
63 63000 |  | -7650 -8000 -8000
64 64000 |  | -7318 -7950 -8000
65 65000 |  | -7003 -7903 -7950
66 66000 |  | -6703 -7858 -7903
67 67000 |  | -6418 -7816 -7858
68 68000 |  | -6148 -7776 -7816
69 69000 |  | -5891 -7738 -7776
70 70000 |  | -5647 -7702 -7738
71 71000 | 0 | -8000 -7667 -7702
72 72000 | 1 | -8000 -8000 -7667
73 73000 | 2 | -8000 -8000 -8000
74 74000 |  | -7650 -8000 -8000
75 75000 |  | -7318 -7950 -8000
76 76000 |  | -7003 -7903 -7950
77 77000 |  | -6703 -7858 -7903
78 78000 |  | -6418 -7816 -7858
79 79000 |  | -6148 -7776 -7816
80 80000 |  | -5891 -7738 -7776
81 81000 |  | -5647 -7702 -7738
82 82000 | 0 | -8000 -7667 -7702
83 83000 | 1 | -8000 -8000 -7667
84 84000 | 2 | -8000 -8000 -8000
85 85000 |  | -7650 -8000 -8000
86 86000 |  | -7318 -7950 -8000
87 87000 |  | -7003 -7903 -7950
88 88000 |  | -6703 -7858 -7903
89 89000 |  | -6418 -7816 -7858
90 90000 |  | -6148 -7776 -7816
91 91000 |  | -5891 -7738 -7776
92 92000 |  | -5647 -7702 -7738
93 93000 | 0 | -8000 -7667 -7702
94 94000 | 1 | -8000 -8000 -7667
95 95000 | 2 | -8000 -8000 -8000
96 96000 |  | -7650 -8000 -8000
97 97000 |  | -7318 -7950 -8000
98 98000 |  | -7003 -7903 -7950
99 99000 |  | -6703 -7858 -7903
# neuralos-trace v1 case=feedforward-8 kind=regression n=8 dt_us=1000 res=cmV plasticity=off divisor=1 steps=150 rows=all
0 0 |  | -6703 -6700 -6703 -6926 -6929 -6926 -6806 -6801
1 1000 |  | -6419 -6414 -6419 -6855 -6860 -6855 -6629 -6620
2 2000 |  | -6149 -6142 -6149 -6787 -6793 -6787 -6468 -6455
3 3000 |  | -5891 -5886 -5891 -6725 -6729 -6725 -6321 -6313
4 4000 |  | -5645 -5642 -5645 -6665 -6667 -6665 -6186 -6183
5 5000 | 0 1 2 | -8000 -8000 -8000 -6607 -6611 -6607 -6071 -6064
6 6000 |  | -8000 -8000 -8000 -6501 -6507 -6501 -5965 -5955
7 7000 |  | -8000 -8000 -8000 -6453 -6457 -6453 -5868 -5863
8 8000 |  | -7648 -7650 -7648 -6407 -6409 -6407 -5779 -5778
9 9000 |  | -7318 -7317 -7318 -6363 -6367 -6363 -5706 -5701
10 10000 |  | -7003 -7000 -7003 -6319 -6325 -6319 -5637 -5628
11 11000 |  | -6703 -6702 -6703 -6281 -6285 -6281 -5574 -5570
12 12000 |  | -6416 -6417 -6416 -6243 -6245 -6243 -5514 -5514
13 13000 |  | -6147 -6146 -6147 -6207 -6211 -6207 -5467 -5463
14 14000 |  | -5890 -5887 -5890 -6171 -6177 -6171 -5422 -5414
15 15000 |  | -5645 -5645 -5645 -6140 -6144 -6140 -5380 -5377
16 16000 | 0 1 2 | -8000 -8000 -8000 -6109 -6111 -6109 -5339 -5341
17 17000 |  | -8000 -8000 -8000 -6030 -6033 -6030 -5310 -5307
18 18000 |  | -8000 -8000 -8000 -6003 -6008 -6003 -5281 -5275
19 19000 |  | -7650 -7652 -7650 -5981 -5984 -5981 -5253 -5252
20 20000 |  | -7316 -7320 -7316 -5959 -5960 -5959 -5226 -5229
21 21000 |  | -7002 -7004 -7002 -5937 -5940 -5937 -5208 -5207
22 22000 |  | -6703 -6703 -6703 -5915 -5920 -5915 -5190 -5185
23 23000 |  | -6418 -6420 -6418 -5897 -5900 -5897 -5171 -5171
24 24000 |  | -6146 -6150 -6146 -5879 -5880 -5879 -5152 -5156
25 25000 |  | -5891 -5892 -5891 -5861 -5864 -5861 -5141 -5141
26 26000 |  | -5647 -5646 -5647 -5843 -5848 -5843 -5129 -5125
27 27000 | 0 1 2 | -8000 -8000 -8000 -5829 -5832 -5829 -5118 -5118
28 28000 |  | -8000 -8000 -8000 -5765 -5765 -5765 -5105 -5109
29 29000 |  | -8000 -8000 -8000 -5753 -5755 -5753 -5100 -5100
30 30000 |  | -7651 -7649 -7651 -5740 -5744 -5740 -5092 -5088
31 31000 |  | -7319 -7319 -7319 -5731 -5733 -5731 -5084 -5085
32 32000 |  | -7002 -7004 -7002 -5721 -5721 -5721 -5074 -5079
33 33000 |  | -6704 -6704 -6704 -5711 -5713 -5711 -5072 -5073
34 34000 |  | -6420 -6418 -6420 -5700 -5704 -5700 -5067 -5064
35 35000 |  | -6149 -6150 -6149 -5693 -5695 -5693 -5062 -5063
36 36000 |  | -5891 -5894 -5891 -5686 -5686 -5686 -5055 -5060
37 37000 |  | -5649 -5650 -5649 -5678 -5680 -5678 -5055 -5055
38 38000 | 0 1 2 | -8000 -8000 -8000 -5670 -5673 -5670 -5053 -5049
39 39000 |  | -8000 -8000 -8000 -5615 -5616 -5615 -5049 -5049
40 40000 |  | -8000 -8000 -8000 -5612 -5611 -5612 -5044 -5048
41 41000 |  | -7652 -7650 -7652 -5608 -5609 -5608 -5044 -5045
42 42000 |  | -7321 -7317 -7321 -5603 -5606 -5603 -5043 -5040
43 43000 |  | -7005 -7000 -7005 -5597 -5602 -5597 -5040 -5033
44 44000 |  | -6704 -6701 -6704 -5595 -5597 -5595 -5035 -5033
45 45000 |  | -6417 -6416 -6417 -5592 -5592 -5592 -5029 -5031
46 46000 |  | -6148 -6145 -6148 -5588 -5590 -5588 -5029 -5027
47 47000 |  | -5891 -5886 -5891 -5583 -5587 -5583 -5028 -5022
48 48000 |  | -5646 -5643 -5646 -5581 -5583 -5581 -5025 -5022
49 49000 | 0 1 2 | -8000 -8000 -8000 -5578 -5578 -5578 -5020 -5021
50 50000 |  | -8000 -8000 -8000 -5525 -5527 -5525 -5021 -5018
51 51000 |  | -8000 -8000 -8000 -5523 -5527 -5523 -5020 -5014
52 52000 |  | -7650 -7652 -7650 -5524 -5527 -5524 -5018 -5016
53 53000 |  | -7316 -7320 -7316 -5524 -5525 -5524 -5014 -5016
54 54000 |  | -7002 -7004 -7002 -5524 -5526 -5524 -5016 -5015
55 55000 |  | -6702 -6702 -6702 -5522 -5526 -5522 -5016 -5011
56 56000 |  | -6417 -6419 -6417 -5523 -5526 -5523 -5015 -5013
57 57000 |  | -6145 -6149 -6145 -5523 -5524 -5523 -5011 -5013
58 58000 |  | -5890 -5892 -5890 -5523 -5525 -5523 -5013 -5012
59 59000 |  | -5646 -5646 -5646 -5521 -5525 -5521 -5013 -5008
60 60000 | 0 1 2 | -8000 -8000 -8000 -5522 -5525 -5522 -5012 -5011
61 61000 | 3 4 5 | -8000 -8000 -8000 -8000 -8000 -8000 -5009 -5011
62 62000 | 6 7 | -8000 -8000 -8000 -8000 -8000 -8000 -8000 -8000
63 63000 |  | -7651 -7649 -7651 -8000 -8000 -8000 -8000 -8000
64 64000 |  | -7318 -7319 -7318 -7878 -7876 -7878 -8000 -8000
65 65000 |  | -7001 -7004 -7001 -7761 -7757 -7761 -7698 -7702
66 66000 |  | -6703 -6704 -6703 -7649 -7647 -7649 -7433 -7432
67 67000 |  | -6419 -6418 -6419 -7542 -7542 -7542 -7192 -7187
68 68000 |  | -6148 -6149 -6148 -7443 -7441 -7443 -6973 -6973
69 69000 |  | -5890 -5893 -5890 -7348 -7344 -7348 -6774 -6778
70 70000 |  | -5648 -5649 -5648 -7257 -7255 -7257 -6602 -6602
71 71000 | 0 1 2 | -8000 -8000 -8000 -7169 -7169 -7169 -6444 -6440
72 72000 |  | -8000 -8000 -8000 -7039 -7037 -7039 -6301 -6301
73 73000 |  | -8000 -8000 -8000 -6964 -6960 -6964 -6169 -6173
74 74000 |  | -7652 -7650 -7652 -6892 -6890 -6892 -6058 -6057
75 75000 |  | -7320 -7316 -7320 -6822 -6822 -6822 -5955 -5950
76 76000 |  | -7004 -7003 -7004 -6759 -6757 -6759 -5861 -5860
77 77000 |  | -6703 -6704 -6703 -6699 -6695 -6699 -5774 -5777
78 78000 |  | -6420 -6419 -6420 -6641 -6639 -6641 -5702 -5701
79 79000 |  | -6150 -6148 -6150 -6584 -6585 -6584 -5635 -5630
80 80000 |  | -5893 -5893 -5893 -6533 -6532 -6533 -5573 -5572
81 81000 |  | -5648 -5650 -5648 -6484 -6481 -6484 -5515 -5518
82 82000 | 0 1 2 | -8000 -8000 -8000 -6436 -6435 -6436 -5469 -5468
83 83000 |  | -8000 -8000 -8000 -6340 -6341 -6340 -5426 -5421
84 84000 |  | -8000 -8000 -8000 -6301 -6300 -6301 -5385 -5384
85 85000 |  | -7649 -7651 -7649 -6263 -6260 -6263 -5346 -5349
86 86000 |  | -7315 -7319 -7315 -6226 -6221 -6226 -5309 -5316
87 87000 |  | -7001 -7003 -7001 -6190 -6187 -6190 -5282 -5284
88 88000 |  | -6701 -6701 -6701 -6155 -6154 -6155 -5255 -5253
89 89000 |  | -6415 -6417 -6415 -6125 -6122 -6125 -5229 -5231
90 90000 |  | -6143 -6147 -6143 -6095 -6090 -6095 -5204 -5209
91 91000 |  | -5887 -5889 -5887 -6066 -6063 -6066 -5187 -5188
92 92000 |  | -5643 -5643 -5643 -6037 -6036 -6037 -5170 -5167
93 93000 | 0 1 2 | -8000 -8000 -8000 -6013 -6010 -6013 -5152 -5154
94 94000 |  | -8000 -8000 -8000 -5939 -5934 -5939 -5134 -5140
95 95000 |  | -8000 -8000 -8000 -5918 -5915 -5918 -5125 -5126
96 96000 |  | -7650 -7648 -7650 -5897 -5896 -5897 -5114 -5111
97 97000 |  | -7317 -7318 -7317 -5880 -5877 -5880 -5103 -5104
98 98000 |  | -7000 -7003 -7000 -5862 -5858 -5862 -5090 -5095
99 99000 |  | -6702 -6703 -6702 -5845 -5843 -5845 -5085 -5086
100 100000 |  | -6417 -6416 -6417 -5827 -5827 -5827 -5078 -5075
101 101000 |  | -6146 -6147 -6146 -5814 -5812 -5814 -5071 -5072
102 102000 |  | -5887 -5890 -5887 -5800 -5796 -5800 -5061 -5066
103 103000 |  | -5645 -5645 -5645 -5786 -5784 -5786 -5059 -5060
104 104000 | 0 1 2 | -8000 -8000 -8000 -5772 -5772 -5772 -5056 -5052
105 105000 |  | -8000 -8000 -8000 -5711 -5709 -5711 -5051 -5051
106 106000 |  | -8000 -8000 -8000 -5702 -5699 -5702 -5044 -5048
107 107000 |  | -7652 -7650 -7652 -5693 -5692 -5693 -5044 -5044
108 108000 |  | -7320 -7316 -7320 -5683 -5684 -5683 -5042 -5038
109 109000 |  | -7004 -7002 -7004 -5677 -5676 -5677 -5038 -5038
110 110000 |  | -6703 -6703 -6703 -5670 -5667 -5670 -5033 -5037
111 111000 |  | -6420 -6418 -6420 -5663 -5662 -5663 -5034 -5035
112 112000 |  | -6150 -6146 -6150 -5655 -5656 -5655 -5033 -5030
113 113000 |  | -5893 -5891 -5893 -5651 -5650 -5651 -5031 -5032
114 114000 |  | -5647 -5647 -5647 -5645 -5642 -5645 -5026 -5031
115 115000 | 0 1 2 | -8000 -8000 -8000 -5639 -5638 -5639 -5028 -5029
116 116000 |  | -8000 -8000 -8000 -5582 -5583 -5582 -5028 -5025
117 117000 |  | -8000 -8000 -8000 -5581 -5580 -5581 -5027 -5027
118 118000 |  | -7649 -7651 -7649 -5579 -5576 -5579 -5023 -5027
119 119000 |  | -7319 -7319 -7319 -5577 -5576 -5577 -5025 -5026
120 120000 |  | -7005 -7003 -7005 -5574 -5575 -5574 -5025 -5023
121 121000 |  | -6705 -6705 -6705 -5574 -5573 -5574 -5024 -5025
122 122000 |  | -6419 -6421 -6419 -5573 -5570 -5573 -5021 -5025
123 123000 |  | -6151 -6150 -6151 -5571 -5570 -5571 -5023 -5024
124 124000 |  | -5895 -5892 -5895 -5568 -5569 -5568 -5023 -5021
125 125000 |  | -5651 -5650 -5651 -5568 -5567 -5568 -5022 -5023
126 126000 | 0 1 2 | -8000 -8000 -8000 -5567 -5564 -5567 -5019 -5023
127 127000 |  | -8000 -8000 -8000 -5515 -5514 -5515 -5022 -5022
128 128000 |  | -8000 -8000 -8000 -5515 -5515 -5515 -5022 -5019
129 129000 |  | -7650 -7648 -7650 -5514 -5515 -5514 -5021 -5015
130 130000 |  | -7317 -7317 -7317 -5515 -5515 -5515 -5018 -5016
131 131000 |  | -7000 -7002 -7000 -5515 -5514 -5515 -5014 -5016
132 132000 |  | -6701 -6701 -6701 -5515 -5515 -5515 -5015 -5014
133 133000 |  | -6416 -6414 -6416 -5514 -5515 -5514 -5015 -5010
134 134000 |  | -6145 -6145 -6145 -5515 -5515 -5515 -5013 -5012
135 135000 |  | -5886 -5888 -5886 -5515 -5514 -5515 -5009 -5012
136 136000 |  | -5643 -5643 -5643 -5515 -5515 -5515 -5011 -5010
137 137000 | 0 1 2 | -8000 -8000 -8000 -5514 -5515 -5514 -5011 -5006
138 138000 | 3 4 5 | -8000 -8000 -8000 -8000 -8000 -8000 -5010 -5009
139 139000 | 6 7 | -8000 -8000 -8000 -8000 -8000 -8000 -8000 -8000
140 140000 |  | -7652 -7650 -7652 -8000 -8000 -8000 -8000 -8000
141 141000 |  | -7320 -7316 -7320 -7874 -7876 -7874 -8000 -8000
142 142000 |  | -7004 -7002 -7004 -7758 -7758 -7758 -7700 -7704
143 143000 |  | -6702 -6702 -6702 -7647 -7645 -7647 -7427 -7435
144 144000 |  | -6419 -6417 -6419 -7541 -7541 -7541 -7189 -7192
145 145000 |  | -6149 -6145 -6149 -7439 -7441 -7439 -6973 -6971
146 146000 |  | -5892 -5890 -5892 -7345 -7345 -7345 -6776 -6778
147 147000 |  | -5646 -5646 -5646 -7255 -7253 -7255 -6597 -6603
148 148000 | 0 1 2 | -8000 -8000 -8000 -7168 -7168 -7168 -6442 -6443
149 149000 |  | -8000 -8000 -8000 -7035 -7037 -7035 -6300 -6297
# neuralos-trace v1 case=recurrent-transmission kind=regression n=2 dt_us=1000 res=mV plasticity=off divisor=10 steps=30 rows=all
0 0 | 0 | -80 -70
1 1000 |  | -80 -68
2 2000 |  | -80 -68
3 3000 |  | -80 -68
4 4000 |  | -80 -68
5 5000 |  | -80 -68
6 6000 |  | -80 -68
7 7000 |  | -80 -68
8 8000 |  | -80 -68
9 9000 |  | -80 -68
10 10000 |  | -80 -68
11 11000 |  | -80 -68
12 12000 |  | -80 -68
13 13000 |  | -80 -68
14 14000 |  | -80 -68
15 15000 |  | -80 -68
16 16000 |  | -80 -68
17 17000 |  | -80 -68
18 18000 |  | -80 -68
19 19000 |  | -80 -68
20 20000 |  | -80 -68
21 21000 |  | -80 -68
22 22000 |  | -80 -68
23 23000 |  | -80 -68
24 24000 |  | -80 -68
25 25000 |  | -80 -68
26 26000 |  | -80 -68
27 27000 |  | -80 -68
28 28000 |  | -80 -68
29 29000 |  | -80 -68
# neuralos-trace v1 case=centi-mv-grid kind=regression n=2 dt_us=1000 res=cmV plasticity=off divisor=10 steps=30 rows=all
0 0 | 0 | -8000 -7000
1 1000 |  | -8000 -6988
2 2000 |  | -8000 -6989
3 3000 |  | -7950 -6990
4 4000 |  | -7903 -6991
5 5000 |  | -7858 -6991
6 6000 |  | -7816 -6991
7 7000 |  | -7776 -6991
8 8000 |  | -7738 -6991
9 9000 |  | -7702 -6991
10 10000 |  | -7667 -6991
11 11000 |  | -7634 -6991
12 12000 |  | -7603 -6991
13 13000 |  | -7573 -6991
14 14000 |  | -7545 -6991
15 15000 |  | -7518 -6991
16 16000 |  | -7493 -6991
17 17000 |  | -7469 -6991
18 18000 |  | -7446 -6991
19 19000 |  | -7424 -6991
20 20000 |  | -7403 -6991
21 21000 |  | -7383 -6991
22 22000 |  | -7364 -6991
23 23000 |  | -7346 -6991
24 24000 |  | -7329 -6991
25 25000 |  | -7313 -6991
26 26000 |  | -7298 -6991
27 27000 |  | -7284 -6991
28 28000 |  | -7270 -6991
29 29000 |  | -7257 -6991
# neuralos-trace v1 case=inhibitory kind=regression n=2 dt_us=1000 res=cmV plasticity=off divisor=10 steps=100 rows=all
0 0 |  | -6750 -6875
1 1000 |  | -6525 -6757
2 2000 |  | -6323 -6645
3 3000 |  | -6141 -6538
4 4000 |  | -5977 -6437
5 5000 |  | -5830 -6341
6 6000 |  | -5697 -6249
7 7000 |  | -5578 -6162
8 8000 |  | -5471 -6079
9 9000 |  | -5374 -6001
10 10000 |  | -5287 -5926
11 11000 |  | -5209 -5855
12 12000 |  | -5139 -5788
13 13000 |  | -5076 -5724
14 14000 |  | -5019 -5663
15 15000 | 0 | -8000 -5605
16 16000 |  | -8000 -6049
17 17000 |  | -8000 -5972
18 18000 |  | -7650 -5899
19 19000 |  | -7335 -5830
20 20000 |  | -7052 -5764
21 21000 |  | -6797 -5701
22 22000 |  | -6568 -5641
23 23000 |  | -6362 -5584
24 24000 |  | -6176 -5530
25 25000 | 1 | -6009 -8000
26 26000 |  | -5859 -8000
27 27000 |  | -5724 -8000
28 28000 |  | -5602 -7825
29 29000 |  | -5492 -7659
30 30000 |  | -5393 -7502
31 31000 |  | -5304 -7352
32 32000 |  | -5224 -7210
33 33000 |  | -5152 -7075
34 34000 |  | -5087 -6947
35 35000 |  | -5029 -6825
36 36000 | 0 | -8000 -6709
37 37000 |  | -8000 -7098
38 38000 |  | -8000 -6969
39 39000 |  | -7650 -6846
40 40000 |  | -7335 -6729
41 41000 |  | -7052 -6618
42 42000 |  | -6797 -6513
43 43000 |  | -6568 -6413
44 44000 |  | -6362 -6318
45 45000 |  | -6176 -6228
46 46000 |  | -6009 -6142
47 47000 |  | -5859 -6060
48 48000 |  | -5724 -5982
49 49000 |  | -5602 -5908
50 50000 |  | -5492 -5838
51 51000 |  | -5393 -5772
52 52000 |  | -5304 -5709
53 53000 |  | -5224 -5649
54 54000 |  | -5152 -5592
55 55000 |  | -5087 -5538
56 56000 | 1 | -5029 -8000
57 57000 | 0 | -8000 -8000
58 58000 |  | -8000 -8000
59 59000 |  | -8000 -7825
60 60000 |  | -7650 -7659
61 61000 |  | -7335 -7502
62 62000 |  | -7052 -7352
63 63000 |  | -6797 -7210
64 64000 |  | -6568 -7075
65 65000 |  | -6362 -6947
66 66000 |  | -6176 -6825
67 67000 |  | -6009 -6709
68 68000 |  | -5859 -6599
69 69000 |  | -5724 -6495
70 70000 |  | -5602 -6396
71 71000 |  | -5492 -6302
72 72000 |  | -5393 -6212
73 73000 |  | -5304 -6127
74 74000 |  | -5224 -6046
75 75000 |  | -5152 -5969
76 76000 |  | -5087 -5896
77 77000 |  | -5029 -5827
78 78000 | 0 | -8000 -5761
79 79000 |  | -8000 -6197
80 80000 |  | -8000 -6113
81 81000 |  | -7650 -6033
82 82000 |  | -7335 -5957
83 83000 |  | -7052 -5885
84 84000 |  | -6797 -5816
85 85000 |  | -6568 -5751
86 86000 |  | -6362 -5689
87 87000 |  | -6176 -5630
88 88000 |  | -6009 -5574
89 89000 |  | -5859 -5521
90 90000 | 1 | -5724 -8000
91 91000 |  | -5602 -8000
92 92000 |  | -5492 -8000
93 93000 |  | -5393 -7825
94 94000 |  | -5304 -7659
95 95000 |  | -5224 -7502
96 96000 |  | -5152 -7352
97 97000 |  | -5087 -7210
98 98000 |  | -5029 -7075
99 99000 | 0 | -8000 -6947
# neuralos-trace v1 case=refractory kind=regression n=1 dt_us=1000 res=cmV plasticity=off divisor=10 steps=40 rows=all
0 0 | 0 | -8000
1 1000 |  | -8000
2 2000 |  | -8000
3 3000 |  | -6450
4 4000 | 0 | -8000
5 5000 |  | -8000
6 6000 |  | -8000
7 7000 |  | -6450
8 8000 | 0 | -8000
9 9000 |  | -8000
10 10000 |  | -8000
11 11000 |  | -6450
12 12000 | 0 | -8000
13 13000 |  | -8000
14 14000 |  | -8000
15 15000 |  | -6450
16 16000 | 0 | -8000
17 17000 |  | -8000
18 18000 |  | -8000
19 19000 |  | -6450
20 20000 | 0 | -8000
21 21000 |  | -8000
22 22000 |  | -8000
23 23000 |  | -6450
24 24000 | 0 | -8000
25 25000 |  | -8000
26 26000 |  | -8000
27 27000 |  | -6450
28 28000 | 0 | -8000
29 29000 |  | -8000
30 30000 |  | -8000
31 31000 |  | -6450
32 32000 | 0 | -8000
33 33000 |  | -8000
34 34000 |  | -8000
35 35000 |  | -6450
36 36000 | 0 | -8000
37 37000 |  | -8000
38 38000 |  | -8000
39 39000 |  | -6450
# neuralos-trace v1 case=plasticity-off kind=regression n=2 dt_us=1000 res=cmV plasticity=off divisor=1 steps=150 rows=all
0 0 |  | -6700 -6900
1 1000 |  | -6415 -6805
2 2000 |  | -6145 -6715
3 3000 |  | -5888 -6630
4 4000 |  | -5644 -6549
5 5000 | 0 | -8000 -6472
6 6000 |  | -8000 -5899
7 7000 |  | -8000 -5855
8 8000 |  | -7650 -5813
9 9000 |  | -7318 -5773
10 10000 |  | -7003 -5735
11 11000 |  | -6703 -5699
12 12000 |  | -6418 -5665
13 13000 |  | -6148 -5632
14 14000 |  | -5891 -5601
15 15000 |  | -5647 -5571
16 16000 | 0 | -8000 -5543
17 17000 | 1 | -8000 -8000
18 18000 |  | -8000 -8000
19 19000 |  | -7650 -8000
20 20000 |  | -7318 -7850
21 21000 |  | -7003 -7708
22 22000 |  | -6703 -7573
23 23000 |  | -6418 -7445
24 24000 |  | -6148 -7323
25 25000 |  | -5891 -7207
26 26000 |  | -5647 -7097
27 27000 | 0 | -8000 -6993
28 28000 |  | -8000 -6394
29 29000 |  | -8000 -6325
30 30000 |  | -7650 -6259
31 31000 |  | -7318 -6197
32 32000 |  | -7003 -6138
33 33000 |  | -6703 -6082
34 34000 |  | -6418 -6028
35 35000 |  | -6148 -5977
36 36000 |  | -5891 -5929
37 37000 |  | -5647 -5883
38 38000 | 0 | -8000 -5839
39 39000 | 1 | -8000 -8000
40 40000 |  | -8000 -8000
41 41000 |  | -7650 -8000
42 42000 |  | -7318 -7850
43 43000 |  | -7003 -7708
44 44000 |  | -6703 -7573
45 45000 |  | -6418 -7445
46 46000 |  | -6148 -7323
47 47000 |  | -5891 -7207
48 48000 |  | -5647 -7097
49 49000 | 0 | -8000 -6993
50 50000 |  | -8000 -6394
51 51000 |  | -8000 -6325
52 52000 |  | -7650 -6259
53 53000 |  | -7318 -6197
54 54000 |  | -7003 -6138
55 55000 |  | -6703 -6082
56 56000 |  | -6418 -6028
57 57000 |  | -6148 -5977
58 58000 |  | -5891 -5929
59 59000 |  | -5647 -5883
60 60000 | 0 | -8000 -5839
61 61000 | 1 | -8000 -8000
62 62000 |  | -8000 -8000
63 63000 |  | -7650 -8000
64 64000 |  | -7318 -7850
65 65000 |  | -7003 -7708
66 66000 |  | -6703 -7573
67 67000 |  | -6418 -7445
68 68000 |  | -6148 -7323
69 69000 |  | -5891 -7207
70 70000 |  | -5647 -7097
71 71000 | 0 | -8000 -6993
72 72000 |  | -8000 -6394
73 73000 |  | -8000 -6325
74 74000 |  | -7650 -6259
75 75000 |  | -7318 -6197
76 76000 |  | -7003 -6138
77 77000 |  | -6703 -6082
78 78000 |  | -6418 -6028
79 79000 |  | -6148 -5977
80 80000 |  | -5891 -5929
81 81000 |  | -5647 -5883
82 82000 | 0 | -8000 -5839
83 83000 | 1 | -8000 -8000
84 84000 |  | -8000 -8000
85 85000 |  | -7650 -8000
86 86000 |  | -7318 -7850
87 87000 |  | -7003 -7708
88 88000 |  | -6703 -7573
89 89000 |  | -6418 -7445
90 90000 |  | -6148 -7323
91 91000 |  | -5891 -7207
92 92000 |  | -5647 -7097
93 93000 | 0 | -8000 -6993
94 94000 |  | -8000 -6394
95 95000 |  | -8000 -6325
96 96000 |  | -7650 -6259
97 97000 |  | -7318 -6197
98 98000 |  | -7003 -6138
99 99000 |  | -6703 -6082
100 100000 |  | -6418 -6028
101 101000 |  | -6148 -5977
102 102000 |  | -5891 -5929
103 103000 |  | -5647 -5883
104 104000 | 0 | -8000 -5839
105 105000 | 1 | -8000 -8000
106 106000 |  | -8000 -8000
107 107000 |  | -7650 -8000
108 108000 |  | -7318 -7850
109 109000 |  | -7003 -7708
110 110000 |  | -6703 -7573
111 111000 |  | -6418 -7445
112 112000 |  | -6148 -7323
113 113000 |  | -5891 -7207
114 114000 |  | -5647 -7097
115 115000 | 0 | -8000 -6993
116 116000 |  | -8000 -6394
117 117000 |  | -8000 -6325
118 118000 |  | -7650 -6259
119 119000 |  | -7318 -6197
120 120000 |  | -7003 -6138
121 121000 |  | -6703 -6082
122 122000 |  | -6418 -6028
123 123000 |  | -6148 -5977
124 124000 |  | -5891 -5929
125 125000 |  | -5647 -5883
126 126000 | 0 | -8000 -5839
127 127000 | 1 | -8000 -8000
128 128000 |  | -8000 -8000
129 129000 |  | -7650 -8000
130 130000 |  | -7318 -7850
131 131000 |  | -7003 -7708
132 132000 |  | -6703 -7573
133 133000 |  | -6418 -7445
134 134000 |  | -6148 -7323
135 135000 |  | -5891 -7207
136 136000 |  | -5647 -7097
137 137000 | 0 | -8000 -6993
138 138000 |  | -8000 -6394
139 139000 |  | -8000 -6325
140 140000 |  | -7650 -6259
141 141000 |  | -7318 -6197
142 142000 |  | -7003 -6138
143 143000 |  | -6703 -6082
144 144000 |  | -6418 -6028
145 145000 |  | -6148 -5977
146 146000 |  | -5891 -5929
147 147000 |  | -5647 -5883
148 148000 | 0 | -8000 -5839
149 149000 | 1 | -8000 -8000
# neuralos-trace v1 case=saturation-floor-ceiling kind=regression n=1 dt_us=1000 res=mV plasticity=off divisor=10 steps=100 rows=all
0 0 |  | 50
1 1000 |  | 50
2 2000 |  | 50
3 3000 |  | 50
4 4000 |  | 50
5 5000 |  | 50
6 6000 |  | 50
7 7000 |  | 50
8 8000 |  | 50
9 9000 |  | 50
10 10000 |  | 50
11 11000 |  | 50
12 12000 |  | 50
13 13000 |  | 50
14 14000 |  | 50
15 15000 |  | 50
16 16000 |  | 50
17 17000 |  | 50
18 18000 |  | 50
19 19000 |  | 50
20 20000 |  | 44
21 21000 |  | 39
22 22000 |  | 34
23 23000 |  | 29
24 24000 |  | 25
25 25000 |  | 21
26 26000 |  | 17
27 27000 |  | 13
28 28000 |  | 9
29 29000 |  | 6
30 30000 |  | 3
31 31000 |  | 0
32 32000 |  | -3
33 33000 |  | -6
34 34000 |  | -9
35 35000 |  | -12
36 36000 |  | -14
37 37000 |  | -16
38 38000 |  | -18
39 39000 |  | -20
40 40000 |  | -22
41 41000 |  | -24
42 42000 |  | -26
43 43000 |  | -28
44 44000 |  | -30
45 45000 |  | -32
46 46000 |  | -33
47 47000 |  | -34
48 48000 |  | -35
49 49000 |  | -36
50 50000 |  | -100
51 51000 |  | -100
52 52000 |  | -100
53 53000 |  | -100
54 54000 |  | -100
55 55000 |  | -100
56 56000 |  | -100
57 57000 |  | -100
58 58000 |  | -100
59 59000 |  | -100
60 60000 |  | -100
61 61000 |  | -100
62 62000 |  | -100
63 63000 |  | -100
64 64000 |  | -100
65 65000 |  | -100
66 66000 |  | -100
67 67000 |  | -100
68 68000 |  | -100
69 69000 |  | -100
70 70000 |  | -99
71 71000 |  | -98
72 72000 |  | -97
73 73000 |  | -96
74 74000 |  | -95
75 75000 |  | -94
76 76000 |  | -93
77 77000 |  | -92
78 78000 |  | -91
79 79000 |  | -90
80 80000 |  | -89
81 81000 |  | -89
82 82000 |  | -89
83 83000 |  | -89
84 84000 |  | -89
85 85000 |  | -89
86 86000 |  | -89
87 87000 |  | -89
88 88000 |  | -89
89 89000 |  | -89
90 90000 |  | -89
91 91000 |  | -89
92 92000 |  | -89
93 93000 |  | -89
94 94000 |  | -89
95 95000 |  | -89
96 96000 |  | -89
97 97000 |  | -89
98 98000 |  | -89
99 99000 |  | -89
# neuralos-trace v1 case=nir-chain-fixture kind=regression n=1 dt_us=1000 res=mV plasticity=off divisor=10 steps=100 rows=all
0 0 |  | -67
1 1000 |  | -64
2 2000 |  | -62
3 3000 |  | -60
4 4000 |  | -58
5 5000 |  | -56
6 6000 | 0 | -80
7 7000 |  | -80
8 8000 |  | -77
9 9000 |  | -74
10 10000 |  | -71
11 11000 |  | -68
12 12000 |  | -65
13 13000 |  | -62
14 14000 |  | -60
15 15000 |  | -58
16 16000 |  | -56
17 17000 | 0 | -80
18 18000 |  | -80
19 19000 |  | -77
20 20000 |  | -74
21 21000 |  | -71
22 22000 |  | -68
23 23000 |  | -65
24 24000 |  | -62
25 25000 |  | -60
26 26000 |  | -58
27 27000 |  | -56
28 28000 | 0 | -80
29 29000 |  | -80
30 30000 |  | -77
31 31000 |  | -74
32 32000 |  | -71
33 33000 |  | -68
34 34000 |  | -65
35 35000 |  | -62
36 36000 |  | -60
37 37000 |  | -58
38 38000 |  | -56
39 39000 | 0 | -80
40 40000 |  | -80
41 41000 |  | -77
42 42000 |  | -74
43 43000 |  | -71
44 44000 |  | -68
45 45000 |  | -65
46 46000 |  | -62
47 47000 |  | -60
48 48000 |  | -58
49 49000 |  | -56
50 50000 | 0 | -80
51 51000 |  | -80
52 52000 |  | -77
53 53000 |  | -74
54 54000 |  | -71
55 55000 |  | -68
56 56000 |  | -65
57 57000 |  | -62
58 58000 |  | -60
59 59000 |  | -58
60 60000 |  | -56
61 61000 | 0 | -80
62 62000 |  | -80
63 63000 |  | -77
64 64000 |  | -74
65 65000 |  | -71
66 66000 |  | -68
67 67000 |  | -65
68 68000 |  | -62
69 69000 |  | -60
70 70000 |  | -58
71 71000 |  | -56
72 72000 | 0 | -80
73 73000 |  | -80
74 74000 |  | -77
75 75000 |  | -74
76 76000 |  | -71
77 77000 |  | -68
78 78000 |  | -65
79 79000 |  | -62
80 80000 |  | -60
81 81000 |  | -58
82 82000 |  | -56
83 83000 | 0 | -80
84 84000 |  | -80
85 85000 |  | -77
86 86000 |  | -74
87 87000 |  | -71
88 88000 |  | -68
89 89000 |  | -65
90 90000 |  | -62
91 91000 |  | -60
92 92000 |  | -58
93 93000 |  | -56
94 94000 | 0 | -80
95 95000 |  | -80
96 96000 |  | -77
97 97000 |  | -74
98 98000 |  | -71
99 99000 |  | -68
# neuralos-trace v1 case=ternary-weights kind=regression n=3 dt_us=1000 res=mV plasticity=off divisor=1 steps=100 rows=all
0 0 |  | -67 -69 -69
1 1000 |  | -65 -68 -68
2 2000 |  | -63 -67 -67
3 3000 |  | -61 -66 -66
4 4000 |  | -59 -65 -65
5 5000 |  | -57 -64 -64
6 6000 | 0 | -80 -63 -63
7 7000 | 1 2 | -80 -80 -80
8 8000 |  | -80 -80 -80
9 9000 |  | -77 -80 -80
10 10000 |  | -74 -78 -78
11 11000 |  | -71 -77 -77
12 12000 |  | -68 -76 -76
13 13000 |  | -66 -75 -75
14 14000 |  | -64 -74 -74
15 15000 |  | -62 -73 -73
16 16000 |  | -60 -72 -72
17 17000 |  | -58 -71 -71
18 18000 |  | -56 -70 -70
19 19000 | 0 | -80 -69 -69
20 20000 |  | -80 -60 -60
21 21000 |  | -80 -59 -59
22 22000 |  | -77 -59 -59
23 23000 |  | -74 -59 -59
24 24000 |  | -71 -59 -59
25 25000 |  | -68 -59 -59
26 26000 |  | -66 -59 -59
27 27000 |  | -64 -59 -59
28 28000 |  | -62 -59 -59
29 29000 |  | -60 -59 -59
30 30000 |  | -58 -59 -59
31 31000 |  | -56 -59 -59
32 32000 | 0 | -80 -59 -59
33 33000 | 1 2 | -80 -80 -80
34 34000 |  | -80 -80 -80
35 35000 |  | -77 -80 -80
36 36000 |  | -74 -78 -78
37 37000 |  | -71 -77 -77
38 38000 |  | -68 -76 -76
39 39000 |  | -66 -75 -75
40 40000 |  | -64 -74 -74
41 41000 |  | -62 -73 -73
42 42000 |  | -60 -72 -72
43 43000 |  | -58 -71 -71
44 44000 |  | -56 -70 -70
45 45000 | 0 | -80 -69 -69
46 46000 |  | -80 -60 -60
47 47000 |  | -80 -59 -59
48 48000 |  | -77 -59 -59
49 49000 |  | -74 -59 -59
50 50000 |  | -71 -59 -59
51 51000 |  | -68 -59 -59
52 52000 |  | -66 -59 -59
53 53000 |  | -64 -59 -59
54 54000 |  | -62 -59 -59
55 55000 |  | -60 -59 -59
56 56000 |  | -58 -59 -59
57 57000 |  | -56 -59 -59
58 58000 | 0 | -80 -59 -59
59 59000 | 1 2 | -80 -80 -80
60 60000 |  | -80 -80 -80
61 61000 |  | -77 -80 -80
62 62000 |  | -74 -78 -78
63 63000 |  | -71 -77 -77
64 64000 |  | -68 -76 -76
65 65000 |  | -66 -75 -75
66 66000 |  | -64 -74 -74
67 67000 |  | -62 -73 -73
68 68000 |  | -60 -72 -72
69 69000 |  | -58 -71 -71
70 70000 |  | -56 -70 -70
71 71000 | 0 | -80 -69 -69
72 72000 |  | -80 -60 -60
73 73000 |  | -80 -59 -59
74 74000 |  | -77 -59 -59
75 75000 |  | -74 -59 -59
76 76000 |  | -71 -59 -59
77 77000 |  | -68 -59 -59
78 78000 |  | -66 -59 -59
79 79000 |  | -64 -59 -59
80 80000 |  | -62 -59 -59
81 81000 |  | -60 -59 -59
82 82000 |  | -58 -59 -59
83 83000 |  | -56 -59 -59
84 84000 | 0 | -80 -59 -59
85 85000 | 1 2 | -80 -80 -80
86 86000 |  | -80 -80 -80
87 87000 |  | -77 -80 -80
88 88000 |  | -74 -78 -78
89 89000 |  | -71 -77 -77
90 90000 |  | -68 -76 -76
91 91000 |  | -66 -75 -75
92 92000 |  | -64 -74 -74
93 93000 |  | -62 -73 -73
94 94000 |  | -60 -72 -72
95 95000 |  | -58 -71 -71
96 96000 |  | -56 -70 -70
97 97000 | 0 | -80 -69 -69
98 98000 |  | -80 -60 -60
99 99000 |  | -80 -59 -59
# neuralos-trace v1 case=snntorch-two-layer kind=regression n=2 dt_us=100 res=cmV plasticity=off divisor=10 steps=150 rows=all
0 0 |  | 1000 0
1 100 | 0 | 0 0
2 200 |  | 999 1000
3 300 | 0 | 0 980
4 400 | 1 | 999 0
5 500 | 0 | 0 -1
6 600 |  | 999 999
7 700 | 0 | 0 980
8 800 | 1 | 999 0
9 900 | 0 | 0 -1
10 1000 |  | -1 999
11 1100 |  | -1 980
12 1200 |  | -1 961
13 1300 |  | -1 942
14 1400 |  | -1 924
15 1500 |  | -1 906
16 1600 |  | -1 888
17 1700 |  | -1 871
18 1800 |  | -1 854
19 1900 |  | -1 837
20 2000 |  | -1 821
21 2100 |  | -1 805
22 2200 |  | -1 789
23 2300 |  | -1 774
24 2400 |  | -1 759
25 2500 |  | -1 744
26 2600 |  | -1 730
27 2700 |  | -1 716
28 2800 |  | -1 702
29 2900 |  | -1 688
30 3000 |  | -1 675
31 3100 |  | -1 662
32 3200 |  | -1 649
33 3300 |  | -1 637
34 3400 |  | -1 625
35 3500 |  | -1 613
36 3600 |  | -1 601
37 3700 |  | -1 589
38 3800 |  | -1 578
39 3900 |  | -1 567
40 4000 |  | -1 556
41 4100 |  | -1 545
42 4200 |  | -1 535
43 4300 |  | -1 525
44 4400 |  | -1 515
45 4500 |  | -1 505
46 4600 |  | -1 495
47 4700 |  | -1 486
48 4800 |  | -1 477
49 4900 |  | -1 468
50 5000 |  | 999 459
51 5100 | 0 | 0 450
52 5200 | 1 | 999 0
53 5300 | 0 | 0 -1
54 5400 |  | 999 999
55 5500 | 0 | 0 980
56 5600 | 1 | 999 0
57 5700 | 0 | 0 -1
58 5800 |  | 999 999
59 5900 | 0 | 0 980
60 6000 | 1 | -1 0
61 6100 |  | -1 -1
62 6200 |  | -1 -1
63 6300 |  | -1 -1
64 6400 |  | -1 -1
65 6500 |  | -1 -1
66 6600 |  | -1 -1
67 6700 |  | -1 -1
68 6800 |  | -1 -1
69 6900 |  | -1 -1
70 7000 |  | -1 -1
71 7100 |  | -1 -1
72 7200 |  | -1 -1
73 7300 |  | -1 -1
74 7400 |  | -1 -1
75 7500 |  | -1 -1
76 7600 |  | -1 -1
77 7700 |  | -1 -1
78 7800 |  | -1 -1
79 7900 |  | -1 -1
80 8000 |  | -1 -1
81 8100 |  | -1 -1
82 8200 |  | -1 -1
83 8300 |  | -1 -1
84 8400 |  | -1 -1
85 8500 |  | -1 -1
86 8600 |  | -1 -1
87 8700 |  | -1 -1
88 8800 |  | -1 -1
89 8900 |  | -1 -1
90 9000 |  | -1 -1
91 9100 |  | -1 -1
92 9200 |  | -1 -1
93 9300 |  | -1 -1
94 9400 |  | -1 -1
95 9500 |  | -1 -1
96 9600 |  | -1 -1
97 9700 |  | -1 -1
98 9800 |  | -1 -1
99 9900 |  | -1 -1
100 10000 |  | -1 -1
101 10100 |  | -1 -1
102 10200 |  | -1 -1
103 10300 |  | -1 -1
104 10400 |  | -1 -1
105 10500 |  | -1 -1
106 10600 |  | -1 -1
107 10700 |  | -1 -1
108 10800 |  | -1 -1
109 10900 |  | -1 -1
110 11000 |  | -1 -1
111 11100 |  | -1 -1
112 11200 |  | -1 -1
113 11300 |  | -1 -1
114 11400 |  | -1 -1
115 11500 |  | -1 -1
116 11600 |  | -1 -1
117 11700 |  | -1 -1
118 11800 |  | -1 -1
119 11900 |  | -1 -1
120 12000 |  | -1 -1
121 12100 |  | -1 -1
122 12200 |  | -1 -1
123 12300 |  | -1 -1
124 12400 |  | -1 -1
125 12500 |  | -1 -1
126 12600 |  | -1 -1
127 12700 |  | -1 -1
128 12800 |  | -1 -1
129 12900 |  | -1 -1
130 13000 |  | -1 -1
131 13100 |  | -1 -1
132 13200 |  | -1 -1
133 13300 |  | -1 -1
134 13400 |  | -1 -1
135 13500 |  | -1 -1
136 13600 |  | -1 -1
137 13700 |  | -1 -1
138 13800 |  | -1 -1
139 13900 |  | -1 -1
140 14000 |  | -1 -1
141 14100 |  | -1 -1
142 14200 |  | -1 -1
143 14300 |  | -1 -1
144 14400 |  | -1 -1
145 14500 |  | -1 -1
146 14600 |  | -1 -1
147 14700 |  | -1 -1
148 14800 |  | -1 -1
149 14900 |  | -1 -1
# neuralos-trace v1 case=two-lif-neurons kind=regression n=2 dt_us=100 res=cmV plasticity=off divisor=10 steps=150 rows=all
0 0 | 0 | 0 0
1 100 |  | 21 1
2 200 |  | 42 1
3 300 |  | 63 1
4 400 |  | 84 1
5 500 |  | 105 1
6 600 |  | 125 1
7 700 |  | 145 1
8 800 |  | 165 1
9 900 |  | 185 1
10 1000 |  | 205 1
11 1100 |  | 224 1
12 1200 |  | 243 1
13 1300 |  | 262 1
14 1400 |  | 281 1
15 1500 |  | 300 1
16 1600 |  | 319 1
17 1700 |  | 337 1
18 1800 |  | 355 1
19 1900 |  | 373 1
20 2000 |  | 391 1
21 2100 |  | 409 1
22 2200 |  | 426 1
23 2300 |  | 443 1
24 2400 |  | 460 1
25 2500 |  | 477 1
26 2600 |  | 494 1
27 2700 |  | 511 1
28 2800 |  | 527 1
29 2900 |  | 543 1
30 3000 |  | 559 1
31 3100 |  | 575 1
32 3200 |  | 591 1
33 3300 |  | 607 1
34 3400 |  | 622 1
35 3500 |  | 637 1
36 3600 |  | 652 1
37 3700 |  | 667 1
38 3800 |  | 682 1
39 3900 |  | 697 1
40 4000 |  | 712 1
41 4100 |  | 726 1
42 4200 |  | 740 1
43 4300 |  | 754 1
44 4400 |  | 768 1
45 4500 |  | 782 1
46 4600 |  | 796 1
47 4700 |  | 810 1
48 4800 |  | 823 1
49 4900 |  | 836 1
50 5000 |  | 849 1
51 5100 |  | 862 1
52 5200 |  | 875 1
53 5300 |  | 888 1
54 5400 |  | 901 1
55 5500 |  | 913 1
56 5600 |  | 925 1
57 5700 |  | 937 1
58 5800 |  | 949 1
59 5900 |  | 961 1
60 6000 |  | 973 1
61 6100 |  | 985 1
62 6200 |  | 997 1
63 6300 | 0 | 0 1
64 6400 |  | 21 1
65 6500 |  | 42 1
66 6600 |  | 63 1
67 6700 |  | 84 1
68 6800 |  | 105 1
69 6900 |  | 125 1
70 7000 |  | 145 1
71 7100 |  | 165 1
72 7200 |  | 185 1
73 7300 |  | 205 1
74 7400 |  | 224 1
75 7500 |  | 243 1
76 7600 |  | 262 1
77 7700 |  | 281 1
78 7800 |  | 300 1
79 7900 |  | 319 1
80 8000 |  | 337 1
81 8100 |  | 355 1
82 8200 |  | 373 1
83 8300 |  | 391 1
84 8400 |  | 409 1
85 8500 |  | 426 1
86 8600 |  | 443 1
87 8700 |  | 460 1
88 8800 |  | 477 1
89 8900 |  | 494 1
90 9000 |  | 511 1
91 9100 |  | 527 1
92 9200 |  | 543 1
93 9300 |  | 559 1
94 9400 |  | 575 1
95 9500 |  | 591 1
96 9600 |  | 607 1
97 9700 |  | 622 1
98 9800 |  | 637 1
99 9900 |  | 652 1
100 10000 |  | 667 1
101 10100 |  | 682 1
102 10200 |  | 697 1
103 10300 |  | 712 1
104 10400 |  | 726 1
105 10500 |  | 740 1
106 10600 |  | 754 1
107 10700 |  | 768 1
108 10800 |  | 782 1
109 10900 |  | 796 1
110 11000 |  | 810 1
111 11100 |  | 823 1
112 11200 |  | 836 1
113 11300 |  | 849 1
114 11400 |  | 862 1
115 11500 |  | 875 1
116 11600 |  | 888 1
117 11700 |  | 901 1
118 11800 |  | 913 1
119 11900 |  | 925 1
120 12000 |  | 937 1
121 12100 |  | 949 1
122 12200 |  | 961 1
123 12300 |  | 973 1
124 12400 |  | 985 1
125 12500 |  | 997 1
126 12600 | 0 | 0 1
127 12700 |  | 21 1
128 12800 |  | 42 1
129 12900 |  | 63 1
130 13000 |  | 84 1
131 13100 |  | 105 1
132 13200 |  | 125 1
133 13300 |  | 145 1
134 13400 |  | 165 1
135 13500 |  | 185 1
136 13600 |  | 205 1
137 13700 |  | 224 1
138 13800 |  | 243 1
139 13900 |  | 262 1
140 14000 |  | 281 1
141 14100 |  | 300 1
142 14200 |  | 319 1
143 14300 |  | 337 1
144 14400 |  | 355 1
145 14500 |  | 373 1
146 14600 |  | 391 1
147 14700 |  | 409 1
148 14800 |  | 426 1
149 14900 |  | 443 1
# neuralos-trace end
stack: 1432 of 316316 bytes high-water after the replays
spike at 53150 us (step 53)
spike at 119462 us (step 119)
spike at 186641 us (step 186)
spike at 258979 us (step 258)
spike at 330184 us (step 329)
spike at 399456 us (step 398)
spike at 469650 us (step 468)
spike at 536830 us (step 535)
spike at 603998 us (step 602)
spike at 669176 us (step 667)
spike at 742427 us (step 740)
spike at 807598 us (step 805)
spike at 879792 us (step 877)
spike at 944985 us (step 942)
spike at 1013168 us (step 1010)
spike at 1086439 us (step 1083)
spike at 1157616 us (step 1154)
spike at 1222787 us (step 1219)
spike at 1291974 us (step 1288)
spike at 1361304 us (step 1357)
spike at 1430520 us (step 1426)
spike at 1495846 us (step 1491)
spike at 1562129 us (step 1557)
spike at 1631330 us (step 1626)
spike at 1700525 us (step 1695)
spike at 1772744 us (step 1767)
spike at 1839926 us (step 1834)
spike at 1908103 us (step 1902)
spike at 1980290 us (step 1974)
spike at 2046473 us (step 2040)
spike at 2111811 us (step 2105)
spike at 2183011 us (step 2176)
spike at 2249188 us (step 2242)
spike at 2318437 us (step 2311)
spike at 2387613 us (step 2380)
spike at 2454789 us (step 2447)
spike at 2523967 us (step 2516)
spike at 2595186 us (step 2587)
spike at 2667445 us (step 2659)
spike at 2733619 us (step 2725)
spike at 2806861 us (step 2798)
spike at 2873052 us (step 2864)
spike at 2946253 us (step 2937)
spike at 3011502 us (step 3002)
spike at 3079695 us (step 3070)
spike at 3144875 us (step 3135)
spike at 3214206 us (step 3204)
spike at 3280464 us (step 3270)
spike at 3349655 us (step 3339)
spike at 3419838 us (step 3409)
spike at 3485029 us (step 3474)
spike at 3554202 us (step 3543)
spike at 3619455 us (step 3608)
spike at 3686636 us (step 3675)
spike at 3753814 us (step 3742)
spike at 3819987 us (step 3808)
spike at 3893170 us (step 3881)
spike at 3962364 us (step 3950)
spike at 4030550 us (step 4018)
spike at 4099753 us (step 4087)
spike at 4172956 us (step 4160)
spike at 4242238 us (step 4229)
spike at 4313491 us (step 4300)
spike at 4378744 us (step 4365)
spike at 4444016 us (step 4430)
spike at 4513197 us (step 4499)
spike at 4578377 us (step 4564)
spike at 4648550 us (step 4634)
spike at 4716734 us (step 4702)
spike at 4781925 us (step 4767)
spike at 4848153 us (step 4833)
spike at 4921346 us (step 4906)
spike at 4991534 us (step 4976)
spike at 5059768 us (step 5044)
spike at 5129976 us (step 5114)
spike at 5195158 us (step 5179)
spike at 5267393 us (step 5251)
spike at 5338591 us (step 5322)
spike at 5403814 us (step 5387)
spike at 5474000 us (step 5457)
spike at 5547199 us (step 5530)
spike at 5616395 us (step 5599)
spike at 5681566 us (step 5664)
spike at 5753756 us (step 5736)
spike at 5820100 us (step 5802)
spike at 5889295 us (step 5871)
spike at 5954555 us (step 5936)
spike at 6023918 us (step 6005)
spike at 6095187 us (step 6076)
spike at 6163373 us (step 6144)
spike at 6234565 us (step 6215)
spike at 6307763 us (step 6288)
spike at 6374002 us (step 6354)
spike at 6439194 us (step 6419)
spike at 6504402 us (step 6484)
spike at 6575589 us (step 6555)
spike at 6644918 us (step 6624)
spike at 6710112 us (step 6689)
spike at 6778283 us (step 6757)
spike at 6851542 us (step 6830)
spike at 6922721 us (step 6901)
spike at 6991057 us (step 6969)
spike at 7057247 us (step 7035)
spike at 7122415 us (step 7100)
spike at 7190607 us (step 7168)
spike at 7260802 us (step 7238)
spike at 7328975 us (step 7306)
spike at 7398201 us (step 7375)
spike at 7469382 us (step 7446)
spike at 7534583 us (step 7511)
spike at 7603796 us (step 7580)
spike at 7672986 us (step 7649)
spike at 7744318 us (step 7720)
spike at 7813588 us (step 7789)
spike at 7881924 us (step 7857)
spike at 7949109 us (step 7924)
spike at 8014291 us (step 7989)
spike at 8087566 us (step 8062)
spike at 8156744 us (step 8131)
spike at 8226094 us (step 8200)
spike at 8297276 us (step 8271)
spike at 8363540 us (step 8337)
spike at 8431713 us (step 8405)
spike at 8499027 us (step 8472)
spike at 8568225 us (step 8541)
spike at 8633391 us (step 8606)
spike at 8699600 us (step 8672)
spike at 8766771 us (step 8739)
spike at 8833941 us (step 8806)
spike at 8905135 us (step 8877)
spike at 8973366 us (step 8945)
spike at 9039605 us (step 9011)
spike at 9106783 us (step 9078)
spike at 9171956 us (step 9143)
spike at 9241135 us (step 9212)
spike at 9314321 us (step 9285)
spike at 9383583 us (step 9354)
spike at 9452763 us (step 9423)
spike at 9519992 us (step 9490)
spike at 9591168 us (step 9561)
spike at 9656363 us (step 9626)
spike at 9725628 us (step 9695)
spike at 9794820 us (step 9764)
spike at 9862067 us (step 9831)
spike at 9928362 us (step 9897)
spike at 9997623 us (step 9966)
spike at 10066951 us (step 10035)
spike at 10133124 us (step 10101)
spike at 10206322 us (step 10174)
spike at 10271573 us (step 10239)
spike at 10339754 us (step 10307)
spike at 10407970 us (step 10375)
spike at 10474150 us (step 10441)
spike at 10539330 us (step 10506)
spike at 10610588 us (step 10577)
spike at 10676775 us (step 10643)
spike at 10742021 us (step 10708)
spike at 10811211 us (step 10777)
spike at 10882402 us (step 10848)
spike at 10951636 us (step 10917)
spike at 11017862 us (step 10983)
spike at 11087041 us (step 11052)
spike at 11152219 us (step 11117)
spike at 11218592 us (step 11183)
spike at 11283775 us (step 11248)
spike at 11348969 us (step 11313)
spike at 11419288 us (step 11383)
spike at 11486473 us (step 11450)
spike at 11556656 us (step 11520)
spike at 11628010 us (step 11591)
spike at 11693197 us (step 11656)
spike at 11762444 us (step 11725)
spike at 11829654 us (step 11792)
spike at 11898839 us (step 11861)
spike at 11964035 us (step 11926)
spike at 12031207 us (step 11993)
spike at 12096390 us (step 12058)
spike at 12161662 us (step 12123)
spike at 12229967 us (step 12191)
spike at 12295165 us (step 12256)
spike at 12364344 us (step 12325)
spike at 12429633 us (step 12390)
spike at 12498819 us (step 12459)
spike at 12567019 us (step 12527)
spike at 12636213 us (step 12596)
spike at 12702454 us (step 12662)
spike at 12774684 us (step 12734)
spike at 12841870 us (step 12801)
spike at 12913056 us (step 12872)
spike at 12978255 us (step 12937)
spike at 13047450 us (step 13006)
spike at 13114680 us (step 13073)
spike at 13186998 us (step 13145)
spike at 13252176 us (step 13210)
spike at 13321362 us (step 13279)
spike at 13390635 us (step 13348)
spike at 13462810 us (step 13420)
spike at 13528147 us (step 13485)
spike at 13598338 us (step 13555)
spike at 13663517 us (step 13620)
spike at 13732716 us (step 13689)
spike at 13798908 us (step 13755)
spike at 13868233 us (step 13824)
spike at 13937466 us (step 13893)
spike at 14008693 us (step 13964)
spike at 14076877 us (step 14032)
spike at 14142065 us (step 14097)
spike at 14210402 us (step 14165)
spike at 14279668 us (step 14234)
spike at 14344848 us (step 14299)
spike at 14413021 us (step 14367)
spike at 14479211 us (step 14433)
spike at 14545404 us (step 14499)
spike at 14610650 us (step 14564)
spike at 14679835 us (step 14633)
spike at 14749035 us (step 14702)
spike at 14818238 us (step 14771)
spike at 14883427 us (step 14836)
spike at 14951674 us (step 14904)
spike at 15016876 us (step 14969)
spike at 15088068 us (step 15040)
spike at 15156261 us (step 15108)
spike at 15222491 us (step 15174)
spike at 15287712 us (step 15239)
spike at 15353042 us (step 15304)
spike at 15420221 us (step 15371)
spike at 15485389 us (step 15436)
spike at 15553571 us (step 15504)
spike at 15618748 us (step 15569)
spike at 15683922 us (step 15634)
spike at 15755098 us (step 15705)
spike at 15820276 us (step 15770)
spike at 15888452 us (step 15838)
spike at 15957697 us (step 15907)
spike at 16030888 us (step 15980)
spike at 16101089 us (step 16050)
spike at 16174284 us (step 16123)
spike at 16243466 us (step 16192)
spike at 16314739 us (step 16263)
spike at 16385946 us (step 16334)
spike at 16457174 us (step 16405)
spike at 16525369 us (step 16473)
spike at 16595582 us (step 16543)
spike at 16668774 us (step 16616)
spike at 16734971 us (step 16682)
spike at 16800215 us (step 16747)
spike at 16869402 us (step 16816)
spike at 16939684 us (step 16886)
spike at 17004867 us (step 16951)
spike at 17070047 us (step 17016)
spike at 17136355 us (step 17082)
spike at 17204556 us (step 17150)
spike at 17272757 us (step 17218)
spike at 17343961 us (step 17289)
spike at 17417159 us (step 17362)
spike at 17482512 us (step 17427)
spike at 17548759 us (step 17493)
spike at 17613946 us (step 17558)
spike at 17684290 us (step 17628)
spike at 17755484 us (step 17699)
spike at 17820739 us (step 17764)
spike at 17885911 us (step 17829)
spike at 17954082 us (step 17897)
spike at 18019266 us (step 17962)
spike at 18088449 us (step 18031)
spike at 18161747 us (step 18104)
spike at 18230951 us (step 18173)
spike at 18300139 us (step 18242)
spike at 18369334 us (step 18311)
spike at 18436522 us (step 18378)
spike at 18504778 us (step 18446)
spike at 18574970 us (step 18516)
spike at 18640143 us (step 18581)
spike at 18707332 us (step 18648)
spike at 18773527 us (step 18714)
spike at 18846791 us (step 18787)
spike at 18916989 us (step 18857)
spike at 18982176 us (step 18922)
spike at 19051361 us (step 18991)
spike at 19117529 us (step 19057)
spike at 19182780 us (step 19122)
spike at 19248964 us (step 19188)
spike at 19314152 us (step 19253)
spike at 19383346 us (step 19322)
spike at 19449541 us (step 19388)
spike at 19521797 us (step 19460)
spike at 19587142 us (step 19525)
