spike at 206755262 us (step 206317)
spike at 206823564 us (step 206385)
ESP-ROM:esp32c3-api1-20210207
Build:Feb  7 2021
rst:0x15 (USB_UART_CHIP_RESET),boot:0xd (SPI_FAST_FLASH_BOOT)
Saved PC:0x42012db4
SPIWP:0xee
mode:DIO, clock div:2
load:0x3fcd5820,len:0x15c4
load:0x403cbf10,len:0xc84
load:0x403ce710,len:0x2fd0
entry 0x403cbf1a
I (24) boot: ESP-IDF v5.5.1-838-gd66ebb86d2e 2nd stage bootloader
I (25) boot: compile time Nov 26 2025 12:25:17
I (25) boot: chip revision: v0.4
I (26) boot: efuse block revision: v1.3
I (30) boot.esp32c3: SPI Speed      : 40MHz
I (34) boot.esp32c3: SPI Mode       : DIO
I (37) boot.esp32c3: SPI Flash Size : 4MB
I (41) boot: Enabling RNG early entropy source...
I (46) boot: Partition Table:
I (48) boot: ## Label            Usage          Type ST Offset   Length
I (54) boot:  0 nvs              WiFi data        01 02 00009000 00006000
I (61) boot:  1 phy_init         RF data          01 01 0000f000 00001000
I (67) boot:  2 factory          factory app      00 00 00010000 003f0000
I (74) boot: End of partition table
I (77) esp_image: segment 0: paddr=00010020 vaddr=3c000020 size=0222ch (  8748) map
I (87) esp_image: segment 1: paddr=00012254 vaddr=3fc80cf8 size=002f0h (   752) load
I (92) esp_image: segment 2: paddr=0001254c vaddr=40380000 size=00cf8h (  3320) load
I (100) esp_image: segment 3: paddr=0001324c vaddr=00000000 size=0cdcch ( 52684) 
I (118) esp_image: segment 4: paddr=00020020 vaddr=42010020 size=0739ch ( 29596) map
I (125) boot: Loaded app from partition at offset 0x10000
I (126) boot: Disabling RNG early entropy source...
neuralos-esp32c3: LIF neuron, centi-mV grid, dt=1000 us, input=160 uA
burst free: 10000 steps in 5636 us -> 563 ns/step, 147 spikes, first spike step 55, checksum 0b78b456
burst pinned: 10000 steps in 15798 us -> 1579 ns/step, 147 spikes, first spike step 55, checksum 0b78b456
spike at 56241 us (step 56)
spike at 123516 us (step 123)
spike at 191760 us (step 191)
spike at 261093 us (step 260)
spike at 329386 us (step 328)
spike at 397650 us (step 396)
spike at 466913 us (step 465)
spike at 534184 us (step 532)
spike at 602468 us (step 600)
spike at 671731 us (step 669)
spike at 739013 us (step 736)
spike at 807260 us (step 804)
spike at 876524 us (step 873)
spike at 943754 us (step 940)
spike at 1011992 us (step 1008)
spike at 1080250 us (step 1076)
spike at 1147475 us (step 1143)
spike at 1215719 us (step 1211)
spike at 1284045 us (step 1279)
spike at 1351401 us (step 1346)
spike at 1418692 us (step 1413)
spike at 1487945 us (step 1482)
spike at 1555279 us (step 1549)
spike at 1622530 us (step 1616)
spike at 1690825 us (step 1684)
spike at 1759060 us (step 1752)
spike at 1827318 us (step 1820)
spike at 1896580 us (step 1889)
spike at 1963811 us (step 1956)
spike at 2032050 us (step 2024)
spike at 2100325 us (step 2092)
spike at 2168583 us (step 2160)
spike at 2235815 us (step 2227)
spike at 2305055 us (step 2296)
spike at 2373296 us (step 2364)
spike at 2441546 us (step 2432)
spike at 2510805 us (step 2501)
spike at 2579057 us (step 2569)
spike at 2647292 us (step 2637)
spike at 2715554 us (step 2705)
spike at 2783969 us (step 2773)
spike at 2852208 us (step 2841)
spike at 2921509 us (step 2910)
spike at 2988758 us (step 2977)
spike at 3056989 us (step 3045)
spike at 3125243 us (step 3113)
spike at 3192514 us (step 3180)
spike at 3260748 us (step 3248)
spike at 3328998 us (step 3316)
spike at 3396258 us (step 3383)
spike at 3464520 us (step 3451)
spike at 3533825 us (step 3520)
spike at 3601074 us (step 3587)
spike at 3669310 us (step 3655)
spike at 3737568 us (step 3723)
spike at 3805826 us (step 3791)
spike at 3874077 us (step 3859)
spike at 3942314 us (step 3927)
spike at 4010572 us (step 3995)
spike at 4078808 us (step 4063)
spike at 4147042 us (step 4131)
spike at 4215286 us (step 4199)
spike at 4284534 us (step 4268)
spike at 4352789 us (step 4336)
spike at 4421012 us (step 4404)
spike at 4490248 us (step 4473)
spike at 4558533 us (step 4541)
spike at 4626783 us (step 4609)
spike at 4696021 us (step 4678)
spike at 4763250 us (step 4745)
spike at 4830536 us (step 4812)
spike at 4899786 us (step 4881)
spike at 4967017 us (step 4948)
spike at 5035251 us (step 5016)
spike at 5103541 us (step 5084)
spike at 5171781 us (step 5152)
spike at 5240021 us (step 5220)
spike at 5308264 us (step 5288)
spike at 5376545 us (step 5356)
spike at 5444801 us (step 5424)
spike at 5512027 us (step 5491)
spike at 5579326 us (step 5558)
spike at 5647553 us (step 5626)
spike at 5715800 us (step 5694)
spike at 5784026 us (step 5762)
spike at 5853276 us (step 5831)
spike at 5921559 us (step 5899)
spike at 5988805 us (step 5966)
spike at 6057049 us (step 6034)
spike at 6124272 us (step 6101)
spike at 6191564 us (step 6168)
spike at 6259804 us (step 6236)
spike at 6328038 us (step 6304)
spike at 6395274 us (step 6371)
spike at 6464575 us (step 6440)
spike at 6532816 us (step 6508)
spike at 6600044 us (step 6575)
spike at 6668281 us (step 6643)
spike at 6736575 us (step 6711)
spike at 6804816 us (step 6779)
spike at 6873053 us (step 6847)
spike at 6940284 us (step 6914)
spike at 7007571 us (step 6981)
spike at 7075820 us (step 7049)
spike at 7144054 us (step 7117)
spike at 7212292 us (step 7185)
spike at 7280579 us (step 7253)
spike at 7347821 us (step 7320)
spike at 7416060 us (step 7388)
spike at 7484296 us (step 7456)
spike at 7551580 us (step 7523)
spike at 7619837 us (step 7591)
spike at 7688071 us (step 7659)
spike at 7756301 us (step 7727)
spike at 7824597 us (step 7795)
spike at 7892833 us (step 7863)
spike at 7960066 us (step 7930)
spike at 8028306 us (step 7998)
spike at 8096598 us (step 8066)
spike at 8163837 us (step 8133)
spike at 8232073 us (step 8201)
spike at 8300307 us (step 8269)
spike at 8367595 us (step 8336)
spike at 8436848 us (step 8405)
spike at 8505079 us (step 8473)
spike at 8573310 us (step 8541)
spike at 8642604 us (step 8610)
spike at 8709848 us (step 8677)
spike at 8777081 us (step 8744)
spike at 8846319 us (step 8813)
spike at 8914612 us (step 8881)
spike at 8981853 us (step 8948)
spike at 9050088 us (step 9016)
spike at 9117321 us (step 9083)
spike at 9185617 us (step 9151)
spike at 9253851 us (step 9219)
spike at 9321097 us (step 9286)
spike at 9389339 us (step 9354)
spike at 9457612 us (step 9422)
spike at 9525863 us (step 9490)
spike at 9594138 us (step 9558)
spike at 9662368 us (step 9626)
spike at 9729618 us (step 9693)
spike at 9797865 us (step 9761)
spike at 9866099 us (step 9829)
spike at 9933336 us (step 9896)
spike at 10001632 us (step 9964)
spike at 10069871 us (step 10032)
spike at 10137105 us (step 10099)
spike at 10205342 us (step 10167)
spike at 10273627 us (step 10235)
spike at 10340875 us (step 10302)
spike at 10409110 us (step 10370)
spike at 10477348 us (step 10438)
spike at 10545637 us (step 10506)
spike at 10613884 us (step 10574)
spike at 10682116 us (step 10642)
spike at 10749350 us (step 10709)
spike at 10818649 us (step 10778)
spike at 10886886 us (step 10846)
spike at 10954118 us (step 10913)
spike at 11023357 us (step 10982)
spike at 11090640 us (step 11049)
spike at 11157881 us (step 11116)
spike at 11226163 us (step 11184)
spike at 11294388 us (step 11252)
spike at 11362652 us (step 11320)
spike at 11431896 us (step 11389)
spike at 11499123 us (step 11456)
spike at 11567370 us (step 11524)
spike at 11636655 us (step 11593)
spike at 11704899 us (step 11661)
spike at 11773131 us (step 11729)
spike at 11841372 us (step 11797)
spike at 11909657 us (step 11865)
spike at 11977926 us (step 11933)
spike at 12046178 us (step 12001)
spike at 12113410 us (step 12068)
spike at 12181661 us (step 12136)
spike at 12249911 us (step 12204)
spike at 12317142 us (step 12271)
spike at 12386382 us (step 12340)
spike at 12454671 us (step 12408)
spike at 12522910 us (step 12476)
spike at 12592153 us (step 12545)
spike at 12659392 us (step 12612)
spike at 12727673 us (step 12680)
spike at 12796920 us (step 12749)
spike at 12864153 us (step 12816)
spike at 12932390 us (step 12884)
spike at 13001678 us (step 12953)
spike at 13068923 us (step 13020)
spike at 13137160 us (step 13088)
spike at 13205388 us (step 13156)
spike at 13273685 us (step 13224)
spike at 13341928 us (step 13292)
spike at 13410158 us (step 13360)
spike at 13477378 us (step 13427)
spike at 13545684 us (step 13495)
spike at 13613934 us (step 13563)
spike at 13681164 us (step 13630)
spike at 13750400 us (step 13699)
spike at 13818690 us (step 13767)
spike at 13885935 us (step 13834)
spike at 13954224 us (step 13902)
spike at 14022455 us (step 13970)
spike at 14089695 us (step 14037)
spike at 14158924 us (step 14106)
spike at 14227251 us (step 14174)
spike at 14294517 us (step 14241)
spike at 14363756 us (step 14310)
spike at 14431985 us (step 14378)
spike at 14499365 us (step 14445)
spike at 14567686 us (step 14513)
spike at 14635948 us (step 14581)
spike at 14703182 us (step 14648)
spike at 14771433 us (step 14716)
spike at 14839708 us (step 14784)
spike at 14906952 us (step 14851)
spike at 14975188 us (step 14919)
spike at 15043456 us (step 14987)
spike at 15110713 us (step 15054)
spike at 15179020 us (step 15122)
spike at 15247281 us (step 15190)
spike at 15314507 us (step 15257)
spike at 15382766 us (step 15325)
spike at 15451003 us (step 15393)
spike at 15518344 us (step 15460)
spike at 15585661 us (step 15527)
spike at 15654888 us (step 15596)
spike at 15723125 us (step 15664)
spike at 15791373 us (step 15732)
spike at 15859687 us (step 15800)
spike at 15926930 us (step 15867)
spike at 15995168 us (step 15935)
spike at 16063398 us (step 16003)
spike at 16130730 us (step 16070)
spike at 16198987 us (step 16138)
spike at 16267211 us (step 16206)
spike at 16334449 us (step 16273)
spike at 16401738 us (step 16340)
spike at 16469983 us (step 16408)
spike at 16538235 us (step 16476)
spike at 16606491 us (step 16544)
spike at 16674741 us (step 16612)
spike at 16742983 us (step 16680)
spike at 16811251 us (step 16748)
spike at 16879493 us (step 16816)
spike at 16947745 us (step 16884)
spike at 17015991 us (step 16952)
spike at 17084250 us (step 17020)
spike at 17152503 us (step 17088)
spike at 17221749 us (step 17157)
spike at 17288992 us (step 17224)
spike at 17356230 us (step 17291)
spike at 17425467 us (step 17360)
spike at 17493756 us (step 17428)
spike at 17560998 us (step 17495)
spike at 17630236 us (step 17564)
spike at 17698469 us (step 17632)
spike at 17765758 us (step 17699)
spike at 17835006 us (step 17768)
spike at 17902233 us (step 17835)
spike at 17970474 us (step 17903)
spike at 18038761 us (step 17971)
spike at 18106008 us (step 18038)
spike at 18173251 us (step 18105)
spike at 18241479 us (step 18173)
spike at 18309762 us (step 18241)
spike at 18378014 us (step 18309)
spike at 18446279 us (step 18377)
spike at 18513522 us (step 18444)
spike at 18581770 us (step 18512)
spike at 18651021 us (step 18581)
spike at 18718249 us (step 18648)
spike at 18786488 us (step 18716)
spike at 18854773 us (step 18784)
spike at 18922021 us (step 18851)
spike at 18990353 us (step 18919)
spike at 19058582 us (step 18987)
spike at 19126839 us (step 19055)
spike at 19195066 us (step 19123)
spike at 19262299 us (step 19190)
spike at 19329535 us (step 19257)
spike at 19397785 us (step 19325)
spike at 19466028 us (step 19393)
spike at 19533265 us (step 19460)
spike at 19602506 us (step 19529)
spike at 19670795 us (step 19597)
spike at 19738032 us (step 19664)
spike at 19807273 us (step 19733)
spike at 19874538 us (step 19800)
spike at 19942796 us (step 19868)
spike at 20012041 us (step 19937)
spike at 20080275 us (step 20005)
