I (144) esp_image: segment 1: paddr=00052bd8 vaddr=3fc80bec size=00310h (   784) load
I (145) esp_image: segment 2: paddr=00052ef0 vaddr=40380000 size=00bech (  3052) load
I (149) esp_image: segment 3: paddr=00053ae4 vaddr=00000000 size=0c534h ( 50484) 
I (167) esp_image: segment 4: paddr=00060020 vaddr=42050020 size=283ech (164844) map
I (203) boot: Loaded app from partition at offset 0x10000
I (203) boot: Disabling RNG early entropy source...
neuralos-esp32c3: LIF neuron, centi-mV grid, dt=1000 us, input=160 uA
burst free: 10000 steps in 3673 us -> 367 ns/step, 147 spikes, first spike step 55, checksum 0b78b456
ESP-ROM:esp32c3-api1-20210207
Build:Feb  7 2021
rst:0x15 (USB_UART_CHIP_RESET),boot:0xd (SPI_FAST_FLASH_BOOT)
Saved PC:0x420526e6
SPIWP:0xee
mode:DIO, clock div:2
load:0x3fcd5820,len:0x15c4
load:0x403cbf10,len:0xc84
load:0x403ce710,len:0x2fd0
entry 0x403cbf1a
I (24) boot: ESP-IDF v5.5.1-838-gd66ebb86d2e 2nd stage bootloader
I (25) boot: compile time Nov 26 2025 12:25:17
I (25) boot: chip revision: v0.4
I (26) boot: efuse block revision: v1.3
I (30) boot.esp32c3: SPI Speed      : 40MHz
I (34) boot.esp32c3: SPI Mode       : DIO
I (37) boot.esp32c3: SPI Flash Size : 4MB
I (41) boot: Enabling RNG early entropy source...
I (46) boot: Partition Table:
I (48) boot: ## Label            Usage          Type ST Offset   Length
I (54) boot:  0 nvs              WiFi data        01 02 00009000 00006000
I (61) boot:  1 phy_init         RF data          01 01 0000f000 00001000
I (67) boot:  2 factory          factory app      00 00 00010000 003f0000
I (74) boot: End of partition table
I (77) esp_image: segment 0: paddr=00010020 vaddr=3c000020 size=42bb0h (273328) map
I (144) esp_image: segment 1: paddr=00052bd8 vaddr=3fc80bec size=00310h (   784) load
I (145) esp_image: segment 2: paddr=00052ef0 vaddr=40380000 size=00bech (  3052) load
I (149) esp_image: segment 3: paddr=00053ae4 vaddr=00000000 size=0c534h ( 50484) 
I (167) esp_image: segment 4: paddr=00060020 vaddr=42050020 size=283ech (164844) map
I (203) boot: Loaded app from partition at offset 0x10000
I (203) boot: Disabling RNG early entropy source...
neuralos-esp32c3: LIF neuron, centi-mV grid, dt=1000 us, input=160 uA
burst free: 10000 steps in 3673 us -> 367 ns/step, 147 spikes, first spike step 55, checksum 0b78b456
burst pinned: 10000 steps in 15647 us -> 1564 ns/step, 147 spikes, first spike step 55, checksum 0b78b456
burst network: 10000 steps in 141009 us -> 14100 ns/step, 3377 spikes, first spike step 5, checksum 7e700ee1
burst stranger: 100 steps in 533339 us -> 5333390 ns/step, 20100 spikes, first spike step 0, checksum 289fbb1c
burst stranger: largest step 7537 us
# neuralos-trace v1 case=neuron-reference kind=reference n=1 dt_us=1000 res=cmV plasticity=off divisor=10 steps=150 rows=all
0 0 |  | -6920
1 1000 |  | -6844
2 2000 |  | -6772
3 3000 |  | -6704
4 4000 |  | -6639
5 5000 |  | -6578
6 6000 |  | -6520
7 7000 |  | -6464
8 8000 |  | -6411
9 9000 |  | -6361
10 10000 |  | -6313
11 11000 |  | -6268
12 12000 |  | -6225
13 13000 |  | -6184
14 14000 |  | -6145
15 15000 |  | -6108
16 16000 |  | -6073
17 17000 |  | -6040
18 18000 |  | -6008
19 19000 |  | -5978
20 20000 |  | -5950
21 21000 |  | -5923
22 22000 |  | -5897
23 23000 |  | -5873
24 24000 |  | -5850
25 25000 |  | -5828
26 26000 |  | -5807
27 27000 |  | -5787
28 28000 |  | -5768
29 29000 |  | -5750
30 30000 |  | -5733
31 31000 |  | -5717
32 32000 |  | -5702
33 33000 |  | -5687
34 34000 |  | -5673
35 35000 |  | -5660
36 36000 |  | -5647
37 37000 |  | -5635
38 38000 |  | -5624
39 39000 |  | -5613
40 40000 |  | 5000
41 41000 |  | 5000
42 42000 |  | 5000
43 43000 |  | 5000
44 44000 |  | 5000
45 45000 |  | 5000
46 46000 |  | 5000
47 47000 |  | 5000
48 48000 |  | 5000
49 49000 |  | 5000
50 50000 |  | 5000
51 51000 |  | 5000
52 52000 |  | 5000
53 53000 |  | 5000
54 54000 |  | 5000
55 55000 |  | 5000
56 56000 |  | 5000
57 57000 |  | 5000
58 58000 |  | 5000
59 59000 |  | 5000
60 60000 |  | 5000
61 61000 |  | 5000
62 62000 |  | 5000
63 63000 |  | 5000
64 64000 |  | 5000
65 65000 |  | 5000
66 66000 |  | 5000
67 67000 |  | 5000
68 68000 |  | 5000
69 69000 |  | 5000
70 70000 |  | -10000
71 71000 |  | -10000
72 72000 |  | -10000
73 73000 |  | -10000
74 74000 |  | -10000
75 75000 |  | -10000
76 76000 |  | -10000
77 77000 |  | -10000
78 78000 |  | -10000
79 79000 |  | -10000
80 80000 |  | -10000
81 81000 |  | -10000
82 82000 |  | -10000
83 83000 |  | -10000
84 84000 |  | -10000
85 85000 |  | -10000
86 86000 |  | -10000
87 87000 |  | -10000
88 88000 |  | -10000
89 89000 |  | -10000
90 90000 |  | -10000
91 91000 |  | -10000
92 92000 |  | -10000
93 93000 |  | -10000
94 94000 |  | -10000
95 95000 |  | -10000
96 96000 |  | -10000
97 97000 |  | -10000
98 98000 |  | -10000
99 99000 |  | -10000
100 100000 |  | -9850
101 101000 |  | -9708
102 102000 |  | -9573
103 103000 |  | -9445
104 104000 |  | -9323
105 105000 |  | -9207
106 106000 |  | -9097
107 107000 |  | -8993
108 108000 |  | -8894
109 109000 |  | -8800
110 110000 |  | -8710
111 111000 |  | -8625
112 112000 |  | -8544
113 113000 |  | -8467
114 114000 |  | -8394
115 115000 |  | -8325
116 116000 |  | -8259
117 117000 |  | -8197
118 118000 |  | -8138
119 119000 |  | -8082
120 120000 |  | -8028
121 121000 |  | -7977
122 122000 |  | -7929
123 123000 |  | -7883
124 124000 |  | -7839
125 125000 |  | -7798
126 126000 |  | -7759
127 127000 |  | -7722
128 128000 |  | -7686
129 129000 |  | -7652
130 130000 |  | -7620
131 131000 |  | -7589
132 132000 |  | -7560
133 133000 |  | -7532
134 134000 |  | -7506
135 135000 |  | -7481
136 136000 |  | -7457
137 137000 |  | -7435
138 138000 |  | -7414
139 139000 |  | -7394
140 140000 |  | -7375
141 141000 |  | -7357
142 142000 |  | -7340
143 143000 |  | -7323
144 144000 |  | -7307
145 145000 |  | -7292
146 146000 |  | -7278
147 147000 |  | -7265
148 148000 |  | -7252
149 149000 |  | -7240
# neuralos-trace v1 case=one-neuron-board kind=regression n=1 dt_us=1000 res=cmV plasticity=off divisor=10 steps=10000 rows=spikes
55 55000 | 0 | -8000
123 123000 | 0 | -8000
191 191000 | 0 | -8000
259 259000 | 0 | -8000
327 327000 | 0 | -8000
394 394000 | 0 | -8000
462 462000 | 0 | -8000
530 530000 | 0 | -8000
598 598000 | 0 | -8000
666 666000 | 0 | -8000
734 734000 | 0 | -8000
802 802000 | 0 | -8000
870 870000 | 0 | -8000
939 939000 | 0 | -8000
1007 1007000 | 0 | -8000
1075 1075000 | 0 | -8000
1143 1143000 | 0 | -8000
1211 1211000 | 0 | -8000
1280 1280000 | 0 | -8000
1347 1347000 | 0 | -8000
1415 1415000 | 0 | -8000
1483 1483000 | 0 | -8000
1551 1551000 | 0 | -8000
1620 1620000 | 0 | -8000
1687 1687000 | 0 | -8000
1755 1755000 | 0 | -8000
1822 1822000 | 0 | -8000
1889 1889000 | 0 | -8000
1957 1957000 | 0 | -8000
2024 2024000 | 0 | -8000
2093 2093000 | 0 | -8000
2160 2160000 | 0 | -8000
2228 2228000 | 0 | -8000
2296 2296000 | 0 | -8000
2363 2363000 | 0 | -8000
2432 2432000 | 0 | -8000
2500 2500000 | 0 | -8000
2568 2568000 | 0 | -8000
2636 2636000 | 0 | -8000
2703 2703000 | 0 | -8000
2772 2772000 | 0 | -8000
2839 2839000 | 0 | -8000
2907 2907000 | 0 | -8000
2975 2975000 | 0 | -8000
3042 3042000 | 0 | -8000
3111 3111000 | 0 | -8000
3178 3178000 | 0 | -8000
3246 3246000 | 0 | -8000
3314 3314000 | 0 | -8000
3381 3381000 | 0 | -8000
3449 3449000 | 0 | -8000
3517 3517000 | 0 | -8000
3586 3586000 | 0 | -8000
3653 3653000 | 0 | -8000
3721 3721000 | 0 | -8000
3789 3789000 | 0 | -8000
3857 3857000 | 0 | -8000
3926 3926000 | 0 | -8000
3993 3993000 | 0 | -8000
4061 4061000 | 0 | -8000
4129 4129000 | 0 | -8000
4196 4196000 | 0 | -8000
4265 4265000 | 0 | -8000
4332 4332000 | 0 | -8000
4400 4400000 | 0 | -8000
4468 4468000 | 0 | -8000
4536 4536000 | 0 | -8000
4605 4605000 | 0 | -8000
4672 4672000 | 0 | -8000
4740 4740000 | 0 | -8000
4808 4808000 | 0 | -8000
4876 4876000 | 0 | -8000
4944 4944000 | 0 | -8000
5012 5012000 | 0 | -8000
5080 5080000 | 0 | -8000
5148 5148000 | 0 | -8000
5215 5215000 | 0 | -8000
5283 5283000 | 0 | -8000
5351 5351000 | 0 | -8000
5419 5419000 | 0 | -8000
5487 5487000 | 0 | -8000
5555 5555000 | 0 | -8000
5623 5623000 | 0 | -8000
5691 5691000 | 0 | -8000
5760 5760000 | 0 | -8000
5828 5828000 | 0 | -8000
5896 5896000 | 0 | -8000
5964 5964000 | 0 | -8000
6031 6031000 | 0 | -8000
6100 6100000 | 0 | -8000
6167 6167000 | 0 | -8000
6235 6235000 | 0 | -8000
6303 6303000 | 0 | -8000
6371 6371000 | 0 | -8000
6440 6440000 | 0 | -8000
6507 6507000 | 0 | -8000
6575 6575000 | 0 | -8000
6643 6643000 | 0 | -8000
6711 6711000 | 0 | -8000
6779 6779000 | 0 | -8000
6847 6847000 | 0 | -8000
6915 6915000 | 0 | -8000
6983 6983000 | 0 | -8000
7050 7050000 | 0 | -8000
7118 7118000 | 0 | -8000
7186 7186000 | 0 | -8000
7254 7254000 | 0 | -8000
7322 7322000 | 0 | -8000
7390 7390000 | 0 | -8000
7458 7458000 | 0 | -8000
7526 7526000 | 0 | -8000
7595 7595000 | 0 | -8000
7663 7663000 | 0 | -8000
7731 7731000 | 0 | -8000
7799 7799000 | 0 | -8000
7867 7867000 | 0 | -8000
7936 7936000 | 0 | -8000
8003 8003000 | 0 | -8000
8071 8071000 | 0 | -8000
8139 8139000 | 0 | -8000
8207 8207000 | 0 | -8000
8276 8276000 | 0 | -8000
8343 8343000 | 0 | -8000
8411 8411000 | 0 | -8000
8478 8478000 | 0 | -8000
8545 8545000 | 0 | -8000
8613 8613000 | 0 | -8000
8680 8680000 | 0 | -8000
8749 8749000 | 0 | -8000
8816 8816000 | 0 | -8000
8884 8884000 | 0 | -8000
8952 8952000 | 0 | -8000
9019 9019000 | 0 | -8000
9088 9088000 | 0 | -8000
9156 9156000 | 0 | -8000
9224 9224000 | 0 | -8000
9292 9292000 | 0 | -8000
9359 9359000 | 0 | -8000
9428 9428000 | 0 | -8000
9495 9495000 | 0 | -8000
9563 9563000 | 0 | -8000
9631 9631000 | 0 | -8000
9698 9698000 | 0 | -8000
9767 9767000 | 0 | -8000
9834 9834000 | 0 | -8000
9902 9902000 | 0 | -8000
9970 9970000 | 0 | -8000
# neuralos-trace v1 case=chain-3 kind=regression n=3 dt_us=1000 res=cmV plasticity=off divisor=1 steps=100 rows=all
0 0 |  | -6700 -7000 -7000
1 1000 |  | -6415 -7000 -7000
2 2000 |  | -6145 -7000 -7000
3 3000 |  | -5888 -7000 -7000
4 4000 |  | -5644 -7000 -7000
5 5000 | 0 | -8000 -7000 -7000
6 6000 | 1 | -8000 -8000 -7000
7 7000 | 2 | -8000 -8000 -8000
8 8000 |  | -7650 -8000 -8000
9 9000 |  | -7318 -7950 -8000
10 10000 |  | -7003 -7903 -7950
11 11000 |  | -6703 -7858 -7903
12 12000 |  | -6418 -7816 -7858
13 13000 |  | -6148 -7776 -7816
14 14000 |  | -5891 -7738 -7776
15 15000 |  | -5647 -7702 -7738
16 16000 | 0 | -8000 -7667 -7702
17 17000 | 1 | -8000 -8000 -7667
18 18000 | 2 | -8000 -8000 -8000
19 19000 |  | -7650 -8000 -8000
20 20000 |  | -7318 -7950 -8000
21 21000 |  | -7003 -7903 -7950
22 22000 |  | -6703 -7858 -7903
23 23000 |  | -6418 -7816 -7858
24 24000 |  | -6148 -7776 -7816
25 25000 |  | -5891 -7738 -7776
26 26000 |  | -5647 -7702 -7738
27 27000 | 0 | -8000 -7667 -7702
28 28000 | 1 | -8000 -8000 -7667
29 29000 | 2 | -8000 -8000 -8000
30 30000 |  | -7650 -8000 -8000
31 31000 |  | -7318 -7950 -8000
32 32000 |  | -7003 -7903 -7950
33 33000 |  | -6703 -7858 -7903
34 34000 |  | -6418 -7816 -7858
35 35000 |  | -6148 -7776 -7816
36 36000 |  | -5891 -7738 -7776
37 37000 |  | -5647 -7702 -7738
38 38000 | 0 | -8000 -7667 -7702
39 39000 | 1 | -8000 -8000 -7667
40 40000 | 2 | -8000 -8000 -8000
41 41000 |  | -7650 -8000 -8000
42 42000 |  | -7318 -7950 -8000
43 43000 |  | -7003 -7903 -7950
44 44000 |  | -6703 -7858 -7903
45 45000 |  | -6418 -7816 -7858
46 46000 |  | -6148 -7776 -7816
47 47000 |  | -5891 -7738 -7776
48 48000 |  | -5647 -7702 -7738
49 49000 | 0 | -8000 -7667 -7702
50 50000 | 1 | -8000 -8000 -7667
51 51000 | 2 | -8000 -8000 -8000
52 52000 |  | -7650 -8000 -8000
53 53000 |  | -7318 -7950 -8000
54 54000 |  | -7003 -7903 -7950
55 55000 |  | -6703 -7858 -7903
56 56000 |  | -6418 -7816 -7858
57 57000 |  | -6148 -7776 -7816
58 58000 |  | -5891 -7738 -7776
59 59000 |  | -5647 -7702 -7738
60 60000 | 0 | -8000 -7667 -7702
61 61000 | 1 | -8000 -8000 -7667
62 62000 | 2 | -8000 -8000 -8000
63 63000 |  | -7650 -8000 -8000
64 64000 |  | -7318 -7950 -8000
65 65000 |  | -7003 -7903 -7950
66 66000 |  | -6703 -7858 -7903
67 67000 |  | -6418 -7816 -7858
68 68000 |  | -6148 -7776 -7816
69 69000 |  | -5891 -7738 -7776
70 70000 |  | -5647 -7702 -7738
71 71000 | 0 | -8000 -7667 -7702
72 72000 | 1 | -8000 -8000 -7667
73 73000 | 2 | -8000 -8000 -8000
74 74000 |  | -7650 -8000 -8000
75 75000 |  | -7318 -7950 -8000
76 76000 |  | -7003 -7903 -7950
77 77000 |  | -6703 -7858 -7903
78 78000 |  | -6418 -7816 -7858
79 79000 |  | -6148 -7776 -7816
80 80000 |  | -5891 -7738 -7776
81 81000 |  | -5647 -7702 -7738
82 82000 | 0 | -8000 -7667 -7702
83 83000 | 1 | -8000 -8000 -7667
84 84000 | 2 | -8000 -8000 -8000
85 85000 |  | -7650 -8000 -8000
86 86000 |  | -7318 -7950 -8000
87 87000 |  | -7003 -7903 -7950
88 88000 |  | -6703 -7858 -7903
89 89000 |  | -6418 -7816 -7858
90 90000 |  | -6148 -7776 -7816
91 91000 |  | -5891 -7738 -7776
92 92000 |  | -5647 -7702 -7738
93 93000 | 0 | -8000 -7667 -7702
94 94000 | 1 | -8000 -8000 -7667
95 95000 | 2 | -8000 -8000 -8000
96 96000 |  | -7650 -8000 -8000
97 97000 |  | -7318 -7950 -8000
98 98000 |  | -7003 -7903 -7950
99 99000 |  | -6703 -7858 -7903
# neuralos-trace v1 case=feedforward-8 kind=regression n=8 dt_us=1000 res=cmV plasticity=off divisor=1 steps=150 rows=all
0 0 |  | -6703 -6700 -6703 -6926 -6929 -6926 -6806 -6801
1 1000 |  | -6419 -6414 -6419 -6855 -6860 -6855 -6629 -6620
2 2000 |  | -6149 -6142 -6149 -6787 -6793 -6787 -6468 -6455
3 3000 |  | -5891 -5886 -5891 -6725 -6729 -6725 -6321 -6313
4 4000 |  | -5645 -5642 -5645 -6665 -6667 -6665 -6186 -6183
5 5000 | 0 1 2 | -8000 -8000 -8000 -6607 -6611 -6607 -6071 -6064
6 6000 |  | -8000 -8000 -8000 -6501 -6507 -6501 -5965 -5955
7 7000 |  | -8000 -8000 -8000 -6453 -6457 -6453 -5868 -5863
8 8000 |  | -7648 -7650 -7648 -6407 -6409 -6407 -5779 -5778
9 9000 |  | -7318 -7317 -7318 -6363 -6367 -6363 -5706 -5701
10 10000 |  | -7003 -7000 -7003 -6319 -6325 -6319 -5637 -5628
11 11000 |  | -6703 -6702 -6703 -6281 -6285 -6281 -5574 -5570
12 12000 |  | -6416 -6417 -6416 -6243 -6245 -6243 -5514 -5514
13 13000 |  | -6147 -6146 -6147 -6207 -6211 -6207 -5467 -5463
14 14000 |  | -5890 -5887 -5890 -6171 -6177 -6171 -5422 -5414
15 15000 |  | -5645 -5645 -5645 -6140 -6144 -6140 -5380 -5377
16 16000 | 0 1 2 | -8000 -8000 -8000 -6109 -6111 -6109 -5339 -5341
17 17000 |  | -8000 -8000 -8000 -6030 -6033 -6030 -5310 -5307
18 18000 |  | -8000 -8000 -8000 -6003 -6008 -6003 -5281 -5275
19 19000 |  | -7650 -7652 -7650 -5981 -5984 -5981 -5253 -5252
20 20000 |  | -7316 -7320 -7316 -5959 -5960 -5959 -5226 -5229
21 21000 |  | -7002 -7004 -7002 -5937 -5940 -5937 -5208 -5207
22 22000 |  | -6703 -6703 -6703 -5915 -5920 -5915 -5190 -5185
23 23000 |  | -6418 -6420 -6418 -5897 -5900 -5897 -5171 -5171
24 24000 |  | -6146 -6150 -6146 -5879 -5880 -5879 -5152 -5156
25 25000 |  | -5891 -5892 -5891 -5861 -5864 -5861 -5141 -5141
26 26000 |  | -5647 -5646 -5647 -5843 -5848 -5843 -5129 -5125
27 27000 | 0 1 2 | -8000 -8000 -8000 -5829 -5832 -5829 -5118 -5118
28 28000 |  | -8000 -8000 -8000 -5765 -5765 -5765 -5105 -5109
29 29000 |  | -8000 -8000 -8000 -5753 -5755 -5753 -5100 -5100
30 30000 |  | -7651 -7649 -7651 -5740 -5744 -5740 -5092 -5088
31 31000 |  | -7319 -7319 -7319 -5731 -5733 -5731 -5084 -5085
32 32000 |  | -7002 -7004 -7002 -5721 -5721 -5721 -5074 -5079
33 33000 |  | -6704 -6704 -6704 -5711 -5713 -5711 -5072 -5073
34 34000 |  | -6420 -6418 -6420 -5700 -5704 -5700 -5067 -5064
35 35000 |  | -6149 -6150 -6149 -5693 -5695 -5693 -5062 -5063
36 36000 |  | -5891 -5894 -5891 -5686 -5686 -5686 -5055 -5060
37 37000 |  | -5649 -5650 -5649 -5678 -5680 -5678 -5055 -5055
38 38000 | 0 1 2 | -8000 -8000 -8000 -5670 -5673 -5670 -5053 -5049
39 39000 |  | -8000 -8000 -8000 -5615 -5616 -5615 -5049 -5049
40 40000 |  | -8000 -8000 -8000 -5612 -5611 -5612 -5044 -5048
41 41000 |  | -7652 -7650 -7652 -5608 -5609 -5608 -5044 -5045
42 42000 |  | -7321 -7317 -7321 -5603 -5606 -5603 -5043 -5040
43 43000 |  | -7005 -7000 -7005 -5597 -5602 -5597 -5040 -5033
44 44000 |  | -6704 -6701 -6704 -5595 -5597 -5595 -5035 -5033
45 45000 |  | -6417 -6416 -6417 -5592 -5592 -5592 -5029 -5031
46 46000 |  | -6148 -6145 -6148 -5588 -5590 -5588 -5029 -5027
47 47000 |  | -5891 -5886 -5891 -5583 -5587 -5583 -5028 -5022
48 48000 |  | -5646 -5643 -5646 -5581 -5583 -5581 -5025 -5022
49 49000 | 0 1 2 | -8000 -8000 -8000 -5578 -5578 -5578 -5020 -5021
50 50000 |  | -8000 -8000 -8000 -5525 -5527 -5525 -5021 -5018
51 51000 |  | -8000 -8000 -8000 -5523 -5527 -5523 -5020 -5014
52 52000 |  | -7650 -7652 -7650 -5524 -5527 -5524 -5018 -5016
53 53000 |  | -7316 -7320 -7316 -5524 -5525 -5524 -5014 -5016
54 54000 |  | -7002 -7004 -7002 -5524 -5526 -5524 -5016 -5015
55 55000 |  | -6702 -6702 -6702 -5522 -5526 -5522 -5016 -5011
56 56000 |  | -6417 -6419 -6417 -5523 -5526 -5523 -5015 -5013
57 57000 |  | -6145 -6149 -6145 -5523 -5524 -5523 -5011 -5013
58 58000 |  | -5890 -5892 -5890 -5523 -5525 -5523 -5013 -5012
59 59000 |  | -5646 -5646 -5646 -5521 -5525 -5521 -5013 -5008
60 60000 | 0 1 2 | -8000 -8000 -8000 -5522 -5525 -5522 -5012 -5011
61 61000 | 3 4 5 | -8000 -8000 -8000 -8000 -8000 -8000 -5009 -5011
62 62000 | 6 7 | -8000 -8000 -8000 -8000 -8000 -8000 -8000 -8000
63 63000 |  | -7651 -7649 -7651 -8000 -8000 -8000 -8000 -8000
64 64000 |  | -7318 -7319 -7318 -7878 -7876 -7878 -8000 -8000
65 65000 |  | -7001 -7004 -7001 -7761 -7757 -7761 -7698 -7702
66 66000 |  | -6703 -6704 -6703 -7649 -7647 -7649 -7433 -7432
67 67000 |  | -6419 -6418 -6419 -7542 -7542 -7542 -7192 -7187
68 68000 |  | -6148 -6149 -6148 -7443 -7441 -7443 -6973 -6973
69 69000 |  | -5890 -5893 -5890 -7348 -7344 -7348 -6774 -6778
70 70000 |  | -5648 -5649 -5648 -7257 -7255 -7257 -6602 -6602
71 71000 | 0 1 2 | -8000 -8000 -8000 -7169 -7169 -7169 -6444 -6440
72 72000 |  | -8000 -8000 -8000 -7039 -7037 -7039 -6301 -6301
73 73000 |  | -8000 -8000 -8000 -6964 -6960 -6964 -6169 -6173
74 74000 |  | -7652 -7650 -7652 -6892 -6890 -6892 -6058 -6057
75 75000 |  | -7320 -7316 -7320 -6822 -6822 -6822 -5955 -5950
76 76000 |  | -7004 -7003 -7004 -6759 -6757 -6759 -5861 -5860
77 77000 |  | -6703 -6704 -6703 -6699 -6695 -6699 -5774 -5777
78 78000 |  | -6420 -6419 -6420 -6641 -6639 -6641 -5702 -5701
79 79000 |  | -6150 -6148 -6150 -6584 -6585 -6584 -5635 -5630
80 80000 |  | -5893 -5893 -5893 -6533 -6532 -6533 -5573 -5572
81 81000 |  | -5648 -5650 -5648 -6484 -6481 -6484 -5515 -5518
82 82000 | 0 1 2 | -8000 -8000 -8000 -6436 -6435 -6436 -5469 -5468
83 83000 |  | -8000 -8000 -8000 -6340 -6341 -6340 -5426 -5421
84 84000 |  | -8000 -8000 -8000 -6301 -6300 -6301 -5385 -5384
85 85000 |  | -7649 -7651 -7649 -6263 -6260 -6263 -5346 -5349
86 86000 |  | -7315 -7319 -7315 -6226 -6221 -6226 -5309 -5316
87 87000 |  | -7001 -7003 -7001 -6190 -6187 -6190 -5282 -5284
88 88000 |  | -6701 -6701 -6701 -6155 -6154 -6155 -5255 -5253
89 89000 |  | -6415 -6417 -6415 -6125 -6122 -6125 -5229 -5231
90 90000 |  | -6143 -6147 -6143 -6095 -6090 -6095 -5204 -5209
91 91000 |  | -5887 -5889 -5887 -6066 -6063 -6066 -5187 -5188
92 92000 |  | -5643 -5643 -5643 -6037 -6036 -6037 -5170 -5167
93 93000 | 0 1 2 | -8000 -8000 -8000 -6013 -6010 -6013 -5152 -5154
94 94000 |  | -8000 -8000 -8000 -5939 -5934 -5939 -5134 -5140
95 95000 |  | -8000 -8000 -8000 -5918 -5915 -5918 -5125 -5126
96 96000 |  | -7650 -7648 -7650 -5897 -5896 -5897 -5114 -5111
97 97000 |  | -7317 -7318 -7317 -5880 -5877 -5880 -5103 -5104
98 98000 |  | -7000 -7003 -7000 -5862 -5858 -5862 -5090 -5095
99 99000 |  | -6702 -6703 -6702 -5845 -5843 -5845 -5085 -5086
100 100000 |  | -6417 -6416 -6417 -5827 -5827 -5827 -5078 -5075
101 101000 |  | -6146 -6147 -6146 -5814 -5812 -5814 -5071 -5072
102 102000 |  | -5887 -5890 -5887 -5800 -5796 -5800 -5061 -5066
103 103000 |  | -5645 -5645 -5645 -5786 -5784 -5786 -5059 -5060
104 104000 | 0 1 2 | -8000 -8000 -8000 -5772 -5772 -5772 -5056 -5052
105 105000 |  | -8000 -8000 -8000 -5711 -5709 -5711 -5051 -5051
106 106000 |  | -8000 -8000 -8000 -5702 -5699 -5702 -5044 -5048
107 107000 |  | -7652 -7650 -7652 -5693 -5692 -5693 -5044 -5044
108 108000 |  | -7320 -7316 -7320 -5683 -5684 -5683 -5042 -5038
109 109000 |  | -7004 -7002 -7004 -5677 -5676 -5677 -5038 -5038
110 110000 |  | -6703 -6703 -6703 -5670 -5667 -5670 -5033 -5037
111 111000 |  | -6420 -6418 -6420 -5663 -5662 -5663 -5034 -5035
112 112000 |  | -6150 -6146 -6150 -5655 -5656 -5655 -5033 -5030
113 113000 |  | -5893 -5891 -5893 -5651 -5650 -5651 -5031 -5032
114 114000 |  | -5647 -5647 -5647 -5645 -5642 -5645 -5026 -5031
115 115000 | 0 1 2 | -8000 -8000 -8000 -5639 -5638 -5639 -5028 -5029
116 116000 |  | -8000 -8000 -8000 -5582 -5583 -5582 -5028 -5025
117 117000 |  | -8000 -8000 -8000 -5581 -5580 -5581 -5027 -5027
118 118000 |  | -7649 -7651 -7649 -5579 -5576 -5579 -5023 -5027
119 119000 |  | -7319 -7319 -7319 -5577 -5576 -5577 -5025 -5026
120 120000 |  | -7005 -7003 -7005 -5574 -5575 -5574 -5025 -5023
121 121000 |  | -6705 -6705 -6705 -5574 -5573 -5574 -5024 -5025
122 122000 |  | -6419 -6421 -6419 -5573 -5570 -5573 -5021 -5025
123 123000 |  | -6151 -6150 -6151 -5571 -5570 -5571 -5023 -5024
124 124000 |  | -5895 -5892 -5895 -5568 -5569 -5568 -5023 -5021
125 125000 |  | -5651 -5650 -5651 -5568 -5567 -5568 -5022 -5023
126 126000 | 0 1 2 | -8000 -8000 -8000 -5567 -5564 -5567 -5019 -5023
127 127000 |  | -8000 -8000 -8000 -5515 -5514 -5515 -5022 -5022
128 128000 |  | -8000 -8000 -8000 -5515 -5515 -5515 -5022 -5019
129 129000 |  | -7650 -7648 -7650 -5514 -5515 -5514 -5021 -5015
130 130000 |  | -7317 -7317 -7317 -5515 -5515 -5515 -5018 -5016
131 131000 |  | -7000 -7002 -7000 -5515 -5514 -5515 -5014 -5016
132 132000 |  | -6701 -6701 -6701 -5515 -5515 -5515 -5015 -5014
133 133000 |  | -6416 -6414 -6416 -5514 -5515 -5514 -5015 -5010
134 134000 |  | -6145 -6145 -6145 -5515 -5515 -5515 -5013 -5012
135 135000 |  | -5886 -5888 -5886 -5515 -5514 -5515 -5009 -5012
136 136000 |  | -5643 -5643 -5643 -5515 -5515 -5515 -5011 -5010
137 137000 | 0 1 2 | -8000 -8000 -8000 -5514 -5515 -5514 -5011 -5006
138 138000 | 3 4 5 | -8000 -8000 -8000 -8000 -8000 -8000 -5010 -5009
139 139000 | 6 7 | -8000 -8000 -8000 -8000 -8000 -8000 -8000 -8000
140 140000 |  | -7652 -7650 -7652 -8000 -8000 -8000 -8000 -8000
141 141000 |  | -7320 -7316 -7320 -7874 -7876 -7874 -8000 -8000
142 142000 |  | -7004 -7002 -7004 -7758 -7758 -7758 -7700 -7704
143 143000 |  | -6702 -6702 -6702 -7647 -7645 -7647 -7427 -7435
144 144000 |  | -6419 -6417 -6419 -7541 -7541 -7541 -7189 -7192
145 145000 |  | -6149 -6145 -6149 -7439 -7441 -7439 -6973 -6971
146 146000 |  | -5892 -5890 -5892 -7345 -7345 -7345 -6776 -6778
147 147000 |  | -5646 -5646 -5646 -7255 -7253 -7255 -6597 -6603
148 148000 | 0 1 2 | -8000 -8000 -8000 -7168 -7168 -7168 -6442 -6443
149 149000 |  | -8000 -8000 -8000 -7035 -7037 -7035 -6300 -6297
# neuralos-trace v1 case=recurrent-transmission kind=regression n=2 dt_us=1000 res=mV plasticity=off divisor=10 steps=30 rows=all
0 0 | 0 | -80 -70
1 1000 |  | -80 -68
2 2000 |  | -80 -68
3 3000 |  | -80 -68
4 4000 |  | -80 -68
5 5000 |  | -80 -68
6 6000 |  | -80 -68
7 7000 |  | -80 -68
8 8000 |  | -80 -68
9 9000 |  | -80 -68
10 10000 |  | -80 -68
11 11000 |  | -80 -68
12 12000 |  | -80 -68
13 13000 |  | -80 -68
14 14000 |  | -80 -68
15 15000 |  | -80 -68
16 16000 |  | -80 -68
17 17000 |  | -80 -68
18 18000 |  | -80 -68
19 19000 |  | -80 -68
20 20000 |  | -80 -68
21 21000 |  | -80 -68
22 22000 |  | -80 -68
23 23000 |  | -80 -68
24 24000 |  | -80 -68
25 25000 |  | -80 -68
26 26000 |  | -80 -68
27 27000 |  | -80 -68
28 28000 |  | -80 -68
29 29000 |  | -80 -68
# neuralos-trace v1 case=centi-mv-grid kind=regression n=2 dt_us=1000 res=cmV plasticity=off divisor=10 steps=30 rows=all
0 0 | 0 | -8000 -7000
1 1000 |  | -8000 -6988
2 2000 |  | -8000 -6989
3 3000 |  | -7950 -6990
4 4000 |  | -7903 -6991
5 5000 |  | -7858 -6991
6 6000 |  | -7816 -6991
7 7000 |  | -7776 -6991
8 8000 |  | -7738 -6991
9 9000 |  | -7702 -6991
10 10000 |  | -7667 -6991
11 11000 |  | -7634 -6991
12 12000 |  | -7603 -6991
13 13000 |  | -7573 -6991
14 14000 |  | -7545 -6991
15 15000 |  | -7518 -6991
16 16000 |  | -7493 -6991
17 17000 |  | -7469 -6991
18 18000 |  | -7446 -6991
19 19000 |  | -7424 -6991
20 20000 |  | -7403 -6991
21 21000 |  | -7383 -6991
22 22000 |  | -7364 -6991
23 23000 |  | -7346 -6991
24 24000 |  | -7329 -6991
25 25000 |  | -7313 -6991
26 26000 |  | -7298 -6991
27 27000 |  | -7284 -6991
28 28000 |  | -7270 -6991
29 29000 |  | -7257 -6991
# neuralos-trace v1 case=inhibitory kind=regression n=2 dt_us=1000 res=cmV plasticity=off divisor=10 steps=100 rows=all
0 0 |  | -6750 -6875
1 1000 |  | -6525 -6757
2 2000 |  | -6323 -6645
3 3000 |  | -6141 -6538
4 4000 |  | -5977 -6437
5 5000 |  | -5830 -6341
6 6000 |  | -5697 -6249
7 7000 |  | -5578 -6162
8 8000 |  | -5471 -6079
9 9000 |  | -5374 -6001
10 10000 |  | -5287 -5926
11 11000 |  | -5209 -5855
12 12000 |  | -5139 -5788
13 13000 |  | -5076 -5724
14 14000 |  | -5019 -5663
15 15000 | 0 | -8000 -5605
16 16000 |  | -8000 -6049
17 17000 |  | -8000 -5972
18 18000 |  | -7650 -5899
19 19000 |  | -7335 -5830
20 20000 |  | -7052 -5764
21 21000 |  | -6797 -5701
22 22000 |  | -6568 -5641
23 23000 |  | -6362 -5584
24 24000 |  | -6176 -5530
25 25000 | 1 | -6009 -8000
26 26000 |  | -5859 -8000
27 27000 |  | -5724 -8000
28 28000 |  | -5602 -7825
29 29000 |  | -5492 -7659
30 30000 |  | -5393 -7502
31 31000 |  | -5304 -7352
32 32000 |  | -5224 -7210
33 33000 |  | -5152 -7075
34 34000 |  | -5087 -6947
35 35000 |  | -5029 -6825
36 36000 | 0 | -8000 -6709
37 37000 |  | -8000 -7098
38 38000 |  | -8000 -6969
39 39000 |  | -7650 -6846
40 40000 |  | -7335 -6729
41 41000 |  | -7052 -6618
42 42000 |  | -6797 -6513
43 43000 |  | -6568 -6413
44 44000 |  | -6362 -6318
45 45000 |  | -6176 -6228
46 46000 |  | -6009 -6142
47 47000 |  | -5859 -6060
48 48000 |  | -5724 -5982
49 49000 |  | -5602 -5908
50 50000 |  | -5492 -5838
51 51000 |  | -5393 -5772
52 52000 |  | -5304 -5709
53 53000 |  | -5224 -5649
54 54000 |  | -5152 -5592
55 55000 |  | -5087 -5538
56 56000 | 1 | -5029 -8000
57 57000 | 0 | -8000 -8000
58 58000 |  | -8000 -8000
59 59000 |  | -8000 -7825
60 60000 |  | -7650 -7659
61 61000 |  | -7335 -7502
62 62000 |  | -7052 -7352
63 63000 |  | -6797 -7210
64 64000 |  | -6568 -7075
65 65000 |  | -6362 -6947
66 66000 |  | -6176 -6825
67 67000 |  | -6009 -6709
68 68000 |  | -5859 -6599
69 69000 |  | -5724 -6495
70 70000 |  | -5602 -6396
71 71000 |  | -5492 -6302
72 72000 |  | -5393 -6212
73 73000 |  | -5304 -6127
74 74000 |  | -5224 -6046
75 75000 |  | -5152 -5969
76 76000 |  | -5087 -5896
77 77000 |  | -5029 -5827
78 78000 | 0 | -8000 -5761
79 79000 |  | -8000 -6197
80 80000 |  | -8000 -6113
81 81000 |  | -7650 -6033
82 82000 |  | -7335 -5957
83 83000 |  | -7052 -5885
84 84000 |  | -6797 -5816
85 85000 |  | -6568 -5751
86 86000 |  | -6362 -5689
87 87000 |  | -6176 -5630
88 88000 |  | -6009 -5574
89 89000 |  | -5859 -5521
90 90000 | 1 | -5724 -8000
91 91000 |  | -5602 -8000
92 92000 |  | -5492 -8000
93 93000 |  | -5393 -7825
94 94000 |  | -5304 -7659
95 95000 |  | -5224 -7502
96 96000 |  | -5152 -7352
97 97000 |  | -5087 -7210
98 98000 |  | -5029 -7075
99 99000 | 0 | -8000 -6947
# neuralos-trace v1 case=refractory kind=regression n=1 dt_us=1000 res=cmV plasticity=off divisor=10 steps=40 rows=all
0 0 | 0 | -8000
1 1000 |  | -8000
2 2000 |  | -8000
3 3000 |  | -6450
4 4000 | 0 | -8000
5 5000 |  | -8000
6 6000 |  | -8000
7 7000 |  | -6450
8 8000 | 0 | -8000
9 9000 |  | -8000
10 10000 |  | -8000
11 11000 |  | -6450
12 12000 | 0 | -8000
13 13000 |  | -8000
14 14000 |  | -8000
15 15000 |  | -6450
16 16000 | 0 | -8000
17 17000 |  | -8000
18 18000 |  | -8000
19 19000 |  | -6450
20 20000 | 0 | -8000
21 21000 |  | -8000
22 22000 |  | -8000
23 23000 |  | -6450
24 24000 | 0 | -8000
25 25000 |  | -8000
26 26000 |  | -8000
27 27000 |  | -6450
28 28000 | 0 | -8000
29 29000 |  | -8000
30 30000 |  | -8000
31 31000 |  | -6450
32 32000 | 0 | -8000
33 33000 |  | -8000
34 34000 |  | -8000
35 35000 |  | -6450
36 36000 | 0 | -8000
37 37000 |  | -8000
38 38000 |  | -8000
39 39000 |  | -6450
# neuralos-trace v1 case=plasticity-off kind=regression n=2 dt_us=1000 res=cmV plasticity=off divisor=1 steps=150 rows=all
0 0 |  | -6700 -6900
1 1000 |  | -6415 -6805
2 2000 |  | -6145 -6715
3 3000 |  | -5888 -6630
4 4000 |  | -5644 -6549
5 5000 | 0 | -8000 -6472
6 6000 |  | -8000 -5899
7 7000 |  | -8000 -5855
8 8000 |  | -7650 -5813
9 9000 |  | -7318 -5773
10 10000 |  | -7003 -5735
11 11000 |  | -6703 -5699
12 12000 |  | -6418 -5665
13 13000 |  | -6148 -5632
14 14000 |  | -5891 -5601
15 15000 |  | -5647 -5571
16 16000 | 0 | -8000 -5543
17 17000 | 1 | -8000 -8000
18 18000 |  | -8000 -8000
19 19000 |  | -7650 -8000
20 20000 |  | -7318 -7850
21 21000 |  | -7003 -7708
22 22000 |  | -6703 -7573
23 23000 |  | -6418 -7445
24 24000 |  | -6148 -7323
25 25000 |  | -5891 -7207
26 26000 |  | -5647 -7097
27 27000 | 0 | -8000 -6993
28 28000 |  | -8000 -6394
29 29000 |  | -8000 -6325
30 30000 |  | -7650 -6259
31 31000 |  | -7318 -6197
32 32000 |  | -7003 -6138
33 33000 |  | -6703 -6082
34 34000 |  | -6418 -6028
35 35000 |  | -6148 -5977
36 36000 |  | -5891 -5929
37 37000 |  | -5647 -5883
38 38000 | 0 | -8000 -5839
39 39000 | 1 | -8000 -8000
40 40000 |  | -8000 -8000
41 41000 |  | -7650 -8000
42 42000 |  | -7318 -7850
43 43000 |  | -7003 -7708
44 44000 |  | -6703 -7573
45 45000 |  | -6418 -7445
46 46000 |  | -6148 -7323
47 47000 |  | -5891 -7207
48 48000 |  | -5647 -7097
49 49000 | 0 | -8000 -6993
50 50000 |  | -8000 -6394
51 51000 |  | -8000 -6325
52 52000 |  | -7650 -6259
53 53000 |  | -7318 -6197
54 54000 |  | -7003 -6138
55 55000 |  | -6703 -6082
56 56000 |  | -6418 -6028
57 57000 |  | -6148 -5977
58 58000 |  | -5891 -5929
59 59000 |  | -5647 -5883
60 60000 | 0 | -8000 -5839
61 61000 | 1 | -8000 -8000
62 62000 |  | -8000 -8000
63 63000 |  | -7650 -8000
64 64000 |  | -7318 -7850
65 65000 |  | -7003 -7708
66 66000 |  | -6703 -7573
67 67000 |  | -6418 -7445
68 68000 |  | -6148 -7323
69 69000 |  | -5891 -7207
70 70000 |  | -5647 -7097
71 71000 | 0 | -8000 -6993
72 72000 |  | -8000 -6394
73 73000 |  | -8000 -6325
74 74000 |  | -7650 -6259
75 75000 |  | -7318 -6197
76 76000 |  | -7003 -6138
77 77000 |  | -6703 -6082
78 78000 |  | -6418 -6028
79 79000 |  | -6148 -5977
80 80000 |  | -5891 -5929
81 81000 |  | -5647 -5883
82 82000 | 0 | -8000 -5839
83 83000 | 1 | -8000 -8000
84 84000 |  | -8000 -8000
85 85000 |  | -7650 -8000
86 86000 |  | -7318 -7850
87 87000 |  | -7003 -7708
88 88000 |  | -6703 -7573
89 89000 |  | -6418 -7445
90 90000 |  | -6148 -7323
91 91000 |  | -5891 -7207
92 92000 |  | -5647 -7097
93 93000 | 0 | -8000 -6993
94 94000 |  | -8000 -6394
95 95000 |  | -8000 -6325
96 96000 |  | -7650 -6259
97 97000 |  | -7318 -6197
98 98000 |  | -7003 -6138
99 99000 |  | -6703 -6082
100 100000 |  | -6418 -6028
101 101000 |  | -6148 -5977
102 102000 |  | -5891 -5929
103 103000 |  | -5647 -5883
104 104000 | 0 | -8000 -5839
105 105000 | 1 | -8000 -8000
106 106000 |  | -8000 -8000
107 107000 |  | -7650 -8000
108 108000 |  | -7318 -7850
109 109000 |  | -7003 -7708
110 110000 |  | -6703 -7573
111 111000 |  | -6418 -7445
112 112000 |  | -6148 -7323
113 113000 |  | -5891 -7207
114 114000 |  | -5647 -7097
115 115000 | 0 | -8000 -6993
116 116000 |  | -8000 -6394
117 117000 |  | -8000 -6325
118 118000 |  | -7650 -6259
119 119000 |  | -7318 -6197
120 120000 |  | -7003 -6138
121 121000 |  | -6703 -6082
122 122000 |  | -6418 -6028
123 123000 |  | -6148 -5977
124 124000 |  | -5891 -5929
125 125000 |  | -5647 -5883
126 126000 | 0 | -8000 -5839
127 127000 | 1 | -8000 -8000
128 128000 |  | -8000 -8000
129 129000 |  | -7650 -8000
130 130000 |  | -7318 -7850
131 131000 |  | -7003 -7708
132 132000 |  | -6703 -7573
133 133000 |  | -6418 -7445
134 134000 |  | -6148 -7323
135 135000 |  | -5891 -7207
136 136000 |  | -5647 -7097
137 137000 | 0 | -8000 -6993
138 138000 |  | -8000 -6394
139 139000 |  | -8000 -6325
140 140000 |  | -7650 -6259
141 141000 |  | -7318 -6197
142 142000 |  | -7003 -6138
143 143000 |  | -6703 -6082
144 144000 |  | -6418 -6028
145 145000 |  | -6148 -5977
146 146000 |  | -5891 -5929
147 147000 |  | -5647 -5883
148 148000 | 0 | -8000 -5839
149 149000 | 1 | -8000 -8000
# neuralos-trace v1 case=saturation-floor-ceiling kind=regression n=1 dt_us=1000 res=mV plasticity=off divisor=10 steps=100 rows=all
0 0 |  | 50
1 1000 |  | 50
2 2000 |  | 50
3 3000 |  | 50
4 4000 |  | 50
5 5000 |  | 50
6 6000 |  | 50
7 7000 |  | 50
8 8000 |  | 50
9 9000 |  | 50
10 10000 |  | 50
11 11000 |  | 50
12 12000 |  | 50
13 13000 |  | 50
14 14000 |  | 50
15 15000 |  | 50
16 16000 |  | 50
17 17000 |  | 50
18 18000 |  | 50
19 19000 |  | 50
20 20000 |  | 44
21 21000 |  | 39
22 22000 |  | 34
23 23000 |  | 29
24 24000 |  | 25
25 25000 |  | 21
26 26000 |  | 17
27 27000 |  | 13
28 28000 |  | 9
29 29000 |  | 6
30 30000 |  | 3
31 31000 |  | 0
32 32000 |  | -3
33 33000 |  | -6
34 34000 |  | -9
35 35000 |  | -12
36 36000 |  | -14
37 37000 |  | -16
38 38000 |  | -18
39 39000 |  | -20
40 40000 |  | -22
41 41000 |  | -24
42 42000 |  | -26
43 43000 |  | -28
44 44000 |  | -30
45 45000 |  | -32
46 46000 |  | -33
47 47000 |  | -34
48 48000 |  | -35
49 49000 |  | -36
50 50000 |  | -100
51 51000 |  | -100
52 52000 |  | -100
53 53000 |  | -100
54 54000 |  | -100
55 55000 |  | -100
56 56000 |  | -100
57 57000 |  | -100
58 58000 |  | -100
59 59000 |  | -100
60 60000 |  | -100
61 61000 |  | -100
62 62000 |  | -100
63 63000 |  | -100
64 64000 |  | -100
65 65000 |  | -100
66 66000 |  | -100
67 67000 |  | -100
68 68000 |  | -100
69 69000 |  | -100
70 70000 |  | -99
71 71000 |  | -98
72 72000 |  | -97
73 73000 |  | -96
74 74000 |  | -95
75 75000 |  | -94
76 76000 |  | -93
77 77000 |  | -92
78 78000 |  | -91
79 79000 |  | -90
80 80000 |  | -89
81 81000 |  | -89
82 82000 |  | -89
83 83000 |  | -89
84 84000 |  | -89
85 85000 |  | -89
86 86000 |  | -89
87 87000 |  | -89
88 88000 |  | -89
89 89000 |  | -89
90 90000 |  | -89
91 91000 |  | -89
92 92000 |  | -89
93 93000 |  | -89
94 94000 |  | -89
95 95000 |  | -89
96 96000 |  | -89
97 97000 |  | -89
98 98000 |  | -89
99 99000 |  | -89
# neuralos-trace v1 case=nir-chain-fixture kind=regression n=1 dt_us=1000 res=mV plasticity=off divisor=10 steps=100 rows=all
0 0 |  | -67
1 1000 |  | -64
2 2000 |  | -62
3 3000 |  | -60
4 4000 |  | -58
5 5000 |  | -56
6 6000 | 0 | -80
7 7000 |  | -80
8 8000 |  | -77
9 9000 |  | -74
10 10000 |  | -71
11 11000 |  | -68
12 12000 |  | -65
13 13000 |  | -62
14 14000 |  | -60
15 15000 |  | -58
16 16000 |  | -56
17 17000 | 0 | -80
18 18000 |  | -80
19 19000 |  | -77
20 20000 |  | -74
21 21000 |  | -71
22 22000 |  | -68
23 23000 |  | -65
24 24000 |  | -62
25 25000 |  | -60
26 26000 |  | -58
27 27000 |  | -56
28 28000 | 0 | -80
29 29000 |  | -80
30 30000 |  | -77
31 31000 |  | -74
32 32000 |  | -71
33 33000 |  | -68
34 34000 |  | -65
35 35000 |  | -62
36 36000 |  | -60
37 37000 |  | -58
38 38000 |  | -56
39 39000 | 0 | -80
40 40000 |  | -80
41 41000 |  | -77
42 42000 |  | -74
43 43000 |  | -71
44 44000 |  | -68
45 45000 |  | -65
46 46000 |  | -62
47 47000 |  | -60
48 48000 |  | -58
49 49000 |  | -56
50 50000 | 0 | -80
51 51000 |  | -80
52 52000 |  | -77
53 53000 |  | -74
54 54000 |  | -71
55 55000 |  | -68
56 56000 |  | -65
57 57000 |  | -62
58 58000 |  | -60
59 59000 |  | -58
60 60000 |  | -56
61 61000 | 0 | -80
62 62000 |  | -80
63 63000 |  | -77
64 64000 |  | -74
65 65000 |  | -71
66 66000 |  | -68
67 67000 |  | -65
68 68000 |  | -62
69 69000 |  | -60
70 70000 |  | -58
71 71000 |  | -56
72 72000 | 0 | -80
73 73000 |  | -80
74 74000 |  | -77
75 75000 |  | -74
76 76000 |  | -71
77 77000 |  | -68
78 78000 |  | -65
79 79000 |  | -62
80 80000 |  | -60
81 81000 |  | -58
82 82000 |  | -56
83 83000 | 0 | -80
84 84000 |  | -80
85 85000 |  | -77
86 86000 |  | -74
87 87000 |  | -71
88 88000 |  | -68
89 89000 |  | -65
90 90000 |  | -62
91 91000 |  | -60
92 92000 |  | -58
93 93000 |  | -56
94 94000 | 0 | -80
95 95000 |  | -80
96 96000 |  | -77
97 97000 |  | -74
98 98000 |  | -71
99 99000 |  | -68
# neuralos-trace v1 case=ternary-weights kind=regression n=3 dt_us=1000 res=mV plasticity=off divisor=1 steps=100 rows=all
0 0 |  | -67 -69 -69
1 1000 |  | -65 -68 -68
2 2000 |  | -63 -67 -67
3 3000 |  | -61 -66 -66
4 4000 |  | -59 -65 -65
5 5000 |  | -57 -64 -64
6 6000 | 0 | -80 -63 -63
7 7000 | 1 2 | -80 -80 -80
8 8000 |  | -80 -80 -80
9 9000 |  | -77 -80 -80
10 10000 |  | -74 -78 -78
11 11000 |  | -71 -77 -77
12 12000 |  | -68 -76 -76
13 13000 |  | -66 -75 -75
14 14000 |  | -64 -74 -74
15 15000 |  | -62 -73 -73
16 16000 |  | -60 -72 -72
17 17000 |  | -58 -71 -71
18 18000 |  | -56 -70 -70
19 19000 | 0 | -80 -69 -69
20 20000 |  | -80 -60 -60
21 21000 |  | -80 -59 -59
22 22000 |  | -77 -59 -59
23 23000 |  | -74 -59 -59
24 24000 |  | -71 -59 -59
25 25000 |  | -68 -59 -59
26 26000 |  | -66 -59 -59
27 27000 |  | -64 -59 -59
28 28000 |  | -62 -59 -59
29 29000 |  | -60 -59 -59
30 30000 |  | -58 -59 -59
31 31000 |  | -56 -59 -59
32 32000 | 0 | -80 -59 -59
33 33000 | 1 2 | -80 -80 -80
34 34000 |  | -80 -80 -80
35 35000 |  | -77 -80 -80
36 36000 |  | -74 -78 -78
37 37000 |  | -71 -77 -77
38 38000 |  | -68 -76 -76
39 39000 |  | -66 -75 -75
40 40000 |  | -64 -74 -74
41 41000 |  | -62 -73 -73
42 42000 |  | -60 -72 -72
43 43000 |  | -58 -71 -71
44 44000 |  | -56 -70 -70
45 45000 | 0 | -80 -69 -69
46 46000 |  | -80 -60 -60
47 47000 |  | -80 -59 -59
48 48000 |  | -77 -59 -59
49 49000 |  | -74 -59 -59
50 50000 |  | -71 -59 -59
51 51000 |  | -68 -59 -59
52 52000 |  | -66 -59 -59
53 53000 |  | -64 -59 -59
54 54000 |  | -62 -59 -59
55 55000 |  | -60 -59 -59
56 56000 |  | -58 -59 -59
57 57000 |  | -56 -59 -59
58 58000 | 0 | -80 -59 -59
59 59000 | 1 2 | -80 -80 -80
60 60000 |  | -80 -80 -80
61 61000 |  | -77 -80 -80
62 62000 |  | -74 -78 -78
63 63000 |  | -71 -77 -77
64 64000 |  | -68 -76 -76
65 65000 |  | -66 -75 -75
66 66000 |  | -64 -74 -74
67 67000 |  | -62 -73 -73
68 68000 |  | -60 -72 -72
69 69000 |  | -58 -71 -71
70 70000 |  | -56 -70 -70
71 71000 | 0 | -80 -69 -69
72 72000 |  | -80 -60 -60
73 73000 |  | -80 -59 -59
74 74000 |  | -77 -59 -59
75 75000 |  | -74 -59 -59
76 76000 |  | -71 -59 -59
77 77000 |  | -68 -59 -59
78 78000 |  | -66 -59 -59
79 79000 |  | -64 -59 -59
80 80000 |  | -62 -59 -59
81 81000 |  | -60 -59 -59
82 82000 |  | -58 -59 -59
83 83000 |  | -56 -59 -59
84 84000 | 0 | -80 -59 -59
85 85000 | 1 2 | -80 -80 -80
86 86000 |  | -80 -80 -80
87 87000 |  | -77 -80 -80
88 88000 |  | -74 -78 -78
89 89000 |  | -71 -77 -77
90 90000 |  | -68 -76 -76
91 91000 |  | -66 -75 -75
92 92000 |  | -64 -74 -74
93 93000 |  | -62 -73 -73
94 94000 |  | -60 -72 -72
95 95000 |  | -58 -71 -71
96 96000 |  | -56 -70 -70
97 97000 | 0 | -80 -69 -69
98 98000 |  | -80 -60 -60
99 99000 |  | -80 -59 -59
# neuralos-trace v1 case=snntorch-two-layer kind=regression n=2 dt_us=1000 res=cmV plasticity=off divisor=10 steps=150 rows=all
0 0 | 0 | 0 0
1 1000 | 1 | 0 0
2 2000 | 0 | 0 0
3 3000 | 1 | 0 0
4 4000 | 0 | 0 0
5 5000 | 1 | 0 0
6 6000 | 0 | 0 0
7 7000 | 1 | 0 0
8 8000 | 0 | 0 0
9 9000 | 1 | 0 0
10 10000 |  | 0 0
11 11000 |  | 0 0
12 12000 |  | 0 0
13 13000 |  | 0 0
14 14000 |  | 0 0
15 15000 |  | 0 0
16 16000 |  | 0 0
17 17000 |  | 0 0
18 18000 |  | 0 0
19 19000 |  | 0 0
20 20000 |  | 0 0
21 21000 |  | 0 0
22 22000 |  | 0 0
23 23000 |  | 0 0
24 24000 |  | 0 0
25 25000 |  | 0 0
26 26000 |  | 0 0
27 27000 |  | 0 0
28 28000 |  | 0 0
29 29000 |  | 0 0
30 30000 |  | 0 0
31 31000 |  | 0 0
32 32000 |  | 0 0
33 33000 |  | 0 0
34 34000 |  | 0 0
35 35000 |  | 0 0
36 36000 |  | 0 0
37 37000 |  | 0 0
38 38000 |  | 0 0
39 39000 |  | 0 0
40 40000 |  | 0 0
41 41000 |  | 0 0
42 42000 |  | 0 0
43 43000 |  | 0 0
44 44000 |  | 0 0
45 45000 |  | 0 0
46 46000 |  | 0 0
47 47000 |  | 0 0
48 48000 |  | 0 0
49 49000 |  | 0 0
50 50000 | 0 | 0 0
51 51000 | 1 | 0 0
52 52000 | 0 | 0 0
53 53000 | 1 | 0 0
54 54000 | 0 | 0 0
55 55000 | 1 | 0 0
56 56000 | 0 | 0 0
57 57000 | 1 | 0 0
58 58000 | 0 | 0 0
59 59000 | 1 | 0 0
60 60000 |  | 0 0
61 61000 |  | 0 0
62 62000 |  | 0 0
63 63000 |  | 0 0
64 64000 |  | 0 0
65 65000 |  | 0 0
66 66000 |  | 0 0
67 67000 |  | 0 0
68 68000 |  | 0 0
69 69000 |  | 0 0
70 70000 |  | 0 0
71 71000 |  | 0 0
72 72000 |  | 0 0
73 73000 |  | 0 0
74 74000 |  | 0 0
75 75000 |  | 0 0
76 76000 |  | 0 0
77 77000 |  | 0 0
78 78000 |  | 0 0
79 79000 |  | 0 0
80 80000 |  | 0 0
81 81000 |  | 0 0
82 82000 |  | 0 0
83 83000 |  | 0 0
84 84000 |  | 0 0
85 85000 |  | 0 0
86 86000 |  | 0 0
87 87000 |  | 0 0
88 88000 |  | 0 0
89 89000 |  | 0 0
90 90000 |  | 0 0
91 91000 |  | 0 0
92 92000 |  | 0 0
93 93000 |  | 0 0
94 94000 |  | 0 0
95 95000 |  | 0 0
96 96000 |  | 0 0
97 97000 |  | 0 0
98 98000 |  | 0 0
99 99000 |  | 0 0
100 100000 |  | 0 0
101 101000 |  | 0 0
102 102000 |  | 0 0
103 103000 |  | 0 0
104 104000 |  | 0 0
105 105000 |  | 0 0
106 106000 |  | 0 0
107 107000 |  | 0 0
108 108000 |  | 0 0
109 109000 |  | 0 0
110 110000 |  | 0 0
111 111000 |  | 0 0
112 112000 |  | 0 0
113 113000 |  | 0 0
114 114000 |  | 0 0
115 115000 |  | 0 0
116 116000 |  | 0 0
117 117000 |  | 0 0
118 118000 |  | 0 0
119 119000 |  | 0 0
120 120000 |  | 0 0
121 121000 |  | 0 0
122 122000 |  | 0 0
123 123000 |  | 0 0
124 124000 |  | 0 0
125 125000 |  | 0 0
126 126000 |  | 0 0
127 127000 |  | 0 0
128 128000 |  | 0 0
129 129000 |  | 0 0
130 130000 |  | 0 0
131 131000 |  | 0 0
132 132000 |  | 0 0
133 133000 |  | 0 0
134 134000 |  | 0 0
135 135000 |  | 0 0
136 136000 |  | 0 0
137 137000 |  | 0 0
138 138000 |  | 0 0
139 139000 |  | 0 0
140 140000 |  | 0 0
141 141000 |  | 0 0
142 142000 |  | 0 0
143 143000 |  | 0 0
144 144000 |  | 0 0
145 145000 |  | 0 0
146 146000 |  | 0 0
147 147000 |  | 0 0
148 148000 |  | 0 0
149 149000 |  | 0 0
# neuralos-trace v1 case=two-lif-neurons kind=regression n=2 dt_us=1000 res=cmV plasticity=off divisor=10 steps=150 rows=all
0 0 | 0 | 0 0
1 1000 | 1 | 0 0
2 2000 | 0 | 0 0
3 3000 | 1 | 0 0
4 4000 | 0 | 0 0
5 5000 | 1 | 0 0
6 6000 | 0 | 0 0
7 7000 | 1 | 0 0
8 8000 | 0 | 0 0
9 9000 | 1 | 0 0
10 10000 | 0 | 0 0
11 11000 | 1 | 0 0
12 12000 | 0 | 0 0
13 13000 | 1 | 0 0
14 14000 | 0 | 0 0
15 15000 | 1 | 0 0
16 16000 | 0 | 0 0
17 17000 | 1 | 0 0
18 18000 | 0 | 0 0
19 19000 | 1 | 0 0
20 20000 | 0 | 0 0
21 21000 | 1 | 0 0
22 22000 | 0 | 0 0
23 23000 | 1 | 0 0
24 24000 | 0 | 0 0
25 25000 | 1 | 0 0
26 26000 | 0 | 0 0
27 27000 | 1 | 0 0
28 28000 | 0 | 0 0
29 29000 | 1 | 0 0
30 30000 | 0 | 0 0
31 31000 | 1 | 0 0
32 32000 | 0 | 0 0
33 33000 | 1 | 0 0
34 34000 | 0 | 0 0
35 35000 | 1 | 0 0
36 36000 | 0 | 0 0
37 37000 | 1 | 0 0
38 38000 | 0 | 0 0
39 39000 | 1 | 0 0
40 40000 | 0 | 0 0
41 41000 | 1 | 0 0
42 42000 | 0 | 0 0
43 43000 | 1 | 0 0
44 44000 | 0 | 0 0
45 45000 | 1 | 0 0
46 46000 | 0 | 0 0
47 47000 | 1 | 0 0
48 48000 | 0 | 0 0
49 49000 | 1 | 0 0
50 50000 | 0 | 0 0
51 51000 | 1 | 0 0
52 52000 | 0 | 0 0
53 53000 | 1 | 0 0
54 54000 | 0 | 0 0
55 55000 | 1 | 0 0
56 56000 | 0 | 0 0
57 57000 | 1 | 0 0
58 58000 | 0 | 0 0
59 59000 | 1 | 0 0
60 60000 | 0 | 0 0
61 61000 | 1 | 0 0
62 62000 | 0 | 0 0
63 63000 | 1 | 0 0
64 64000 | 0 | 0 0
65 65000 | 1 | 0 0
66 66000 | 0 | 0 0
67 67000 | 1 | 0 0
68 68000 | 0 | 0 0
69 69000 | 1 | 0 0
70 70000 | 0 | 0 0
71 71000 | 1 | 0 0
72 72000 | 0 | 0 0
73 73000 | 1 | 0 0
74 74000 | 0 | 0 0
75 75000 | 1 | 0 0
76 76000 | 0 | 0 0
77 77000 | 1 | 0 0
78 78000 | 0 | 0 0
79 79000 | 1 | 0 0
80 80000 | 0 | 0 0
81 81000 | 1 | 0 0
82 82000 | 0 | 0 0
83 83000 | 1 | 0 0
84 84000 | 0 | 0 0
85 85000 | 1 | 0 0
86 86000 | 0 | 0 0
87 87000 | 1 | 0 0
88 88000 | 0 | 0 0
89 89000 | 1 | 0 0
90 90000 | 0 | 0 0
91 91000 | 1 | 0 0
92 92000 | 0 | 0 0
93 93000 | 1 | 0 0
94 94000 | 0 | 0 0
95 95000 | 1 | 0 0
96 96000 | 0 | 0 0
97 97000 | 1 | 0 0
98 98000 | 0 | 0 0
99 99000 | 1 | 0 0
100 100000 | 0 | 0 0
101 101000 | 1 | 0 0
102 102000 | 0 | 0 0
103 103000 | 1 | 0 0
104 104000 | 0 | 0 0
105 105000 | 1 | 0 0
106 106000 | 0 | 0 0
107 107000 | 1 | 0 0
108 108000 | 0 | 0 0
109 109000 | 1 | 0 0
110 110000 | 0 | 0 0
111 111000 | 1 | 0 0
112 112000 | 0 | 0 0
113 113000 | 1 | 0 0
114 114000 | 0 | 0 0
115 115000 | 1 | 0 0
116 116000 | 0 | 0 0
117 117000 | 1 | 0 0
118 118000 | 0 | 0 0
119 119000 | 1 | 0 0
120 120000 | 0 | 0 0
121 121000 | 1 | 0 0
122 122000 | 0 | 0 0
123 123000 | 1 | 0 0
124 124000 | 0 | 0 0
125 125000 | 1 | 0 0
126 126000 | 0 | 0 0
127 127000 | 1 | 0 0
128 128000 | 0 | 0 0
129 129000 | 1 | 0 0
130 130000 | 0 | 0 0
131 131000 | 1 | 0 0
132 132000 | 0 | 0 0
133 133000 | 1 | 0 0
134 134000 | 0 | 0 0
135 135000 | 1 | 0 0
136 136000 | 0 | 0 0
137 137000 | 1 | 0 0
138 138000 | 0 | 0 0
139 139000 | 1 | 0 0
140 140000 | 0 | 0 0
141 141000 | 1 | 0 0
142 142000 | 0 | 0 0
143 143000 | 1 | 0 0
144 144000 | 0 | 0 0
145 145000 | 1 | 0 0
146 146000 | 0 | 0 0
147 147000 | 1 | 0 0
148 148000 | 0 | 0 0
149 149000 | 1 | 0 0
# neuralos-trace v1 case=dense kind=stranger n=402 dt_us=1000 res=cmV plasticity=off divisor=10 steps=20 rows=all
0 0 | 0 1 2 3 4 5 6 7 8 9 10 11 12 13 14 15 16 17 18 19 20 21 22 23 24 25 26 27 28 29 30 31 32 33 34 35 36 37 38 39 40 41 42 43 44 45 46 47 48 49 50 51 52 53 54 55 56 57 58 59 60 61 62 63 64 65 66 67 68 69 70 71 72 73 74 75 76 77 78 79 80 81 82 83 84 85 86 87 88 89 90 91 92 93 94 95 96 97 98 99 100 101 102 103 104 105 106 107 108 109 110 111 112 113 114 115 116 117 118 119 120 121 122 123 124 125 126 127 128 129 130 131 132 133 134 135 136 137 138 139 140 141 142 143 144 145 146 147 148 149 150 151 152 153 154 155 156 157 158 159 160 161 162 163 164 165 166 167 168 169 170 171 172 173 174 175 176 177 178 179 180 181 182 183 184 185 186 187 188 189 190 191 192 193 194 195 196 197 198 199 200 | 0 0 0 0 0 0 0 0 0 0 0 0 0 0 0 0 0 0 0 0 0 0 0 0 0 0 0 0 0 0 0 0 0 0 0 0 0 0 0 0 0 0 0 0 0 0 0 0 0 0 0 0 0 0 0 0 0 0 0 0 0 0 0 0 0 0 0 0 0 0 0 0 0 0 0 0 0 0 0 0 0 0 0 0 0 0 0 0 0 0 0 0 0 0 0 0 0 0 0 0 0 0 0 0 0 0 0 0 0 0 0 0 0 0 0 0 0 0 0 0 0 0 0 0 0 0 0 0 0 0 0 0 0 0 0 0 0 0 0 0 0 0 0 0 0 0 0 0 0 0 0 0 0 0 0 0 0 0 0 0 0 0 0 0 0 0 0 0 0 0 0 0 0 0 0 0 0 0 0 0 0 0 0 0 0 0 0 0 0 0 0 0 0 0 0 0 0 0 0 0 0 0 0 0 0 0 0 0 0 0 0 0 0 0 0 0 0 0 0 0 0 0 0 0 0 0 0 0 0 0 0 0 0 0 0 0 0 0 0 0 0 0 0 0 0 0 0 0 0 0 0 0 0 0 0 0 0 0 0 0 0 0 0 0 0 0 0 0 0 0 0 0 0 0 0 0 0 0 0 0 0 0 0 0 0 0 0 0 0 0 0 0 0 0 0 0 0 0 0 0 0 0 0 0 0 0 0 0 0 0 0 0 0 0 0 0 0 0 0 0 0 0 0 0 0 0 0 0 0 0 0 0 0 0 0 0 0 0 0 0 0 0 0 0 0 0 0 0 0 0 0 0 0 0 0 0 0 0 0 0 0 0 0 0 0 0 0 0 0 0 0 0 0 0 0 0 0 0 0 0 0 0 0 0 0 0 0 0 0 0 0 0 0 0 0 0 0 0 0 0 0 0
1 1000 | 201 202 203 204 205 206 207 208 209 210 211 212 213 214 215 216 217 218 219 220 221 222 223 224 225 226 227 228 229 230 231 232 233 234 235 236 237 238 239 240 241 242 243 244 245 246 247 248 249 250 251 252 253 254 255 256 257 258 259 260 261 262 263 264 265 266 267 268 269 270 271 272 273 274 275 276 277 278 279 280 281 282 283 284 285 286 287 288 289 290 291 292 293 294 295 296 297 298 299 300 301 302 303 304 305 306 307 308 309 310 311 312 313 314 315 316 317 318 319 320 321 322 323 324 325 326 327 328 329 330 331 332 333 334 335 336 337 338 339 340 341 342 343 344 345 346 347 348 349 350 351 352 353 354 355 356 357 358 359 360 361 362 363 364 365 366 367 368 369 370 371 372 373 374 375 376 377 378 379 380 381 382 383 384 385 386 387 388 389 390 391 392 393 394 395 396 397 398 399 400 401 | 0 0 0 0 0 0 0 0 0 0 0 0 0 0 0 0 0 0 0 0 0 0 0 0 0 0 0 0 0 0 0 0 0 0 0 0 0 0 0 0 0 0 0 0 0 0 0 0 0 0 0 0 0 0 0 0 0 0 0 0 0 0 0 0 0 0 0 0 0 0 0 0 0 0 0 0 0 0 0 0 0 0 0 0 0 0 0 0 0 0 0 0 0 0 0 0 0 0 0 0 0 0 0 0 0 0 0 0 0 0 0 0 0 0 0 0 0 0 0 0 0 0 0 0 0 0 0 0 0 0 0 0 0 0 0 0 0 0 0 0 0 0 0 0 0 0 0 0 0 0 0 0 0 0 0 0 0 0 0 0 0 0 0 0 0 0 0 0 0 0 0 0 0 0 0 0 0 0 0 0 0 0 0 0 0 0 0 0 0 0 0 0 0 0 0 0 0 0 0 0 0 0 0 0 0 0 0 0 0 0 0 0 0 0 0 0 0 0 0 0 0 0 0 0 0 0 0 0 0 0 0 0 0 0 0 0 0 0 0 0 0 0 0 0 0 0 0 0 0 0 0 0 0 0 0 0 0 0 0 0 0 0 0 0 0 0 0 0 0 0 0 0 0 0 0 0 0 0 0 0 0 0 0 0 0 0 0 0 0 0 0 0 0 0 0 0 0 0 0 0 0 0 0 0 0 0 0 0 0 0 0 0 0 0 0 0 0 0 0 0 0 0 0 0 0 0 0 0 0 0 0 0 0 0 0 0 0 0 0 0 0 0 0 0 0 0 0 0 0 0 0 0 0 0 0 0 0 0 0 0 0 0 0 0 0 0 0 0 0 0 0 0 0 0 0 0 0 0 0 0 0 0 0 0 0 0 0 0 0 0 0 0 0 0 0 0 0 0 0 0 0 0
2 2000 | 0 1 2 3 4 5 6 7 8 9 10 11 12 13 14 15 16 17 18 19 20 21 22 23 24 25 26 27 28 29 30 31 32 33 34 35 36 37 38 39 40 41 42 43 44 45 46 47 48 49 50 51 52 53 54 55 56 57 58 59 60 61 62 63 64 65 66 67 68 69 70 71 72 73 74 75 76 77 78 79 80 81 82 83 84 85 86 87 88 89 90 91 92 93 94 95 96 97 98 99 100 101 102 103 104 105 106 107 108 109 110 111 112 113 114 115 116 117 118 119 120 121 122 123 124 125 126 127 128 129 130 131 132 133 134 135 136 137 138 139 140 141 142 143 144 145 146 147 148 149 150 151 152 153 154 155 156 157 158 159 160 161 162 163 164 165 166 167 168 169 170 171 172 173 174 175 176 177 178 179 180 181 182 183 184 185 186 187 188 189 190 191 192 193 194 195 196 197 198 199 200 | 0 0 0 0 0 0 0 0 0 0 0 0 0 0 0 0 0 0 0 0 0 0 0 0 0 0 0 0 0 0 0 0 0 0 0 0 0 0 0 0 0 0 0 0 0 0 0 0 0 0 0 0 0 0 0 0 0 0 0 0 0 0 0 0 0 0 0 0 0 0 0 0 0 0 0 0 0 0 0 0 0 0 0 0 0 0 0 0 0 0 0 0 0 0 0 0 0 0 0 0 0 0 0 0 0 0 0 0 0 0 0 0 0 0 0 0 0 0 0 0 0 0 0 0 0 0 0 0 0 0 0 0 0 0 0 0 0 0 0 0 0 0 0 0 0 0 0 0 0 0 0 0 0 0 0 0 0 0 0 0 0 0 0 0 0 0 0 0 0 0 0 0 0 0 0 0 0 0 0 0 0 0 0 0 0 0 0 0 0 0 0 0 0 0 0 0 0 0 0 0 0 0 0 0 0 0 0 0 0 0 0 0 0 0 0 0 0 0 0 0 0 0 0 0 0 0 0 0 0 0 0 0 0 0 0 0 0 0 0 0 0 0 0 0 0 0 0 0 0 0 0 0 0 0 0 0 0 0 0 0 0 0 0 0 0 0 0 0 0 0 0 0 0 0 0 0 0 0 0 0 0 0 0 0 0 0 0 0 0 0 0 0 0 0 0 0 0 0 0 0 0 0 0 0 0 0 0 0 0 0 0 0 0 0 0 0 0 0 0 0 0 0 0 0 0 0 0 0 0 0 0 0 0 0 0 0 0 0 0 0 0 0 0 0 0 0 0 0 0 0 0 0 0 0 0 0 0 0 0 0 0 0 0 0 0 0 0 0 0 0 0 0 0 0 0 0 0 0 0 0 0 0 0 0 0 0 0 0 0 0 0 0 0 0 0 0 0 0 0 0 0 0
3 3000 | 201 202 203 204 205 206 207 208 209 210 211 212 213 214 215 216 217 218 219 220 221 222 223 224 225 226 227 228 229 230 231 232 233 234 235 236 237 238 239 240 241 242 243 244 245 246 247 248 249 250 251 252 253 254 255 256 257 258 259 260 261 262 263 264 265 266 267 268 269 270 271 272 273 274 275 276 277 278 279 280 281 282 283 284 285 286 287 288 289 290 291 292 293 294 295 296 297 298 299 300 301 302 303 304 305 306 307 308 309 310 311 312 313 314 315 316 317 318 319 320 321 322 323 324 325 326 327 328 329 330 331 332 333 334 335 336 337 338 339 340 341 342 343 344 345 346 347 348 349 350 351 352 353 354 355 356 357 358 359 360 361 362 363 364 365 366 367 368 369 370 371 372 373 374 375 376 377 378 379 380 381 382 383 384 385 386 387 388 389 390 391 392 393 394 395 396 397 398 399 400 401 | 0 0 0 0 0 0 0 0 0 0 0 0 0 0 0 0 0 0 0 0 0 0 0 0 0 0 0 0 0 0 0 0 0 0 0 0 0 0 0 0 0 0 0 0 0 0 0 0 0 0 0 0 0 0 0 0 0 0 0 0 0 0 0 0 0 0 0 0 0 0 0 0 0 0 0 0 0 0 0 0 0 0 0 0 0 0 0 0 0 0 0 0 0 0 0 0 0 0 0 0 0 0 0 0 0 0 0 0 0 0 0 0 0 0 0 0 0 0 0 0 0 0 0 0 0 0 0 0 0 0 0 0 0 0 0 0 0 0 0 0 0 0 0 0 0 0 0 0 0 0 0 0 0 0 0 0 0 0 0 0 0 0 0 0 0 0 0 0 0 0 0 0 0 0 0 0 0 0 0 0 0 0 0 0 0 0 0 0 0 0 0 0 0 0 0 0 0 0 0 0 0 0 0 0 0 0 0 0 0 0 0 0 0 0 0 0 0 0 0 0 0 0 0 0 0 0 0 0 0 0 0 0 0 0 0 0 0 0 0 0 0 0 0 0 0 0 0 0 0 0 0 0 0 0 0 0 0 0 0 0 0 0 0 0 0 0 0 0 0 0 0 0 0 0 0 0 0 0 0 0 0 0 0 0 0 0 0 0 0 0 0 0 0 0 0 0 0 0 0 0 0 0 0 0 0 0 0 0 0 0 0 0 0 0 0 0 0 0 0 0 0 0 0 0 0 0 0 0 0 0 0 0 0 0 0 0 0 0 0 0 0 0 0 0 0 0 0 0 0 0 0 0 0 0 0 0 0 0 0 0 0 0 0 0 0 0 0 0 0 0 0 0 0 0 0 0 0 0 0 0 0 0 0 0 0 0 0 0 0 0 0 0 0 0 0 0 0 0 0 0 0 0
4 4000 | 0 1 2 3 4 5 6 7 8 9 10 11 12 13 14 15 16 17 18 19 20 21 22 23 24 25 26 27 28 29 30 31 32 33 34 35 36 37 38 39 40 41 42 43 44 45 46 47 48 49 50 51 52 53 54 55 56 57 58 59 60 61 62 63 64 65 66 67 68 69 70 71 72 73 74 75 76 77 78 79 80 81 82 83 84 85 86 87 88 89 90 91 92 93 94 95 96 97 98 99 100 101 102 103 104 105 106 107 108 109 110 111 112 113 114 115 116 117 118 119 120 121 122 123 124 125 126 127 128 129 130 131 132 133 134 135 136 137 138 139 140 141 142 143 144 145 146 147 148 149 150 151 152 153 154 155 156 157 158 159 160 161 162 163 164 165 166 167 168 169 170 171 172 173 174 175 176 177 178 179 180 181 182 183 184 185 186 187 188 189 190 191 192 193 194 195 196 197 198 199 200 | 0 0 0 0 0 0 0 0 0 0 0 0 0 0 0 0 0 0 0 0 0 0 0 0 0 0 0 0 0 0 0 0 0 0 0 0 0 0 0 0 0 0 0 0 0 0 0 0 0 0 0 0 0 0 0 0 0 0 0 0 0 0 0 0 0 0 0 0 0 0 0 0 0 0 0 0 0 0 0 0 0 0 0 0 0 0 0 0 0 0 0 0 0 0 0 0 0 0 0 0 0 0 0 0 0 0 0 0 0 0 0 0 0 0 0 0 0 0 0 0 0 0 0 0 0 0 0 0 0 0 0 0 0 0 0 0 0 0 0 0 0 0 0 0 0 0 0 0 0 0 0 0 0 0 0 0 0 0 0 0 0 0 0 0 0 0 0 0 0 0 0 0 0 0 0 0 0 0 0 0 0 0 0 0 0 0 0 0 0 0 0 0 0 0 0 0 0 0 0 0 0 0 0 0 0 0 0 0 0 0 0 0 0 0 0 0 0 0 0 0 0 0 0 0 0 0 0 0 0 0 0 0 0 0 0 0 0 0 0 0 0 0 0 0 0 0 0 0 0 0 0 0 0 0 0 0 0 0 0 0 0 0 0 0 0 0 0 0 0 0 0 0 0 0 0 0 0 0 0 0 0 0 0 0 0 0 0 0 0 0 0 0 0 0 0 0 0 0 0 0 0 0 0 0 0 0 0 0 0 0 0 0 0 0 0 0 0 0 0 0 0 0 0 0 0 0 0 0 0 0 0 0 0 0 0 0 0 0 0 0 0 0 0 0 0 0 0 0 0 0 0 0 0 0 0 0 0 0 0 0 0 0 0 0 0 0 0 0 0 0 0 0 0 0 0 0 0 0 0 0 0 0 0 0 0 0 0 0 0 0 0 0 0 0 0 0 0 0 0 0 0 0
5 5000 | 201 202 203 204 205 206 207 208 209 210 211 212 213 214 215 216 217 218 219 220 221 222 223 224 225 226 227 228 229 230 231 232 233 234 235 236 237 238 239 240 241 242 243 244 245 246 247 248 249 250 251 252 253 254 255 256 257 258 259 260 261 262 263 264 265 266 267 268 269 270 271 272 273 274 275 276 277 278 279 280 281 282 283 284 285 286 287 288 289 290 291 292 293 294 295 296 297 298 299 300 301 302 303 304 305 306 307 308 309 310 311 312 313 314 315 316 317 318 319 320 321 322 323 324 325 326 327 328 329 330 331 332 333 334 335 336 337 338 339 340 341 342 343 344 345 346 347 348 349 350 351 352 353 354 355 356 357 358 359 360 361 362 363 364 365 366 367 368 369 370 371 372 373 374 375 376 377 378 379 380 381 382 383 384 385 386 387 388 389 390 391 392 393 394 395 396 397 398 399 400 401 | 0 0 0 0 0 0 0 0 0 0 0 0 0 0 0 0 0 0 0 0 0 0 0 0 0 0 0 0 0 0 0 0 0 0 0 0 0 0 0 0 0 0 0 0 0 0 0 0 0 0 0 0 0 0 0 0 0 0 0 0 0 0 0 0 0 0 0 0 0 0 0 0 0 0 0 0 0 0 0 0 0 0 0 0 0 0 0 0 0 0 0 0 0 0 0 0 0 0 0 0 0 0 0 0 0 0 0 0 0 0 0 0 0 0 0 0 0 0 0 0 0 0 0 0 0 0 0 0 0 0 0 0 0 0 0 0 0 0 0 0 0 0 0 0 0 0 0 0 0 0 0 0 0 0 0 0 0 0 0 0 0 0 0 0 0 0 0 0 0 0 0 0 0 0 0 0 0 0 0 0 0 0 0 0 0 0 0 0 0 0 0 0 0 0 0 0 0 0 0 0 0 0 0 0 0 0 0 0 0 0 0 0 0 0 0 0 0 0 0 0 0 0 0 0 0 0 0 0 0 0 0 0 0 0 0 0 0 0 0 0 0 0 0 0 0 0 0 0 0 0 0 0 0 0 0 0 0 0 0 0 0 0 0 0 0 0 0 0 0 0 0 0 0 0 0 0 0 0 0 0 0 0 0 0 0 0 0 0 0 0 0 0 0 0 0 0 0 0 0 0 0 0 0 0 0 0 0 0 0 0 0 0 0 0 0 0 0 0 0 0 0 0 0 0 0 0 0 0 0 0 0 0 0 0 0 0 0 0 0 0 0 0 0 0 0 0 0 0 0 0 0 0 0 0 0 0 0 0 0 0 0 0 0 0 0 0 0 0 0 0 0 0 0 0 0 0 0 0 0 0 0 0 0 0 0 0 0 0 0 0 0 0 0 0 0 0 0 0 0 0 0 0
6 6000 | 0 1 2 3 4 5 6 7 8 9 10 11 12 13 14 15 16 17 18 19 20 21 22 23 24 25 26 27 28 29 30 31 32 33 34 35 36 37 38 39 40 41 42 43 44 45 46 47 48 49 50 51 52 53 54 55 56 57 58 59 60 61 62 63 64 65 66 67 68 69 70 71 72 73 74 75 76 77 78 79 80 81 82 83 84 85 86 87 88 89 90 91 92 93 94 95 96 97 98 99 100 101 102 103 104 105 106 107 108 109 110 111 112 113 114 115 116 117 118 119 120 121 122 123 124 125 126 127 128 129 130 131 132 133 134 135 136 137 138 139 140 141 142 143 144 145 146 147 148 149 150 151 152 153 154 155 156 157 158 159 160 161 162 163 164 165 166 167 168 169 170 171 172 173 174 175 176 177 178 179 180 181 182 183 184 185 186 187 188 189 190 191 192 193 194 195 196 197 198 199 200 | 0 0 0 0 0 0 0 0 0 0 0 0 0 0 0 0 0 0 0 0 0 0 0 0 0 0 0 0 0 0 0 0 0 0 0 0 0 0 0 0 0 0 0 0 0 0 0 0 0 0 0 0 0 0 0 0 0 0 0 0 0 0 0 0 0 0 0 0 0 0 0 0 0 0 0 0 0 0 0 0 0 0 0 0 0 0 0 0 0 0 0 0 0 0 0 0 0 0 0 0 0 0 0 0 0 0 0 0 0 0 0 0 0 0 0 0 0 0 0 0 0 0 0 0 0 0 0 0 0 0 0 0 0 0 0 0 0 0 0 0 0 0 0 0 0 0 0 0 0 0 0 0 0 0 0 0 0 0 0 0 0 0 0 0 0 0 0 0 0 0 0 0 0 0 0 0 0 0 0 0 0 0 0 0 0 0 0 0 0 0 0 0 0 0 0 0 0 0 0 0 0 0 0 0 0 0 0 0 0 0 0 0 0 0 0 0 0 0 0 0 0 0 0 0 0 0 0 0 0 0 0 0 0 0 0 0 0 0 0 0 0 0 0 0 0 0 0 0 0 0 0 0 0 0 0 0 0 0 0 0 0 0 0 0 0 0 0 0 0 0 0 0 0 0 0 0 0 0 0 0 0 0 0 0 0 0 0 0 0 0 0 0 0 0 0 0 0 0 0 0 0 0 0 0 0 0 0 0 0 0 0 0 0 0 0 0 0 0 0 0 0 0 0 0 0 0 0 0 0 0 0 0 0 0 0 0 0 0 0 0 0 0 0 0 0 0 0 0 0 0 0 0 0 0 0 0 0 0 0 0 0 0 0 0 0 0 0 0 0 0 0 0 0 0 0 0 0 0 0 0 0 0 0 0 0 0 0 0 0 0 0 0 0 0 0 0 0 0 0 0 0 0
7 7000 | 201 202 203 204 205 206 207 208 209 210 211 212 213 214 215 216 217 218 219 220 221 222 223 224 225 226 227 228 229 230 231 232 233 234 235 236 237 238 239 240 241 242 243 244 245 246 247 248 249 250 251 252 253 254 255 256 257 258 259 260 261 262 263 264 265 266 267 268 269 270 271 272 273 274 275 276 277 278 279 280 281 282 283 284 285 286 287 288 289 290 291 292 293 294 295 296 297 298 299 300 301 302 303 304 305 306 307 308 309 310 311 312 313 314 315 316 317 318 319 320 321 322 323 324 325 326 327 328 329 330 331 332 333 334 335 336 337 338 339 340 341 342 343 344 345 346 347 348 349 350 351 352 353 354 355 356 357 358 359 360 361 362 363 364 365 366 367 368 369 370 371 372 373 374 375 376 377 378 379 380 381 382 383 384 385 386 387 388 389 390 391 392 393 394 395 396 397 398 399 400 401 | 0 0 0 0 0 0 0 0 0 0 0 0 0 0 0 0 0 0 0 0 0 0 0 0 0 0 0 0 0 0 0 0 0 0 0 0 0 0 0 0 0 0 0 0 0 0 0 0 0 0 0 0 0 0 0 0 0 0 0 0 0 0 0 0 0 0 0 0 0 0 0 0 0 0 0 0 0 0 0 0 0 0 0 0 0 0 0 0 0 0 0 0 0 0 0 0 0 0 0 0 0 0 0 0 0 0 0 0 0 0 0 0 0 0 0 0 0 0 0 0 0 0 0 0 0 0 0 0 0 0 0 0 0 0 0 0 0 0 0 0 0 0 0 0 0 0 0 0 0 0 0 0 0 0 0 0 0 0 0 0 0 0 0 0 0 0 0 0 0 0 0 0 0 0 0 0 0 0 0 0 0 0 0 0 0 0 0 0 0 0 0 0 0 0 0 0 0 0 0 0 0 0 0 0 0 0 0 0 0 0 0 0 0 0 0 0 0 0 0 0 0 0 0 0 0 0 0 0 0 0 0 0 0 0 0 0 0 0 0 0 0 0 0 0 0 0 0 0 0 0 0 0 0 0 0 0 0 0 0 0 0 0 0 0 0 0 0 0 0 0 0 0 0 0 0 0 0 0 0 0 0 0 0 0 0 0 0 0 0 0 0 0 0 0 0 0 0 0 0 0 0 0 0 0 0 0 0 0 0 0 0 0 0 0 0 0 0 0 0 0 0 0 0 0 0 0 0 0 0 0 0 0 0 0 0 0 0 0 0 0 0 0 0 0 0 0 0 0 0 0 0 0 0 0 0 0 0 0 0 0 0 0 0 0 0 0 0 0 0 0 0 0 0 0 0 0 0 0 0 0 0 0 0 0 0 0 0 0 0 0 0 0 0 0 0 0 0 0 0 0 0 0
8 8000 | 0 1 2 3 4 5 6 7 8 9 10 11 12 13 14 15 16 17 18 19 20 21 22 23 24 25 26 27 28 29 30 31 32 33 34 35 36 37 38 39 40 41 42 43 44 45 46 47 48 49 50 51 52 53 54 55 56 57 58 59 60 61 62 63 64 65 66 67 68 69 70 71 72 73 74 75 76 77 78 79 80 81 82 83 84 85 86 87 88 89 90 91 92 93 94 95 96 97 98 99 100 101 102 103 104 105 106 107 108 109 110 111 112 113 114 115 116 117 118 119 120 121 122 123 124 125 126 127 128 129 130 131 132 133 134 135 136 137 138 139 140 141 142 143 144 145 146 147 148 149 150 151 152 153 154 155 156 157 158 159 160 161 162 163 164 165 166 167 168 169 170 171 172 173 174 175 176 177 178 179 180 181 182 183 184 185 186 187 188 189 190 191 192 193 194 195 196 197 198 199 200 | 0 0 0 0 0 0 0 0 0 0 0 0 0 0 0 0 0 0 0 0 0 0 0 0 0 0 0 0 0 0 0 0 0 0 0 0 0 0 0 0 0 0 0 0 0 0 0 0 0 0 0 0 0 0 0 0 0 0 0 0 0 0 0 0 0 0 0 0 0 0 0 0 0 0 0 0 0 0 0 0 0 0 0 0 0 0 0 0 0 0 0 0 0 0 0 0 0 0 0 0 0 0 0 0 0 0 0 0 0 0 0 0 0 0 0 0 0 0 0 0 0 0 0 0 0 0 0 0 0 0 0 0 0 0 0 0 0 0 0 0 0 0 0 0 0 0 0 0 0 0 0 0 0 0 0 0 0 0 0 0 0 0 0 0 0 0 0 0 0 0 0 0 0 0 0 0 0 0 0 0 0 0 0 0 0 0 0 0 0 0 0 0 0 0 0 0 0 0 0 0 0 0 0 0 0 0 0 0 0 0 0 0 0 0 0 0 0 0 0 0 0 0 0 0 0 0 0 0 0 0 0 0 0 0 0 0 0 0 0 0 0 0 0 0 0 0 0 0 0 0 0 0 0 0 0 0 0 0 0 0 0 0 0 0 0 0 0 0 0 0 0 0 0 0 0 0 0 0 0 0 0 0 0 0 0 0 0 0 0 0 0 0 0 0 0 0 0 0 0 0 0 0 0 0 0 0 0 0 0 0 0 0 0 0 0 0 0 0 0 0 0 0 0 0 0 0 0 0 0 0 0 0 0 0 0 0 0 0 0 0 0 0 0 0 0 0 0 0 0 0 0 0 0 0 0 0 0 0 0 0 0 0 0 0 0 0 0 0 0 0 0 0 0 0 0 0 0 0 0 0 0 0 0 0 0 0 0 0 0 0 0 0 0 0 0 0 0 0 0 0 0 0
9 9000 | 201 202 203 204 205 206 207 208 209 210 211 212 213 214 215 216 217 218 219 220 221 222 223 224 225 226 227 228 229 230 231 232 233 234 235 236 237 238 239 240 241 242 243 244 245 246 247 248 249 250 251 252 253 254 255 256 257 258 259 260 261 262 263 264 265 266 267 268 269 270 271 272 273 274 275 276 277 278 279 280 281 282 283 284 285 286 287 288 289 290 291 292 293 294 295 296 297 298 299 300 301 302 303 304 305 306 307 308 309 310 311 312 313 314 315 316 317 318 319 320 321 322 323 324 325 326 327 328 329 330 331 332 333 334 335 336 337 338 339 340 341 342 343 344 345 346 347 348 349 350 351 352 353 354 355 356 357 358 359 360 361 362 363 364 365 366 367 368 369 370 371 372 373 374 375 376 377 378 379 380 381 382 383 384 385 386 387 388 389 390 391 392 393 394 395 396 397 398 399 400 401 | 0 0 0 0 0 0 0 0 0 0 0 0 0 0 0 0 0 0 0 0 0 0 0 0 0 0 0 0 0 0 0 0 0 0 0 0 0 0 0 0 0 0 0 0 0 0 0 0 0 0 0 0 0 0 0 0 0 0 0 0 0 0 0 0 0 0 0 0 0 0 0 0 0 0 0 0 0 0 0 0 0 0 0 0 0 0 0 0 0 0 0 0 0 0 0 0 0 0 0 0 0 0 0 0 0 0 0 0 0 0 0 0 0 0 0 0 0 0 0 0 0 0 0 0 0 0 0 0 0 0 0 0 0 0 0 0 0 0 0 0 0 0 0 0 0 0 0 0 0 0 0 0 0 0 0 0 0 0 0 0 0 0 0 0 0 0 0 0 0 0 0 0 0 0 0 0 0 0 0 0 0 0 0 0 0 0 0 0 0 0 0 0 0 0 0 0 0 0 0 0 0 0 0 0 0 0 0 0 0 0 0 0 0 0 0 0 0 0 0 0 0 0 0 0 0 0 0 0 0 0 0 0 0 0 0 0 0 0 0 0 0 0 0 0 0 0 0 0 0 0 0 0 0 0 0 0 0 0 0 0 0 0 0 0 0 0 0 0 0 0 0 0 0 0 0 0 0 0 0 0 0 0 0 0 0 0 0 0 0 0 0 0 0 0 0 0 0 0 0 0 0 0 0 0 0 0 0 0 0 0 0 0 0 0 0 0 0 0 0 0 0 0 0 0 0 0 0 0 0 0 0 0 0 0 0 0 0 0 0 0 0 0 0 0 0 0 0 0 0 0 0 0 0 0 0 0 0 0 0 0 0 0 0 0 0 0 0 0 0 0 0 0 0 0 0 0 0 0 0 0 0 0 0 0 0 0 0 0 0 0 0 0 0 0 0 0 0 0 0 0 0 0
10 10000 | 0 1 2 3 4 5 6 7 8 9 10 11 12 13 14 15 16 17 18 19 20 21 22 23 24 25 26 27 28 29 30 31 32 33 34 35 36 37 38 39 40 41 42 43 44 45 46 47 48 49 50 51 52 53 54 55 56 57 58 59 60 61 62 63 64 65 66 67 68 69 70 71 72 73 74 75 76 77 78 79 80 81 82 83 84 85 86 87 88 89 90 91 92 93 94 95 96 97 98 99 100 101 102 103 104 105 106 107 108 109 110 111 112 113 114 115 116 117 118 119 120 121 122 123 124 125 126 127 128 129 130 131 132 133 134 135 136 137 138 139 140 141 142 143 144 145 146 147 148 149 150 151 152 153 154 155 156 157 158 159 160 161 162 163 164 165 166 167 168 169 170 171 172 173 174 175 176 177 178 179 180 181 182 183 184 185 186 187 188 189 190 191 192 193 194 195 196 197 198 199 200 | 0 0 0 0 0 0 0 0 0 0 0 0 0 0 0 0 0 0 0 0 0 0 0 0 0 0 0 0 0 0 0 0 0 0 0 0 0 0 0 0 0 0 0 0 0 0 0 0 0 0 0 0 0 0 0 0 0 0 0 0 0 0 0 0 0 0 0 0 0 0 0 0 0 0 0 0 0 0 0 0 0 0 0 0 0 0 0 0 0 0 0 0 0 0 0 0 0 0 0 0 0 0 0 0 0 0 0 0 0 0 0 0 0 0 0 0 0 0 0 0 0 0 0 0 0 0 0 0 0 0 0 0 0 0 0 0 0 0 0 0 0 0 0 0 0 0 0 0 0 0 0 0 0 0 0 0 0 0 0 0 0 0 0 0 0 0 0 0 0 0 0 0 0 0 0 0 0 0 0 0 0 0 0 0 0 0 0 0 0 0 0 0 0 0 0 0 0 0 0 0 0 0 0 0 0 0 0 0 0 0 0 0 0 0 0 0 0 0 0 0 0 0 0 0 0 0 0 0 0 0 0 0 0 0 0 0 0 0 0 0 0 0 0 0 0 0 0 0 0 0 0 0 0 0 0 0 0 0 0 0 0 0 0 0 0 0 0 0 0 0 0 0 0 0 0 0 0 0 0 0 0 0 0 0 0 0 0 0 0 0 0 0 0 0 0 0 0 0 0 0 0 0 0 0 0 0 0 0 0 0 0 0 0 0 0 0 0 0 0 0 0 0 0 0 0 0 0 0 0 0 0 0 0 0 0 0 0 0 0 0 0 0 0 0 0 0 0 0 0 0 0 0 0 0 0 0 0 0 0 0 0 0 0 0 0 0 0 0 0 0 0 0 0 0 0 0 0 0 0 0 0 0 0 0 0 0 0 0 0 0 0 0 0 0 0 0 0 0 0 0 0 0
11 11000 | 201 202 203 204 205 206 207 208 209 210 211 212 213 214 215 216 217 218 219 220 221 222 223 224 225 226 227 228 229 230 231 232 233 234 235 236 237 238 239 240 241 242 243 244 245 246 247 248 249 250 251 252 253 254 255 256 257 258 259 260 261 262 263 264 265 266 267 268 269 270 271 272 273 274 275 276 277 278 279 280 281 282 283 284 285 286 287 288 289 290 291 292 293 294 295 296 297 298 299 300 301 302 303 304 305 306 307 308 309 310 311 312 313 314 315 316 317 318 319 320 321 322 323 324 325 326 327 328 329 330 331 332 333 334 335 336 337 338 339 340 341 342 343 344 345 346 347 348 349 350 351 352 353 354 355 356 357 358 359 360 361 362 363 364 365 366 367 368 369 370 371 372 373 374 375 376 377 378 379 380 381 382 383 384 385 386 387 388 389 390 391 392 393 394 395 396 397 398 399 400 401 | 0 0 0 0 0 0 0 0 0 0 0 0 0 0 0 0 0 0 0 0 0 0 0 0 0 0 0 0 0 0 0 0 0 0 0 0 0 0 0 0 0 0 0 0 0 0 0 0 0 0 0 0 0 0 0 0 0 0 0 0 0 0 0 0 0 0 0 0 0 0 0 0 0 0 0 0 0 0 0 0 0 0 0 0 0 0 0 0 0 0 0 0 0 0 0 0 0 0 0 0 0 0 0 0 0 0 0 0 0 0 0 0 0 0 0 0 0 0 0 0 0 0 0 0 0 0 0 0 0 0 0 0 0 0 0 0 0 0 0 0 0 0 0 0 0 0 0 0 0 0 0 0 0 0 0 0 0 0 0 0 0 0 0 0 0 0 0 0 0 0 0 0 0 0 0 0 0 0 0 0 0 0 0 0 0 0 0 0 0 0 0 0 0 0 0 0 0 0 0 0 0 0 0 0 0 0 0 0 0 0 0 0 0 0 0 0 0 0 0 0 0 0 0 0 0 0 0 0 0 0 0 0 0 0 0 0 0 0 0 0 0 0 0 0 0 0 0 0 0 0 0 0 0 0 0 0 0 0 0 0 0 0 0 0 0 0 0 0 0 0 0 0 0 0 0 0 0 0 0 0 0 0 0 0 0 0 0 0 0 0 0 0 0 0 0 0 0 0 0 0 0 0 0 0 0 0 0 0 0 0 0 0 0 0 0 0 0 0 0 0 0 0 0 0 0 0 0 0 0 0 0 0 0 0 0 0 0 0 0 0 0 0 0 0 0 0 0 0 0 0 0 0 0 0 0 0 0 0 0 0 0 0 0 0 0 0 0 0 0 0 0 0 0 0 0 0 0 0 0 0 0 0 0 0 0 0 0 0 0 0 0 0 0 0 0 0 0 0 0 0 0 0
12 12000 | 0 1 2 3 4 5 6 7 8 9 10 11 12 13 14 15 16 17 18 19 20 21 22 23 24 25 26 27 28 29 30 31 32 33 34 35 36 37 38 39 40 41 42 43 44 45 46 47 48 49 50 51 52 53 54 55 56 57 58 59 60 61 62 63 64 65 66 67 68 69 70 71 72 73 74 75 76 77 78 79 80 81 82 83 84 85 86 87 88 89 90 91 92 93 94 95 96 97 98 99 100 101 102 103 104 105 106 107 108 109 110 111 112 113 114 115 116 117 118 119 120 121 122 123 124 125 126 127 128 129 130 131 132 133 134 135 136 137 138 139 140 141 142 143 144 145 146 147 148 149 150 151 152 153 154 155 156 157 158 159 160 161 162 163 164 165 166 167 168 169 170 171 172 173 174 175 176 177 178 179 180 181 182 183 184 185 186 187 188 189 190 191 192 193 194 195 196 197 198 199 200 | 0 0 0 0 0 0 0 0 0 0 0 0 0 0 0 0 0 0 0 0 0 0 0 0 0 0 0 0 0 0 0 0 0 0 0 0 0 0 0 0 0 0 0 0 0 0 0 0 0 0 0 0 0 0 0 0 0 0 0 0 0 0 0 0 0 0 0 0 0 0 0 0 0 0 0 0 0 0 0 0 0 0 0 0 0 0 0 0 0 0 0 0 0 0 0 0 0 0 0 0 0 0 0 0 0 0 0 0 0 0 0 0 0 0 0 0 0 0 0 0 0 0 0 0 0 0 0 0 0 0 0 0 0 0 0 0 0 0 0 0 0 0 0 0 0 0 0 0 0 0 0 0 0 0 0 0 0 0 0 0 0 0 0 0 0 0 0 0 0 0 0 0 0 0 0 0 0 0 0 0 0 0 0 0 0 0 0 0 0 0 0 0 0 0 0 0 0 0 0 0 0 0 0 0 0 0 0 0 0 0 0 0 0 0 0 0 0 0 0 0 0 0 0 0 0 0 0 0 0 0 0 0 0 0 0 0 0 0 0 0 0 0 0 0 0 0 0 0 0 0 0 0 0 0 0 0 0 0 0 0 0 0 0 0 0 0 0 0 0 0 0 0 0 0 0 0 0 0 0 0 0 0 0 0 0 0 0 0 0 0 0 0 0 0 0 0 0 0 0 0 0 0 0 0 0 0 0 0 0 0 0 0 0 0 0 0 0 0 0 0 0 0 0 0 0 0 0 0 0 0 0 0 0 0 0 0 0 0 0 0 0 0 0 0 0 0 0 0 0 0 0 0 0 0 0 0 0 0 0 0 0 0 0 0 0 0 0 0 0 0 0 0 0 0 0 0 0 0 0 0 0 0 0 0 0 0 0 0 0 0 0 0 0 0 0 0 0 0 0 0 0 0
13 13000 | 201 202 203 204 205 206 207 208 209 210 211 212 213 214 215 216 217 218 219 220 221 222 223 224 225 226 227 228 229 230 231 232 233 234 235 236 237 238 239 240 241 242 243 244 245 246 247 248 249 250 251 252 253 254 255 256 257 258 259 260 261 262 263 264 265 266 267 268 269 270 271 272 273 274 275 276 277 278 279 280 281 282 283 284 285 286 287 288 289 290 291 292 293 294 295 296 297 298 299 300 301 302 303 304 305 306 307 308 309 310 311 312 313 314 315 316 317 318 319 320 321 322 323 324 325 326 327 328 329 330 331 332 333 334 335 336 337 338 339 340 341 342 343 344 345 346 347 348 349 350 351 352 353 354 355 356 357 358 359 360 361 362 363 364 365 366 367 368 369 370 371 372 373 374 375 376 377 378 379 380 381 382 383 384 385 386 387 388 389 390 391 392 393 394 395 396 397 398 399 400 401 | 0 0 0 0 0 0 0 0 0 0 0 0 0 0 0 0 0 0 0 0 0 0 0 0 0 0 0 0 0 0 0 0 0 0 0 0 0 0 0 0 0 0 0 0 0 0 0 0 0 0 0 0 0 0 0 0 0 0 0 0 0 0 0 0 0 0 0 0 0 0 0 0 0 0 0 0 0 0 0 0 0 0 0 0 0 0 0 0 0 0 0 0 0 0 0 0 0 0 0 0 0 0 0 0 0 0 0 0 0 0 0 0 0 0 0 0 0 0 0 0 0 0 0 0 0 0 0 0 0 0 0 0 0 0 0 0 0 0 0 0 0 0 0 0 0 0 0 0 0 0 0 0 0 0 0 0 0 0 0 0 0 0 0 0 0 0 0 0 0 0 0 0 0 0 0 0 0 0 0 0 0 0 0 0 0 0 0 0 0 0 0 0 0 0 0 0 0 0 0 0 0 0 0 0 0 0 0 0 0 0 0 0 0 0 0 0 0 0 0 0 0 0 0 0 0 0 0 0 0 0 0 0 0 0 0 0 0 0 0 0 0 0 0 0 0 0 0 0 0 0 0 0 0 0 0 0 0 0 0 0 0 0 0 0 0 0 0 0 0 0 0 0 0 0 0 0 0 0 0 0 0 0 0 0 0 0 0 0 0 0 0 0 0 0 0 0 0 0 0 0 0 0 0 0 0 0 0 0 0 0 0 0 0 0 0 0 0 0 0 0 0 0 0 0 0 0 0 0 0 0 0 0 0 0 0 0 0 0 0 0 0 0 0 0 0 0 0 0 0 0 0 0 0 0 0 0 0 0 0 0 0 0 0 0 0 0 0 0 0 0 0 0 0 0 0 0 0 0 0 0 0 0 0 0 0 0 0 0 0 0 0 0 0 0 0 0 0 0 0 0 0 0
14 14000 | 0 1 2 3 4 5 6 7 8 9 10 11 12 13 14 15 16 17 18 19 20 21 22 23 24 25 26 27 28 29 30 31 32 33 34 35 36 37 38 39 40 41 42 43 44 45 46 47 48 49 50 51 52 53 54 55 56 57 58 59 60 61 62 63 64 65 66 67 68 69 70 71 72 73 74 75 76 77 78 79 80 81 82 83 84 85 86 87 88 89 90 91 92 93 94 95 96 97 98 99 100 101 102 103 104 105 106 107 108 109 110 111 112 113 114 115 116 117 118 119 120 121 122 123 124 125 126 127 128 129 130 131 132 133 134 135 136 137 138 139 140 141 142 143 144 145 146 147 148 149 150 151 152 153 154 155 156 157 158 159 160 161 162 163 164 165 166 167 168 169 170 171 172 173 174 175 176 177 178 179 180 181 182 183 184 185 186 187 188 189 190 191 192 193 194 195 196 197 198 199 200 | 0 0 0 0 0 0 0 0 0 0 0 0 0 0 0 0 0 0 0 0 0 0 0 0 0 0 0 0 0 0 0 0 0 0 0 0 0 0 0 0 0 0 0 0 0 0 0 0 0 0 0 0 0 0 0 0 0 0 0 0 0 0 0 0 0 0 0 0 0 0 0 0 0 0 0 0 0 0 0 0 0 0 0 0 0 0 0 0 0 0 0 0 0 0 0 0 0 0 0 0 0 0 0 0 0 0 0 0 0 0 0 0 0 0 0 0 0 0 0 0 0 0 0 0 0 0 0 0 0 0 0 0 0 0 0 0 0 0 0 0 0 0 0 0 0 0 0 0 0 0 0 0 0 0 0 0 0 0 0 0 0 0 0 0 0 0 0 0 0 0 0 0 0 0 0 0 0 0 0 0 0 0 0 0 0 0 0 0 0 0 0 0 0 0 0 0 0 0 0 0 0 0 0 0 0 0 0 0 0 0 0 0 0 0 0 0 0 0 0 0 0 0 0 0 0 0 0 0 0 0 0 0 0 0 0 0 0 0 0 0 0 0 0 0 0 0 0 0 0 0 0 0 0 0 0 0 0 0 0 0 0 0 0 0 0 0 0 0 0 0 0 0 0 0 0 0 0 0 0 0 0 0 0 0 0 0 0 0 0 0 0 0 0 0 0 0 0 0 0 0 0 0 0 0 0 0 0 0 0 0 0 0 0 0 0 0 0 0 0 0 0 0 0 0 0 0 0 0 0 0 0 0 0 0 0 0 0 0 0 0 0 0 0 0 0 0 0 0 0 0 0 0 0 0 0 0 0 0 0 0 0 0 0 0 0 0 0 0 0 0 0 0 0 0 0 0 0 0 0 0 0 0 0 0 0 0 0 0 0 0 0 0 0 0 0 0 0 0 0 0 0 0
15 15000 | 201 202 203 204 205 206 207 208 209 210 211 212 213 214 215 216 217 218 219 220 221 222 223 224 225 226 227 228 229 230 231 232 233 234 235 236 237 238 239 240 241 242 243 244 245 246 247 248 249 250 251 252 253 254 255 256 257 258 259 260 261 262 263 264 265 266 267 268 269 270 271 272 273 274 275 276 277 278 279 280 281 282 283 284 285 286 287 288 289 290 291 292 293 294 295 296 297 298 299 300 301 302 303 304 305 306 307 308 309 310 311 312 313 314 315 316 317 318 319 320 321 322 323 324 325 326 327 328 329 330 331 332 333 334 335 336 337 338 339 340 341 342 343 344 345 346 347 348 349 350 351 352 353 354 355 356 357 358 359 360 361 362 363 364 365 366 367 368 369 370 371 372 373 374 375 376 377 378 379 380 381 382 383 384 385 386 387 388 389 390 391 392 393 394 395 396 397 398 399 400 401 | 0 0 0 0 0 0 0 0 0 0 0 0 0 0 0 0 0 0 0 0 0 0 0 0 0 0 0 0 0 0 0 0 0 0 0 0 0 0 0 0 0 0 0 0 0 0 0 0 0 0 0 0 0 0 0 0 0 0 0 0 0 0 0 0 0 0 0 0 0 0 0 0 0 0 0 0 0 0 0 0 0 0 0 0 0 0 0 0 0 0 0 0 0 0 0 0 0 0 0 0 0 0 0 0 0 0 0 0 0 0 0 0 0 0 0 0 0 0 0 0 0 0 0 0 0 0 0 0 0 0 0 0 0 0 0 0 0 0 0 0 0 0 0 0 0 0 0 0 0 0 0 0 0 0 0 0 0 0 0 0 0 0 0 0 0 0 0 0 0 0 0 0 0 0 0 0 0 0 0 0 0 0 0 0 0 0 0 0 0 0 0 0 0 0 0 0 0 0 0 0 0 0 0 0 0 0 0 0 0 0 0 0 0 0 0 0 0 0 0 0 0 0 0 0 0 0 0 0 0 0 0 0 0 0 0 0 0 0 0 0 0 0 0 0 0 0 0 0 0 0 0 0 0 0 0 0 0 0 0 0 0 0 0 0 0 0 0 0 0 0 0 0 0 0 0 0 0 0 0 0 0 0 0 0 0 0 0 0 0 0 0 0 0 0 0 0 0 0 0 0 0 0 0 0 0 0 0 0 0 0 0 0 0 0 0 0 0 0 0 0 0 0 0 0 0 0 0 0 0 0 0 0 0 0 0 0 0 0 0 0 0 0 0 0 0 0 0 0 0 0 0 0 0 0 0 0 0 0 0 0 0 0 0 0 0 0 0 0 0 0 0 0 0 0 0 0 0 0 0 0 0 0 0 0 0 0 0 0 0 0 0 0 0 0 0 0 0 0 0 0 0 0
16 16000 | 0 1 2 3 4 5 6 7 8 9 10 11 12 13 14 15 16 17 18 19 20 21 22 23 24 25 26 27 28 29 30 31 32 33 34 35 36 37 38 39 40 41 42 43 44 45 46 47 48 49 50 51 52 53 54 55 56 57 58 59 60 61 62 63 64 65 66 67 68 69 70 71 72 73 74 75 76 77 78 79 80 81 82 83 84 85 86 87 88 89 90 91 92 93 94 95 96 97 98 99 100 101 102 103 104 105 106 107 108 109 110 111 112 113 114 115 116 117 118 119 120 121 122 123 124 125 126 127 128 129 130 131 132 133 134 135 136 137 138 139 140 141 142 143 144 145 146 147 148 149 150 151 152 153 154 155 156 157 158 159 160 161 162 163 164 165 166 167 168 169 170 171 172 173 174 175 176 177 178 179 180 181 182 183 184 185 186 187 188 189 190 191 192 193 194 195 196 197 198 199 200 | 0 0 0 0 0 0 0 0 0 0 0 0 0 0 0 0 0 0 0 0 0 0 0 0 0 0 0 0 0 0 0 0 0 0 0 0 0 0 0 0 0 0 0 0 0 0 0 0 0 0 0 0 0 0 0 0 0 0 0 0 0 0 0 0 0 0 0 0 0 0 0 0 0 0 0 0 0 0 0 0 0 0 0 0 0 0 0 0 0 0 0 0 0 0 0 0 0 0 0 0 0 0 0 0 0 0 0 0 0 0 0 0 0 0 0 0 0 0 0 0 0 0 0 0 0 0 0 0 0 0 0 0 0 0 0 0 0 0 0 0 0 0 0 0 0 0 0 0 0 0 0 0 0 0 0 0 0 0 0 0 0 0 0 0 0 0 0 0 0 0 0 0 0 0 0 0 0 0 0 0 0 0 0 0 0 0 0 0 0 0 0 0 0 0 0 0 0 0 0 0 0 0 0 0 0 0 0 0 0 0 0 0 0 0 0 0 0 0 0 0 0 0 0 0 0 0 0 0 0 0 0 0 0 0 0 0 0 0 0 0 0 0 0 0 0 0 0 0 0 0 0 0 0 0 0 0 0 0 0 0 0 0 0 0 0 0 0 0 0 0 0 0 0 0 0 0 0 0 0 0 0 0 0 0 0 0 0 0 0 0 0 0 0 0 0 0 0 0 0 0 0 0 0 0 0 0 0 0 0 0 0 0 0 0 0 0 0 0 0 0 0 0 0 0 0 0 0 0 0 0 0 0 0 0 0 0 0 0 0 0 0 0 0 0 0 0 0 0 0 0 0 0 0 0 0 0 0 0 0 0 0 0 0 0 0 0 0 0 0 0 0 0 0 0 0 0 0 0 0 0 0 0 0 0 0 0 0 0 0 0 0 0 0 0 0 0 0 0 0 0 0 0
17 17000 | 201 202 203 204 205 206 207 208 209 210 211 212 213 214 215 216 217 218 219 220 221 222 223 224 225 226 227 228 229 230 231 232 233 234 235 236 237 238 239 240 241 242 243 244 245 246 247 248 249 250 251 252 253 254 255 256 257 258 259 260 261 262 263 264 265 266 267 268 269 270 271 272 273 274 275 276 277 278 279 280 281 282 283 284 285 286 287 288 289 290 291 292 293 294 295 296 297 298 299 300 301 302 303 304 305 306 307 308 309 310 311 312 313 314 315 316 317 318 319 320 321 322 323 324 325 326 327 328 329 330 331 332 333 334 335 336 337 338 339 340 341 342 343 344 345 346 347 348 349 350 351 352 353 354 355 356 357 358 359 360 361 362 363 364 365 366 367 368 369 370 371 372 373 374 375 376 377 378 379 380 381 382 383 384 385 386 387 388 389 390 391 392 393 394 395 396 397 398 399 400 401 | 0 0 0 0 0 0 0 0 0 0 0 0 0 0 0 0 0 0 0 0 0 0 0 0 0 0 0 0 0 0 0 0 0 0 0 0 0 0 0 0 0 0 0 0 0 0 0 0 0 0 0 0 0 0 0 0 0 0 0 0 0 0 0 0 0 0 0 0 0 0 0 0 0 0 0 0 0 0 0 0 0 0 0 0 0 0 0 0 0 0 0 0 0 0 0 0 0 0 0 0 0 0 0 0 0 0 0 0 0 0 0 0 0 0 0 0 0 0 0 0 0 0 0 0 0 0 0 0 0 0 0 0 0 0 0 0 0 0 0 0 0 0 0 0 0 0 0 0 0 0 0 0 0 0 0 0 0 0 0 0 0 0 0 0 0 0 0 0 0 0 0 0 0 0 0 0 0 0 0 0 0 0 0 0 0 0 0 0 0 0 0 0 0 0 0 0 0 0 0 0 0 0 0 0 0 0 0 0 0 0 0 0 0 0 0 0 0 0 0 0 0 0 0 0 0 0 0 0 0 0 0 0 0 0 0 0 0 0 0 0 0 0 0 0 0 0 0 0 0 0 0 0 0 0 0 0 0 0 0 0 0 0 0 0 0 0 0 0 0 0 0 0 0 0 0 0 0 0 0 0 0 0 0 0 0 0 0 0 0 0 0 0 0 0 0 0 0 0 0 0 0 0 0 0 0 0 0 0 0 0 0 0 0 0 0 0 0 0 0 0 0 0 0 0 0 0 0 0 0 0 0 0 0 0 0 0 0 0 0 0 0 0 0 0 0 0 0 0 0 0 0 0 0 0 0 0 0 0 0 0 0 0 0 0 0 0 0 0 0 0 0 0 0 0 0 0 0 0 0 0 0 0 0 0 0 0 0 0 0 0 0 0 0 0 0 0 0 0 0 0 0 0
18 18000 | 0 1 2 3 4 5 6 7 8 9 10 11 12 13 14 15 16 17 18 19 20 21 22 23 24 25 26 27 28 29 30 31 32 33 34 35 36 37 38 39 40 41 42 43 44 45 46 47 48 49 50 51 52 53 54 55 56 57 58 59 60 61 62 63 64 65 66 67 68 69 70 71 72 73 74 75 76 77 78 79 80 81 82 83 84 85 86 87 88 89 90 91 92 93 94 95 96 97 98 99 100 101 102 103 104 105 106 107 108 109 110 111 112 113 114 115 116 117 118 119 120 121 122 123 124 125 126 127 128 129 130 131 132 133 134 135 136 137 138 139 140 141 142 143 144 145 146 147 148 149 150 151 152 153 154 155 156 157 158 159 160 161 162 163 164 165 166 167 168 169 170 171 172 173 174 175 176 177 178 179 180 181 182 183 184 185 186 187 188 189 190 191 192 193 194 195 196 197 198 199 200 | 0 0 0 0 0 0 0 0 0 0 0 0 0 0 0 0 0 0 0 0 0 0 0 0 0 0 0 0 0 0 0 0 0 0 0 0 0 0 0 0 0 0 0 0 0 0 0 0 0 0 0 0 0 0 0 0 0 0 0 0 0 0 0 0 0 0 0 0 0 0 0 0 0 0 0 0 0 0 0 0 0 0 0 0 0 0 0 0 0 0 0 0 0 0 0 0 0 0 0 0 0 0 0 0 0 0 0 0 0 0 0 0 0 0 0 0 0 0 0 0 0 0 0 0 0 0 0 0 0 0 0 0 0 0 0 0 0 0 0 0 0 0 0 0 0 0 0 0 0 0 0 0 0 0 0 0 0 0 0 0 0 0 0 0 0 0 0 0 0 0 0 0 0 0 0 0 0 0 0 0 0 0 0 0 0 0 0 0 0 0 0 0 0 0 0 0 0 0 0 0 0 0 0 0 0 0 0 0 0 0 0 0 0 0 0 0 0 0 0 0 0 0 0 0 0 0 0 0 0 0 0 0 0 0 0 0 0 0 0 0 0 0 0 0 0 0 0 0 0 0 0 0 0 0 0 0 0 0 0 0 0 0 0 0 0 0 0 0 0 0 0 0 0 0 0 0 0 0 0 0 0 0 0 0 0 0 0 0 0 0 0 0 0 0 0 0 0 0 0 0 0 0 0 0 0 0 0 0 0 0 0 0 0 0 0 0 0 0 0 0 0 0 0 0 0 0 0 0 0 0 0 0 0 0 0 0 0 0 0 0 0 0 0 0 0 0 0 0 0 0 0 0 0 0 0 0 0 0 0 0 0 0 0 0 0 0 0 0 0 0 0 0 0 0 0 0 0 0 0 0 0 0 0 0 0 0 0 0 0 0 0 0 0 0 0 0 0 0 0 0 0 0
19 19000 | 201 202 203 204 205 206 207 208 209 210 211 212 213 214 215 216 217 218 219 220 221 222 223 224 225 226 227 228 229 230 231 232 233 234 235 236 237 238 239 240 241 242 243 244 245 246 247 248 249 250 251 252 253 254 255 256 257 258 259 260 261 262 263 264 265 266 267 268 269 270 271 272 273 274 275 276 277 278 279 280 281 282 283 284 285 286 287 288 289 290 291 292 293 294 295 296 297 298 299 300 301 302 303 304 305 306 307 308 309 310 311 312 313 314 315 316 317 318 319 320 321 322 323 324 325 326 327 328 329 330 331 332 333 334 335 336 337 338 339 340 341 342 343 344 345 346 347 348 349 350 351 352 353 354 355 356 357 358 359 360 361 362 363 364 365 366 367 368 369 370 371 372 373 374 375 376 377 378 379 380 381 382 383 384 385 386 387 388 389 390 391 392 393 394 395 396 397 398 399 400 401 | 0 0 0 0 0 0 0 0 0 0 0 0 0 0 0 0 0 0 0 0 0 0 0 0 0 0 0 0 0 0 0 0 0 0 0 0 0 0 0 0 0 0 0 0 0 0 0 0 0 0 0 0 0 0 0 0 0 0 0 0 0 0 0 0 0 0 0 0 0 0 0 0 0 0 0 0 0 0 0 0 0 0 0 0 0 0 0 0 0 0 0 0 0 0 0 0 0 0 0 0 0 0 0 0 0 0 0 0 0 0 0 0 0 0 0 0 0 0 0 0 0 0 0 0 0 0 0 0 0 0 0 0 0 0 0 0 0 0 0 0 0 0 0 0 0 0 0 0 0 0 0 0 0 0 0 0 0 0 0 0 0 0 0 0 0 0 0 0 0 0 0 0 0 0 0 0 0 0 0 0 0 0 0 0 0 0 0 0 0 0 0 0 0 0 0 0 0 0 0 0 0 0 0 0 0 0 0 0 0 0 0 0 0 0 0 0 0 0 0 0 0 0 0 0 0 0 0 0 0 0 0 0 0 0 0 0 0 0 0 0 0 0 0 0 0 0 0 0 0 0 0 0 0 0 0 0 0 0 0 0 0 0 0 0 0 0 0 0 0 0 0 0 0 0 0 0 0 0 0 0 0 0 0 0 0 0 0 0 0 0 0 0 0 0 0 0 0 0 0 0 0 0 0 0 0 0 0 0 0 0 0 0 0 0 0 0 0 0 0 0 0 0 0 0 0 0 0 0 0 0 0 0 0 0 0 0 0 0 0 0 0 0 0 0 0 0 0 0 0 0 0 0 0 0 0 0 0 0 0 0 0 0 0 0 0 0 0 0 0 0 0 0 0 0 0 0 0 0 0 0 0 0 0 0 0 0 0 0 0 0 0 0 0 0 0 0 0 0 0 0 0 0
# neuralos-trace end
stack: 261960 of 316308 bytes high-water after the replays
spike at 54152 us (step 54)
spike at 121420 us (step 121)
spike at 190617 us (step 190)
spike at 257812 us (step 257)
spike at 326037 us (step 325)
spike at 394210 us (step 393)
spike at 462453 us (step 461)
spike at 529634 us (step 528)
spike at 598828 us (step 597)
spike at 667058 us (step 665)
spike at 737256 us (step 735)
spike at 805453 us (step 803)
spike at 873654 us (step 871)
spike at 942852 us (step 940)
spike at 1010044 us (step 1007)
spike at 1078229 us (step 1075)
spike at 1145435 us (step 1142)
spike at 1214636 us (step 1211)
spike at 1283830 us (step 1280)
spike at 1351051 us (step 1347)
spike at 1420390 us (step 1416)
spike at 1487589 us (step 1483)
spike at 1554784 us (step 1550)
spike at 1624031 us (step 1619)
spike at 1693370 us (step 1688)
spike at 1760565 us (step 1755)
spike at 1829740 us (step 1824)
spike at 1898020 us (step 1892)
spike at 1967221 us (step 1961)
spike at 2034423 us (step 2028)
spike at 2102619 us (step 2096)
spike at 2170799 us (step 2164)
spike at 2239079 us (step 2232)
spike at 2306271 us (step 2299)
spike at 2373502 us (step 2366)
spike at 2440775 us (step 2433)
spike at 2510034 us (step 2502)
spike at 2579271 us (step 2571)
spike at 2647465 us (step 2639)
spike at 2715658 us (step 2707)
spike at 2782833 us (step 2774)
spike at 2851092 us (step 2842)
spike at 2919290 us (step 2910)
spike at 2985487 us (step 2976)
spike at 3052664 us (step 3043)
spike at 3118840 us (step 3109)
spike at 3187103 us (step 3177)
spike at 3255299 us (step 3245)
spike at 3323509 us (step 3313)
spike at 3390689 us (step 3380)
spike at 3457877 us (step 3447)
spike at 3524096 us (step 3513)
spike at 3592306 us (step 3581)
spike at 3660655 us (step 3649)
spike at 3726851 us (step 3715)
spike at 3795109 us (step 3783)
spike at 3862309 us (step 3850)
spike at 3929504 us (step 3917)
spike at 3997683 us (step 3985)
spike at 4064885 us (step 4052)
spike at 4134127 us (step 4121)
spike at 4204469 us (step 4191)
spike at 4271667 us (step 4258)
spike at 4340868 us (step 4327)
spike at 4408117 us (step 4394)
spike at 4476316 us (step 4462)
spike at 4546524 us (step 4532)
spike at 4612719 us (step 4598)
spike at 4679927 us (step 4665)
spike at 4749135 us (step 4734)
spike at 4816473 us (step 4801)
spike at 4883666 us (step 4868)
spike at 4949858 us (step 4934)
spike at 5016120 us (step 5000)
spike at 5084301 us (step 5068)
spike at 5152522 us (step 5136)
spike at 5219710 us (step 5203)
spike at 5288910 us (step 5272)
spike at 5356134 us (step 5339)
spike at 5424352 us (step 5407)
spike at 5490538 us (step 5473)
spike at 5558736 us (step 5541)
spike at 5627944 us (step 5610)
spike at 5696142 us (step 5678)
spike at 5765384 us (step 5747)
spike at 5834567 us (step 5816)
spike at 5902770 us (step 5884)
spike at 5970973 us (step 5952)
spike at 6038169 us (step 6019)
spike at 6105340 us (step 6086)
spike at 6174676 us (step 6155)
spike at 6241876 us (step 6222)
spike at 6309146 us (step 6289)
spike at 6378332 us (step 6358)
spike at 6446532 us (step 6426)
spike at 6515862 us (step 6495)
spike at 6582119 us (step 6561)
spike at 6649308 us (step 6628)
spike at 6716505 us (step 6695)
spike at 6785681 us (step 6764)
spike at 6852857 us (step 6831)
spike at 6920114 us (step 6898)
spike at 6987362 us (step 6965)
spike at 7054572 us (step 7032)
spike at 7123770 us (step 7101)
spike at 7190969 us (step 7168)
spike at 7261170 us (step 7238)
spike at 7329365 us (step 7306)
spike at 7396547 us (step 7373)
spike at 7463747 us (step 7440)
spike at 7530948 us (step 7507)
spike at 7599178 us (step 7575)
spike at 7666374 us (step 7642)
spike at 7734577 us (step 7710)
spike at 7802777 us (step 7778)
spike at 7872168 us (step 7847)
spike at 7941358 us (step 7916)
spike at 8008554 us (step 7983)
spike at 8076738 us (step 8051)
spike at 8144946 us (step 8119)
spike at 8213192 us (step 8187)
spike at 8280386 us (step 8254)
spike at 8347585 us (step 8321)
spike at 8414766 us (step 8388)
spike at 8483965 us (step 8457)
spike at 8553186 us (step 8526)
spike at 8620358 us (step 8593)
spike at 8687537 us (step 8660)
spike at 8754855 us (step 8727)
spike at 8823041 us (step 8795)
spike at 8890228 us (step 8862)
spike at 8958418 us (step 8930)
spike at 9027598 us (step 8999)
spike at 9094772 us (step 9066)
spike at 9161963 us (step 9133)
spike at 9230202 us (step 9201)
spike at 9297383 us (step 9268)
spike at 9367580 us (step 9338)
spike at 9434762 us (step 9405)
spike at 9501963 us (step 9472)
spike at 9571211 us (step 9541)
spike at 9637425 us (step 9607)
spike at 9706616 us (step 9676)
spike at 9775934 us (step 9745)
spike at 9843178 us (step 9812)
spike at 9912366 us (step 9881)
spike at 9980561 us (step 9949)
spike at 10047747 us (step 10016)
spike at 10114966 us (step 10083)
spike at 10183230 us (step 10151)
spike at 10252424 us (step 10220)
spike at 10321664 us (step 10289)
spike at 10389857 us (step 10357)
spike at 10459057 us (step 10426)
spike at 10526251 us (step 10493)
spike at 10594457 us (step 10561)
spike at 10663663 us (step 10630)
spike at 10731861 us (step 10698)
spike at 10799054 us (step 10765)
spike at 10865234 us (step 10831)
spike at 10934435 us (step 10900)
spike at 11003651 us (step 10969)
spike at 11070837 us (step 11036)
spike at 11139037 us (step 11104)
spike at 11207244 us (step 11172)
spike at 11275445 us (step 11240)
spike at 11344649 us (step 11309)
spike at 11411845 us (step 11376)
spike at 11481045 us (step 11445)
spike at 11549253 us (step 11513)
spike at 11617601 us (step 11581)
spike at 11684803 us (step 11648)
spike at 11751029 us (step 11714)
spike at 11818248 us (step 11781)
spike at 11886424 us (step 11849)
spike at 11953608 us (step 11916)
spike at 12022857 us (step 11985)
spike at 12091068 us (step 12053)
spike at 12158252 us (step 12120)
spike at 12227438 us (step 12189)
spike at 12294636 us (step 12256)
spike at 12362833 us (step 12324)
spike at 12430017 us (step 12391)
spike at 12497259 us (step 12458)
spike at 12567440 us (step 12528)
spike at 12633773 us (step 12594)
spike at 12701055 us (step 12661)
spike at 12770265 us (step 12730)
spike at 12837448 us (step 12797)
spike at 12906652 us (step 12866)
spike at 12974849 us (step 12934)
spike at 13043068 us (step 13002)
spike at 13112276 us (step 13071)
spike at 13178486 us (step 13137)
spike at 13246810 us (step 13205)
spike at 13317006 us (step 13275)
spike at 13385279 us (step 13343)
spike at 13454538 us (step 13412)
spike at 13521732 us (step 13479)
spike at 13589937 us (step 13547)
spike at 13658219 us (step 13615)
spike at 13725407 us (step 13682)
spike at 13792600 us (step 13749)
spike at 13862799 us (step 13819)
spike at 13929983 us (step 13886)
spike at 13997240 us (step 13953)
spike at 14066444 us (step 14022)
spike at 14134728 us (step 14090)
spike at 14202921 us (step 14158)
spike at 14271122 us (step 14226)
spike at 14339326 us (step 14294)
spike at 14408527 us (step 14363)
spike at 14474799 us (step 14429)
spike at 14544007 us (step 14498)
spike at 14610265 us (step 14564)
spike at 14677592 us (step 14631)
spike at 14746791 us (step 14700)
spike at 14812974 us (step 14766)
spike at 14880161 us (step 14833)
spike at 14950370 us (step 14903)
spike at 15017566 us (step 14970)
spike at 15085758 us (step 15038)
spike at 15152930 us (step 15105)
spike at 15220121 us (step 15172)
spike at 15290320 us (step 15242)
spike at 15356607 us (step 15308)
spike at 15423943 us (step 15375)
spike at 15493148 us (step 15444)
spike at 15560335 us (step 15511)
spike at 15627524 us (step 15578)
spike at 15695876 us (step 15646)
spike at 15762063 us (step 15712)
spike at 15830324 us (step 15780)
spike at 15899660 us (step 15849)
spike at 15966850 us (step 15916)
spike at 16036051 us (step 15985)
spike at 16103320 us (step 16052)
spike at 16171510 us (step 16120)
spike at 16239723 us (step 16188)
spike at 16305905 us (step 16254)
spike at 16374125 us (step 16322)
spike at 16443333 us (step 16391)
spike at 16510532 us (step 16458)
spike at 16577754 us (step 16525)
spike at 16644938 us (step 16592)
spike at 16712143 us (step 16659)
spike at 16781353 us (step 16728)
spike at 16849544 us (step 16796)
spike at 16917751 us (step 16864)
spike at 16985942 us (step 16932)
spike at 17053124 us (step 16999)
spike at 17122371 us (step 17068)
spike at 17191600 us (step 17137)
spike at 17258802 us (step 17204)
spike at 17329005 us (step 17274)
spike at 17397207 us (step 17342)
spike at 17465418 us (step 17410)
spike at 17531597 us (step 17476)
spike at 17599920 us (step 17544)
spike at 17670108 us (step 17614)
spike at 17739373 us (step 17683)
spike at 17807695 us (step 17751)
spike at 17876887 us (step 17820)
spike at 17944087 us (step 17887)
spike at 18011366 us (step 17954)
spike at 18079562 us (step 18022)
spike at 18147881 us (step 18090)
spike at 18215063 us (step 18157)
spike at 18282318 us (step 18224)
spike at 18349514 us (step 18291)
spike at 18417690 us (step 18359)
spike at 18485025 us (step 18426)
spike at 18552222 us (step 18493)
spike at 18621431 us (step 18562)
spike at 18688639 us (step 18629)
spike at 18756836 us (step 18697)
spike at 18824088 us (step 18764)
spike at 18890339 us (step 18830)
spike at 18959538 us (step 18899)
spike at 19028864 us (step 18968)
spike at 19096055 us (step 19035)
spike at 19163318 us (step 19102)
spike at 19229509 us (step 19168)
spike at 19296722 us (step 19235)
spike at 19365918 us (step 19304)
spike at 19432109 us (step 19370)
spike at 19499353 us (step 19437)
spike at 19567535 us (step 19505)
spike at 19634717 us (step 19572)
spike at 19702925 us (step 19640)
spike at 19772126 us (step 19709)
spike at 19840399 us (step 19777)
spike at 19908599 us (step 19845)
spike at 19976794 us (step 19913)
spike at 20045129 us (step 19981)
spike at 20114403 us (step 20050)
spike at 20180603 us (step 20116)
spike at 20248804 us (step 20184)
spike at 20316007 us (step 20251)
spike at 20383204 us (step 20318)
spike at 20450399 us (step 20385)
spike at 20517582 us (step 20452)
spike at 20584786 us (step 20519)
spike at 20654982 us (step 20589)
spike at 20723167 us (step 20657)
spike at 20792417 us (step 20726)
spike at 20858612 us (step 20792)
spike at 20925805 us (step 20859)
spike at 20993994 us (step 20927)
spike at 21061231 us (step 20994)
spike at 21129421 us (step 21062)
spike at 21196617 us (step 21129)
spike at 21263932 us (step 21196)
spike at 21333123 us (step 21265)
spike at 21400389 us (step 21332)
spike at 21467574 us (step 21399)
spike at 21537779 us (step 21469)
spike at 21604130 us (step 21535)
spike at 21671395 us (step 21602)
spike at 21739593 us (step 21670)
spike at 21805782 us (step 21736)
spike at 21874983 us (step 21805)
spike at 21944187 us (step 21874)
spike at 22012428 us (step 21942)
spike at 22081617 us (step 22011)
spike at 22147809 us (step 22077)
spike at 22214990 us (step 22144)
spike at 22283197 us (step 22212)
spike at 22349440 us (step 22278)
spike at 22416639 us (step 22345)
spike at 22485824 us (step 22414)
spike at 22553021 us (step 22481)
spike at 22621225 us (step 22549)
spike at 22687441 us (step 22615)
spike at 22754622 us (step 22682)
spike at 22822805 us (step 22750)
spike at 22889151 us (step 22816)
spike at 22956438 us (step 22883)
spike at 23025634 us (step 22952)
spike at 23092825 us (step 23019)
spike at 23162002 us (step 23088)
spike at 23230180 us (step 23156)
spike at 23298423 us (step 23224)
spike at 23366614 us (step 23292)
spike at 23433813 us (step 23359)
spike at 23501164 us (step 23426)
spike at 23571434 us (step 23496)
spike at 23639623 us (step 23564)
spike at 23706811 us (step 23631)
spike at 23773047 us (step 23697)
spike at 23841246 us (step 23765)
spike at 23909470 us (step 23833)
spike at 23976666 us (step 23900)
spike at 24045846 us (step 23969)
spike at 24115097 us (step 24038)
spike at 24183300 us (step 24106)
spike at 24251505 us (step 24174)
spike at 24318704 us (step 24241)
spike at 24387909 us (step 24310)
spike at 24455108 us (step 24377)
spike at 24523326 us (step 24445)
spike at 24592514 us (step 24514)
spike at 24660724 us (step 24582)
spike at 24728045 us (step 24649)
spike at 24796231 us (step 24717)
spike at 24865495 us (step 24786)
spike at 24934689 us (step 24855)
spike at 25004917 us (step 24925)
spike at 25072117 us (step 24992)
spike at 25141320 us (step 25061)
spike at 25210517 us (step 25130)
spike at 25277722 us (step 25197)
spike at 25347919 us (step 25267)
spike at 25416112 us (step 25335)
spike at 25484293 us (step 25403)
spike at 25552503 us (step 25471)
spike at 25620704 us (step 25539)
spike at 25686904 us (step 25605)
spike at 25755118 us (step 25673)
spike at 25824312 us (step 25742)
spike at 25890503 us (step 25808)
spike at 25957682 us (step 25875)
spike at 26024899 us (step 25942)
spike at 26092145 us (step 26009)
spike at 26160333 us (step 26077)
spike at 26229515 us (step 26146)
spike at 26297713 us (step 26214)
spike at 26365913 us (step 26282)
spike at 26432141 us (step 26348)
spike at 26499338 us (step 26415)
spike at 26566517 us (step 26482)
spike at 26633720 us (step 26549)
spike at 26701920 us (step 26617)
spike at 26769177 us (step 26684)
spike at 26837377 us (step 26752)
spike at 26905569 us (step 26820)
spike at 26972753 us (step 26887)
spike at 27040000 us (step 26954)
spike at 27109207 us (step 27023)
spike at 27176479 us (step 27090)
spike at 27243678 us (step 27157)
spike at 27310876 us (step 27224)
spike at 27378052 us (step 27291)
spike at 27446384 us (step 27359)
spike at 27514590 us (step 27427)
spike at 27582921 us (step 27495)
spike at 27652268 us (step 27564)
spike at 27721538 us (step 27633)
spike at 27788734 us (step 27700)
spike at 27856908 us (step 27768)
spike at 27925151 us (step 27836)
spike at 27992492 us (step 27903)
spike at 28060690 us (step 27971)
spike at 28128886 us (step 28039)
spike at 28196075 us (step 28106)
spike at 28265484 us (step 28175)
spike at 28333675 us (step 28243)
spike at 28402877 us (step 28312)
spike at 28472212 us (step 28381)
spike at 28540408 us (step 28449)
