I (100) esp_image: segment 3: paddr=0001314c vaddr=00000000 sizespike at 55162 us (step 55)
spike at 122415 us (step 122)
ESP-ROM:esp32c3-api1-20210207
Build:Feb  7 2021
rst:0x15 (USB_UART_CHIP_RESET),boot:0xd (SPI_FAST_FLASH_BOOT)
Saved PC:0x42012c52
SPIWP:0xee
mode:DIO, clock div:2
load:0x3fcd5820,len:0x15c4
load:0x403cbf10,len:0xc84
load:0x403ce710,len:0x2fd0
entry 0x403cbf1a
I (24) boot: ESP-IDF v5.5.1-838-gd66ebb86d2e 2nd stage bootloader
I (25) boot: compile time Nov 26 2025 12:25:17
I (25) boot: chip revision: v0.4
I (26) boot: efuse block revision: v1.3
I (30) boot.esp32c3: SPI Speed      : 40MHz
I (34) boot.esp32c3: SPI Mode       : DIO
I (37) boot.esp32c3: SPI Flash Size : 4MB
I (41) boot: Enabling RNG early entropy source...
I (46) boot: Partition Table:
I (48) boot: ## Label            Usage          Type ST Offset   Length
I (54) boot:  0 nvs              WiFi data        01 02 00009000 00006000
I (61) boot:  1 phy_init         RF data          01 01 0000f000 00001000
I (67) boot:  2 factory          factory app      00 00 00010000 003f0000
I (74) boot: End of partition table
I (77) esp_image: segment 0: paddr=00010020 vaddr=3c000020 size=0229ch (  8860) map
I (87) esp_image: segment 1: paddr=000122c4 vaddr=3fc80bec size=0028ch (   652) load
I (92) esp_image: segment 2: paddr=00012558 vaddr=40380000 size=00bech (  3052) load
I (100) esp_image: segment 3: paddr=0001314c vaddr=00000000 size=0cecch ( 52940) 
I (118) esp_image: segment 4: paddr=00020020 vaddr=42010020 size=06f8ch ( 28556) map
I (125) boot: Loaded app from partition at offset 0x10000
I (125) boot: Disabling RNG early entropy source...
neuralos-esp32c3: LIF neuron, centi-mV grid, dt=1000 us, input=160 uA
burst free: 10000 steps in 5704 us -> 570 ns/step, 147 spikes, first spike step 55, checksum 0b78b456
burst pinned: 10000 steps in 15595 us -> 1559 ns/step, 147 spikes, first spike step 55, checksum 0b78b456
spike at 55161 us (step 55)
spike at 121423 us (step 121)
spike at 190607 us (step 190)
spike at 257780 us (step 257)
spike at 325963 us (step 325)
spike at 393157 us (step 392)
spike at 460362 us (step 459)
spike at 528570 us (step 527)
spike at 595765 us (step 594)
spike at 662967 us (step 661)
spike at 731269 us (step 729)
spike at 798469 us (step 796)
spike at 865670 us (step 863)
spike at 933949 us (step 931)
spike at 1002151 us (step 999)
spike at 1070346 us (step 1067)
spike at 1138529 us (step 1135)
spike at 1206729 us (step 1203)
spike at 1275957 us (step 1272)
spike at 1344162 us (step 1340)
spike at 1412359 us (step 1408)
spike at 1478557 us (step 1474)
spike at 1545758 us (step 1541)
spike at 1612963 us (step 1608)
spike at 1681164 us (step 1676)
spike at 1749369 us (step 1744)
spike at 1818570 us (step 1813)
spike at 1886765 us (step 1881)
spike at 1954966 us (step 1949)
spike at 2023168 us (step 2017)
spike at 2091367 us (step 2085)
spike at 2160550 us (step 2154)
spike at 2227749 us (step 2221)
spike at 2295978 us (step 2289)
spike at 2364194 us (step 2357)
spike at 2432378 us (step 2425)
spike at 2500585 us (step 2493)
spike at 2567785 us (step 2560)
spike at 2635981 us (step 2628)
spike at 2704184 us (step 2696)
spike at 2771382 us (step 2763)
spike at 2840587 us (step 2832)
spike at 2908794 us (step 2900)
spike at 2976984 us (step 2968)
spike at 3044161 us (step 3035)
spike at 3111371 us (step 3102)
spike at 3180570 us (step 3171)
spike at 3247764 us (step 3238)
spike at 3314996 us (step 3305)
spike at 3383201 us (step 3373)
spike at 3451401 us (step 3441)
spike at 3520596 us (step 3510)
spike at 3588804 us (step 3578)
spike at 3657000 us (step 3646)
spike at 3724198 us (step 3713)
spike at 3792377 us (step 3781)
spike at 3860580 us (step 3849)
spike at 3927785 us (step 3916)
spike at 3995008 us (step 3983)
spike at 4064210 us (step 4052)
spike at 4131416 us (step 4119)
spike at 4199609 us (step 4187)
spike at 4267997 us (step 4255)
spike at 4335188 us (step 4322)
spike at 4403388 us (step 4390)
spike at 4471589 us (step 4458)
spike at 4538791 us (step 4525)
spike at 4608018 us (step 4594)
spike at 4676345 us (step 4662)
spike at 4743541 us (step 4729)
spike at 4811721 us (step 4797)
spike at 4879991 us (step 4865)
spike at 4947169 us (step 4932)
spike at 5015375 us (step 5000)
spike at 5082571 us (step 5067)
spike at 5150967 us (step 5135)
spike at 5219162 us (step 5203)
spike at 5287354 us (step 5271)
spike at 5356559 us (step 5340)
spike at 5423759 us (step 5407)
spike at 5492035 us (step 5475)
spike at 5561287 us (step 5544)
spike at 5629487 us (step 5612)
spike at 5698689 us (step 5681)
spike at 5766896 us (step 5749)
spike at 5835244 us (step 5817)
spike at 5904445 us (step 5886)
spike at 5971644 us (step 5953)
spike at 6039842 us (step 6021)
spike at 6107043 us (step 6088)
spike at 6175227 us (step 6156)
spike at 6242428 us (step 6223)
spike at 6309632 us (step 6290)
spike at 6377832 us (step 6358)
spike at 6448056 us (step 6428)
spike at 6515255 us (step 6495)
spike at 6584462 us (step 6564)
spike at 6651652 us (step 6631)
spike at 6718837 us (step 6698)
spike at 6788054 us (step 6767)
spike at 6855230 us (step 6834)
spike at 6923413 us (step 6902)
spike at 6990610 us (step 6969)
spike at 7058814 us (step 7037)
spike at 7127070 us (step 7105)
spike at 7194267 us (step 7172)
spike at 7261463 us (step 7239)
spike at 7329641 us (step 7307)
spike at 7396819 us (step 7374)
spike at 7466073 us (step 7443)
spike at 7534278 us (step 7511)
spike at 7601487 us (step 7578)
spike at 7670685 us (step 7647)
spike at 7737876 us (step 7714)
spike at 7807082 us (step 7783)
spike at 7874280 us (step 7850)
spike at 7941481 us (step 7917)
spike at 8009688 us (step 7985)
spike at 8077894 us (step 8053)
spike at 8146081 us (step 8121)
spike at 8214261 us (step 8189)
spike at 8283471 us (step 8258)
spike at 8351663 us (step 8326)
spike at 8418859 us (step 8393)
spike at 8487088 us (step 8461)
spike at 8555293 us (step 8529)
spike at 8623499 us (step 8597)
spike at 8692696 us (step 8666)
spike at 8759897 us (step 8733)
spike at 8828098 us (step 8801)
spike at 8896310 us (step 8869)
spike at 8964500 us (step 8937)
spike at 9032857 us (step 9005)
spike at 9100098 us (step 9072)
spike at 9168294 us (step 9140)
spike at 9236478 us (step 9208)
spike at 9303676 us (step 9275)
spike at 9371861 us (step 9343)
spike at 9441111 us (step 9412)
spike at 9508312 us (step 9479)
spike at 9577509 us (step 9548)
spike at 9643706 us (step 9614)
spike at 9710094 us (step 9680)
spike at 9777286 us (step 9747)
spike at 9844471 us (step 9814)
spike at 9912670 us (step 9882)
spike at 9982877 us (step 9952)
spike at 10050120 us (step 10019)
spike at 10119326 us (step 10088)
spike at 10186522 us (step 10155)
spike at 10253720 us (step 10222)
spike at 10321901 us (step 10290)
spike at 10389126 us (step 10357)
spike at 10457332 us (step 10425)
spike at 10525548 us (step 10493)
spike at 10592732 us (step 10560)
spike at 10660943 us (step 10628)
spike at 10728128 us (step 10695)
spike at 10796315 us (step 10763)
spike at 10865523 us (step 10832)
spike at 10932709 us (step 10899)
spike at 11002899 us (step 10969)
spike at 11071142 us (step 11037)
spike at 11139339 us (step 11105)
spike at 11206541 us (step 11172)
spike at 11274743 us (step 11240)
spike at 11343948 us (step 11309)
spike at 11412147 us (step 11377)
spike at 11480352 us (step 11445)
spike at 11548546 us (step 11513)
spike at 11616755 us (step 11581)
spike at 11685952 us (step 11650)
spike at 11754153 us (step 11718)
spike at 11822351 us (step 11786)
spike at 11890557 us (step 11854)
spike at 11958759 us (step 11922)
spike at 12026962 us (step 11990)
spike at 12095162 us (step 12058)
spike at 12162360 us (step 12125)
spike at 12231578 us (step 12194)
spike at 12298775 us (step 12261)
spike at 12368974 us (step 12331)
spike at 12437165 us (step 12399)
spike at 12505362 us (step 12467)
spike at 12573546 us (step 12535)
spike at 12640739 us (step 12602)
spike at 12709924 us (step 12671)
spike at 12777172 us (step 12738)
spike at 12844369 us (step 12805)
spike at 12913569 us (step 12874)
spike at 12980745 us (step 12941)
spike at 13049925 us (step 13010)
spike at 13117183 us (step 13077)
spike at 13185386 us (step 13145)
spike at 13254582 us (step 13214)
spike at 13320778 us (step 13280)
spike at 13388958 us (step 13348)
spike at 13457185 us (step 13416)
spike at 13524389 us (step 13483)
spike at 13593595 us (step 13552)
spike at 13660786 us (step 13619)
spike at 13729992 us (step 13688)
spike at 13798198 us (step 13756)
spike at 13865397 us (step 13823)
spike at 13933595 us (step 13891)
spike at 14000799 us (step 13958)
spike at 14068144 us (step 14025)
spike at 14137354 us (step 14094)
spike at 14204551 us (step 14161)
spike at 14271752 us (step 14228)
spike at 14340952 us (step 14297)
spike at 14409205 us (step 14365)
spike at 14478408 us (step 14434)
spike at 14545601 us (step 14501)
spike at 14613787 us (step 14569)
spike at 14681000 us (step 14636)
spike at 14748211 us (step 14703)
spike at 14816476 us (step 14771)
spike at 14884663 us (step 14839)
spike at 14951868 us (step 14906)
spike at 15021069 us (step 14975)
spike at 15088264 us (step 15042)
spike at 15156465 us (step 15110)
spike at 15224669 us (step 15178)
spike at 15291864 us (step 15245)
spike at 15361055 us (step 15314)
spike at 15428264 us (step 15381)
spike at 15496452 us (step 15449)
spike at 15565662 us (step 15518)
spike at 15632845 us (step 15585)
spike at 15702027 us (step 15654)
spike at 15769225 us (step 15721)
spike at 15838430 us (step 15790)
spike at 15906628 us (step 15858)
spike at 15973830 us (step 15925)
spike at 16043039 us (step 15994)
spike at 16111234 us (step 16062)
spike at 16180435 us (step 16131)
spike at 16248645 us (step 16199)
spike at 16315838 us (step 16266)
spike at 16385047 us (step 16335)
spike at 16453243 us (step 16403)
spike at 16521440 us (step 16471)
spike at 16590646 us (step 16540)
spike at 16658852 us (step 16608)
spike at 16729055 us (step 16678)
spike at 16796247 us (step 16745)
spike at 16865519 us (step 16814)
spike at 16933710 us (step 16882)
spike at 17000922 us (step 16949)
spike at 17071112 us (step 17019)
spike at 17139311 us (step 17087)
spike at 17208507 us (step 17156)
spike at 17275712 us (step 17223)
spike at 17343909 us (step 17291)
spike at 17412114 us (step 17359)
spike at 17479304 us (step 17426)
spike at 17547494 us (step 17494)
spike at 17614687 us (step 17561)
spike at 17682043 us (step 17628)
spike at 17750263 us (step 17696)
spike at 17818464 us (step 17764)
spike at 17886669 us (step 17832)
spike at 17954870 us (step 17900)
spike at 18022064 us (step 17967)
spike at 18089274 us (step 18034)
spike at 18158478 us (step 18103)
spike at 18226675 us (step 18171)
spike at 18295876 us (step 18240)
spike at 18364077 us (step 18308)
spike at 18432281 us (step 18376)
spike at 18500474 us (step 18444)
spike at 18567654 us (step 18511)
spike at 18636859 us (step 18580)
spike at 18704055 us (step 18647)
spike at 18772284 us (step 18715)
spike at 18839486 us (step 18782)
spike at 18906690 us (step 18849)
spike at 18973884 us (step 18916)
spike at 19041096 us (step 18983)
spike at 19109291 us (step 19051)
spike at 19178495 us (step 19120)
spike at 19245696 us (step 19187)
spike at 19313900 us (step 19255)
spike at 19384288 us (step 19325)
spike at 19451467 us (step 19392)
spike at 19519654 us (step 19460)
spike at 19587853 us (step 19528)
spike at 19655050 us (step 19595)
spike at 19724311 us (step 19664)
spike at 19791497 us (step 19731)
spike at 19859682 us (step 19799)
spike at 19928884 us (step 19868)
spike at 19997086 us (step 19936)
spike at 20065315 us (step 20004)
