spike at 44753625 us (step 44534)
ESP-ROM:esp32c3-api1-20210207
Build:Feb  7 2021
rst:0x15 (USB_UART_CHIP_RESET),boot:0xd (SPI_FAST_FLASH_BOOT)
Saved PC:0x42012682
SPIWP:0xee
mode:DIO, clock div:2
load:0x3fcd5820,len:0x15c4
load:0x403cbf10,len:0xc84
load:0x403ce710,len:0x2fd0
entry 0x403cbf1a
I (24) boot: ESP-IDF v5.5.1-838-gd66ebb86d2e 2nd stage bootloader
I (25) boot: compile time Nov 26 2025 12:25:17
I (25) boot: chip revision: v0.4
I (26) boot: efuse block revision: v1.3
I (30) boot.esp32c3: SPI Speed      : 40MHz
I (34) boot.esp32c3: SPI Mode       : DIO
I (37) boot.esp32c3: SPI Flash Size : 4MB
I (41) boot: Enabling RNG early entropy source...
I (46) boot: Partition Table:
I (48) boot: ## Label            Usage          Type ST Offset   Length
I (54) boot:  0 nvs              WiFi data        01 02 00009000 00006000
I (61) boot:  1 phy_init         RF data          01 01 0000f000 00001000
I (67) boot:  2 factory          factory app      00 00 00010000 003f0000
I (74) boot: End of partition table
I (77) esp_image: segment 0: paddr=00010020 vaddr=3c000020 size=02210h (  8720) map
I (87) esp_image: segment 1: paddr=00012238 vaddr=3fc80cf8 size=002ech (   748) load
I (92) esp_image: segment 2: paddr=0001252c vaddr=40380000 size=00cf8h (  3320) load
I (100) esp_image: segment 3: paddr=0001322c vaddr=00000000 size=0cdech ( 52716) 
I (118) esp_image: segment 4: paddr=00020020 vaddr=42010020 size=06c2ch ( 27692) map
I (125) boot: Loaded app from partition at offset 0x10000
I (125) boot: Disabling RNG early entropy source...
neuralos-esp32c3: LIF neuron, centi-mV grid, dt=1000 us, input=160 uA
burst: 10000 steps in 15012 us -> 1501 ns/step, 147 spikes
spike at 56331 us (step 56)
spike at 123717 us (step 123)
spike at 191051 us (step 190)
spike at 259408 us (step 258)
spike at 328773 us (step 327)
spike at 397131 us (step 395)
spike at 464558 us (step 462)
spike at 531910 us (step 529)
spike at 600417 us (step 597)
spike at 669771 us (step 666)
spike at 738120 us (step 734)
spike at 806553 us (step 802)
spike at 873893 us (step 869)
spike at 942246 us (step 937)
spike at 1011645 us (step 1006)
spike at 1080111 us (step 1074)
spike at 1148576 us (step 1142)
spike at 1216924 us (step 1210)
spike at 1286280 us (step 1279)
spike at 1354631 us (step 1347)
spike at 1421979 us (step 1414)
spike at 1489460 us (step 1481)
spike at 1557803 us (step 1549)
spike at 1626178 us (step 1617)
spike at 1694622 us (step 1685)
spike at 1762989 us (step 1753)
spike at 1831404 us (step 1821)
spike at 1899770 us (step 1889)
spike at 1968170 us (step 1957)
spike at 2035587 us (step 2024)
spike at 2103937 us (step 2092)
spike at 2171429 us (step 2159)
spike at 2239773 us (step 2227)
spike at 2309118 us (step 2296)
spike at 2377597 us (step 2364)
spike at 2444948 us (step 2431)
spike at 2512338 us (step 2498)
spike at 2580697 us (step 2566)
spike at 2650049 us (step 2635)
spike at 2718405 us (step 2703)
spike at 2785748 us (step 2770)
spike at 2854100 us (step 2838)
spike at 2923457 us (step 2907)
spike at 2990798 us (step 2974)
spike at 3058149 us (step 3041)
spike at 3126507 us (step 3109)
spike at 3194865 us (step 3177)
spike at 3263216 us (step 3245)
spike at 3330624 us (step 3312)
spike at 3398958 us (step 3380)
spike at 3468317 us (step 3449)
spike at 3536663 us (step 3517)
spike at 3604019 us (step 3584)
spike at 3671601 us (step 3651)
spike at 3739947 us (step 3719)
spike at 3809295 us (step 3788)
spike at 3877677 us (step 3856)
spike at 3945023 us (step 3923)
spike at 4013370 us (step 3991)
spike at 4082734 us (step 4060)
spike at 4151075 us (step 4128)
spike at 4218425 us (step 4195)
spike at 4286779 us (step 4263)
spike at 4355130 us (step 4331)
spike at 4423476 us (step 4399)
spike at 4490830 us (step 4466)
spike at 4559190 us (step 4534)
spike at 4627639 us (step 4602)
spike at 4696015 us (step 4670)
spike at 4764543 us (step 4738)
spike at 4831907 us (step 4805)
spike at 4900268 us (step 4873)
spike at 4968687 us (step 4941)
spike at 5038052 us (step 5010)
spike at 5105417 us (step 5077)
spike at 5173770 us (step 5145)
spike at 5242151 us (step 5213)
spike at 5310527 us (step 5281)
spike at 5377899 us (step 5348)
spike at 5445275 us (step 5415)
spike at 5512701 us (step 5482)
spike at 5581083 us (step 5550)
spike at 5650459 us (step 5619)
spike at 5717835 us (step 5686)
spike at 5786211 us (step 5754)
spike at 5854660 us (step 5822)
spike at 5923034 us (step 5890)
spike at 5992448 us (step 5959)
spike at 6060820 us (step 6027)
spike at 6128181 us (step 6094)
spike at 6196534 us (step 6162)
spike at 6265898 us (step 6231)
spike at 6334267 us (step 6299)
spike at 6401721 us (step 6366)
spike at 6470145 us (step 6434)
spike at 6537704 us (step 6501)
spike at 6606070 us (step 6569)
spike at 6675429 us (step 6638)
spike at 6743798 us (step 6706)
spike at 6812144 us (step 6774)
spike at 6880509 us (step 6842)
spike at 6949886 us (step 6911)
spike at 7018392 us (step 6979)
spike at 7085752 us (step 7046)
spike at 7153100 us (step 7113)
spike at 7221669 us (step 7181)
spike at 7290043 us (step 7249)
spike at 7359413 us (step 7318)
spike at 7426781 us (step 7385)
spike at 7494133 us (step 7452)
spike at 7562549 us (step 7520)
spike at 7630917 us (step 7588)
spike at 7698292 us (step 7655)
spike at 7766746 us (step 7723)
spike at 7834211 us (step 7790)
spike at 7901692 us (step 7857)
spike at 7971068 us (step 7926)
spike at 8040430 us (step 7995)
spike at 8107790 us (step 8062)
spike at 8175216 us (step 8129)
spike at 8242576 us (step 8196)
spike at 8310957 us (step 8264)
spike at 8380328 us (step 8333)
spike at 8447750 us (step 8400)
spike at 8515108 us (step 8467)
spike at 8582476 us (step 8534)
spike at 8651843 us (step 8603)
spike at 8720211 us (step 8671)
spike at 8787586 us (step 8738)
spike at 8855959 us (step 8806)
spike at 8925316 us (step 8875)
spike at 8994773 us (step 8944)
spike at 9063155 us (step 9012)
spike at 9130729 us (step 9079)
spike at 9198097 us (step 9146)
spike at 9266468 us (step 9214)
spike at 9335840 us (step 9283)
spike at 9403195 us (step 9350)
spike at 9470560 us (step 9417)
spike at 9538929 us (step 9485)
spike at 9608303 us (step 9554)
spike at 9677763 us (step 9623)
spike at 9746263 us (step 9691)
spike at 9813747 us (step 9758)
spike at 9882109 us (step 9826)
spike at 9950480 us (step 9894)
spike at 10019831 us (step 9963)
spike at 10088194 us (step 10031)
spike at 10155556 us (step 10098)
spike at 10223913 us (step 10166)
spike at 10292444 us (step 10234)
spike at 10361827 us (step 10303)
spike at 10430195 us (step 10371)
spike at 10497581 us (step 10438)
spike at 10565955 us (step 10506)
spike at 10635326 us (step 10575)
spike at 10703768 us (step 10643)
spike at 10771115 us (step 10710)
spike at 10839474 us (step 10778)
spike at 10907851 us (step 10846)
spike at 10977248 us (step 10915)
spike at 11044606 us (step 10982)
spike at 11111975 us (step 11049)
spike at 11180329 us (step 11117)
spike at 11248771 us (step 11185)
spike at 11318144 us (step 11254)
spike at 11385503 us (step 11321)
spike at 11452860 us (step 11388)
spike at 11521238 us (step 11456)
spike at 11589616 us (step 11524)
spike at 11657985 us (step 11592)
spike at 11725331 us (step 11659)
spike at 11793767 us (step 11727)
spike at 11863147 us (step 11796)
spike at 11931519 us (step 11864)
spike at 11998889 us (step 11931)
spike at 12066239 us (step 11998)
spike at 12134592 us (step 12066)
spike at 12203958 us (step 12135)
spike at 12271324 us (step 12202)
spike at 12338772 us (step 12269)
spike at 12407122 us (step 12337)
spike at 12475480 us (step 12405)
spike at 12542852 us (step 12472)
spike at 12610205 us (step 12539)
spike at 12677583 us (step 12606)
spike at 12745956 us (step 12674)
spike at 12815344 us (step 12743)
spike at 12882803 us (step 12810)
spike at 12950159 us (step 12877)
spike at 13017532 us (step 12944)
spike at 13085898 us (step 13012)
spike at 13154270 us (step 13080)
spike at 13221633 us (step 13147)
spike at 13288982 us (step 13214)
spike at 13357402 us (step 13282)
spike at 13425845 us (step 13350)
spike at 13494213 us (step 13418)
spike at 13561557 us (step 13485)
spike at 13629919 us (step 13553)
spike at 13698295 us (step 13621)
spike at 13766653 us (step 13689)
spike at 13834017 us (step 13756)
spike at 13901378 us (step 13823)
spike at 13969818 us (step 13891)
spike at 14038183 us (step 13959)
spike at 14106558 us (step 14027)
spike at 14173928 us (step 14094)
spike at 14242289 us (step 14162)
spike at 14310657 us (step 14230)
spike at 14380012 us (step 14299)
spike at 14448377 us (step 14367)
spike at 14516814 us (step 14435)
spike at 14585188 us (step 14503)
spike at 14654548 us (step 14572)
spike at 14722917 us (step 14640)
spike at 14790291 us (step 14707)
spike at 14857661 us (step 14774)
spike at 14926020 us (step 14842)
spike at 14995392 us (step 14911)
spike at 15063823 us (step 14979)
spike at 15131185 us (step 15046)
spike at 15199555 us (step 15114)
spike at 15268921 us (step 15183)
spike at 15337284 us (step 15251)
spike at 15405725 us (step 15319)
spike at 15474085 us (step 15387)
spike at 15541452 us (step 15454)
spike at 15610888 us (step 15523)
spike at 15679263 us (step 15591)
spike at 15746630 us (step 15658)
spike at 15813982 us (step 15725)
spike at 15883342 us (step 15794)
spike at 15951724 us (step 15862)
spike at 16019091 us (step 15929)
spike at 16087471 us (step 15997)
spike at 16155892 us (step 16065)
spike at 16225263 us (step 16134)
spike at 16293621 us (step 16202)
spike at 16360997 us (step 16269)
spike at 16429374 us (step 16337)
spike at 16498754 us (step 16406)
spike at 16566117 us (step 16473)
spike at 16634474 us (step 16541)
spike at 16701903 us (step 16608)
spike at 16770274 us (step 16676)
spike at 16838854 us (step 16744)
spike at 16907236 us (step 16812)
spike at 16974600 us (step 16879)
spike at 17041961 us (step 16946)
spike at 17110332 us (step 17014)
spike at 17178687 us (step 17082)
spike at 17247069 us (step 17150)
spike at 17314433 us (step 17217)
spike at 17381859 us (step 17284)
spike at 17450214 us (step 17352)
spike at 17518567 us (step 17420)
spike at 17585935 us (step 17487)
spike at 17653291 us (step 17554)
spike at 17721652 us (step 17622)
spike at 17790024 us (step 17690)
spike at 17858400 us (step 17758)
spike at 17925892 us (step 17825)
spike at 17993252 us (step 17892)
spike at 18060674 us (step 17959)
spike at 18130034 us (step 18028)
spike at 18198407 us (step 18096)
spike at 18266866 us (step 18164)
spike at 18334234 us (step 18231)
spike at 18401770 us (step 18298)
spike at 18470133 us (step 18366)
spike at 18539520 us (step 18435)
spike at 18607938 us (step 18503)
spike at 18676303 us (step 18571)
spike at 18744890 us (step 18639)
spike at 18813262 us (step 18707)
spike at 18882616 us (step 18776)
spike at 18950995 us (step 18844)
spike at 19018369 us (step 18911)
spike at 19086746 us (step 18979)
spike at 19155125 us (step 19047)
spike at 19223503 us (step 19115)
spike at 19290944 us (step 19182)
spike at 19358301 us (step 19249)
spike at 19426678 us (step 19317)
spike at 19495057 us (step 19385)
spike at 19563432 us (step 19453)
spike at 19630796 us (step 19520)
spike at 19698154 us (step 19587)
spike at 19766527 us (step 19655)
spike at 19834961 us (step 19723)
spike at 19903337 us (step 19791)
spike at 19970706 us (step 19858)
spike at 20038059 us (step 19925)
spike at 20106432 us (step 19993)
